Archive member included to satisfy reference by file (symbol)

C:/ST/STM32CubeIDE_1.16.1/STM32CubeIDE/plugins/com.st.stm32cube.ide.mcu.externaltools.gnu-tools-for-stm32.12.3.rel1.win32_1.1.0.202410251130/tools/bin/../lib/gcc/arm-none-eabi/12.3.1/../../../../arm-none-eabi/lib/thumb/v8-m.main+fp/hard\libc_nano.a(libc_a-exit.o)
                              C:/ST/STM32CubeIDE_1.16.1/STM32CubeIDE/plugins/com.st.stm32cube.ide.mcu.externaltools.gnu-tools-for-stm32.12.3.rel1.win32_1.1.0.202410251130/tools/bin/../lib/gcc/arm-none-eabi/12.3.1/../../../../arm-none-eabi/lib/thumb/v8-m.main+fp/hard/crt0.o (exit)
C:/ST/STM32CubeIDE_1.16.1/STM32CubeIDE/plugins/com.st.stm32cube.ide.mcu.externaltools.gnu-tools-for-stm32.12.3.rel1.win32_1.1.0.202410251130/tools/bin/../lib/gcc/arm-none-eabi/12.3.1/../../../../arm-none-eabi/lib/thumb/v8-m.main+fp/hard\libc_nano.a(libc_a-findfp.o)
                              C:/ST/STM32CubeIDE_1.16.1/STM32CubeIDE/plugins/com.st.stm32cube.ide.mcu.externaltools.gnu-tools-for-stm32.12.3.rel1.win32_1.1.0.202410251130/tools/bin/../lib/gcc/arm-none-eabi/12.3.1/../../../../arm-none-eabi/lib/thumb/v8-m.main+fp/hard\libc_nano.a(libc_a-exit.o) (__stdio_exit_handler)
C:/ST/STM32CubeIDE_1.16.1/STM32CubeIDE/plugins/com.st.stm32cube.ide.mcu.externaltools.gnu-tools-for-stm32.12.3.rel1.win32_1.1.0.202410251130/tools/bin/../lib/gcc/arm-none-eabi/12.3.1/../../../../arm-none-eabi/lib/thumb/v8-m.main+fp/hard\libc_nano.a(libc_a-fwalk.o)
                              C:/ST/STM32CubeIDE_1.16.1/STM32CubeIDE/plugins/com.st.stm32cube.ide.mcu.externaltools.gnu-tools-for-stm32.12.3.rel1.win32_1.1.0.202410251130/tools/bin/../lib/gcc/arm-none-eabi/12.3.1/../../../../arm-none-eabi/lib/thumb/v8-m.main+fp/hard\libc_nano.a(libc_a-findfp.o) (_fwalk_sglue)
C:/ST/STM32CubeIDE_1.16.1/STM32CubeIDE/plugins/com.st.stm32cube.ide.mcu.externaltools.gnu-tools-for-stm32.12.3.rel1.win32_1.1.0.202410251130/tools/bin/../lib/gcc/arm-none-eabi/12.3.1/../../../../arm-none-eabi/lib/thumb/v8-m.main+fp/hard\libc_nano.a(libc_a-stdio.o)
                              C:/ST/STM32CubeIDE_1.16.1/STM32CubeIDE/plugins/com.st.stm32cube.ide.mcu.externaltools.gnu-tools-for-stm32.12.3.rel1.win32_1.1.0.202410251130/tools/bin/../lib/gcc/arm-none-eabi/12.3.1/../../../../arm-none-eabi/lib/thumb/v8-m.main+fp/hard\libc_nano.a(libc_a-findfp.o) (__sread)
C:/ST/STM32CubeIDE_1.16.1/STM32CubeIDE/plugins/com.st.stm32cube.ide.mcu.externaltools.gnu-tools-for-stm32.12.3.rel1.win32_1.1.0.202410251130/tools/bin/../lib/gcc/arm-none-eabi/12.3.1/../../../../arm-none-eabi/lib/thumb/v8-m.main+fp/hard\libc_nano.a(libc_a-memset.o)
                              C:/ST/STM32CubeIDE_1.16.1/STM32CubeIDE/plugins/com.st.stm32cube.ide.mcu.externaltools.gnu-tools-for-stm32.12.3.rel1.win32_1.1.0.202410251130/tools/bin/../lib/gcc/arm-none-eabi/12.3.1/../../../../arm-none-eabi/lib/thumb/v8-m.main+fp/hard/crt0.o (memset)
C:/ST/STM32CubeIDE_1.16.1/STM32CubeIDE/plugins/com.st.stm32cube.ide.mcu.externaltools.gnu-tools-for-stm32.12.3.rel1.win32_1.1.0.202410251130/tools/bin/../lib/gcc/arm-none-eabi/12.3.1/../../../../arm-none-eabi/lib/thumb/v8-m.main+fp/hard\libc_nano.a(libc_a-closer.o)
                              C:/ST/STM32CubeIDE_1.16.1/STM32CubeIDE/plugins/com.st.stm32cube.ide.mcu.externaltools.gnu-tools-for-stm32.12.3.rel1.win32_1.1.0.202410251130/tools/bin/../lib/gcc/arm-none-eabi/12.3.1/../../../../arm-none-eabi/lib/thumb/v8-m.main+fp/hard\libc_nano.a(libc_a-stdio.o) (_close_r)
C:/ST/STM32CubeIDE_1.16.1/STM32CubeIDE/plugins/com.st.stm32cube.ide.mcu.externaltools.gnu-tools-for-stm32.12.3.rel1.win32_1.1.0.202410251130/tools/bin/../lib/gcc/arm-none-eabi/12.3.1/../../../../arm-none-eabi/lib/thumb/v8-m.main+fp/hard\libc_nano.a(libc_a-reent.o)
                              C:/ST/STM32CubeIDE_1.16.1/STM32CubeIDE/plugins/com.st.stm32cube.ide.mcu.externaltools.gnu-tools-for-stm32.12.3.rel1.win32_1.1.0.202410251130/tools/bin/../lib/gcc/arm-none-eabi/12.3.1/../../../../arm-none-eabi/lib/thumb/v8-m.main+fp/hard\libc_nano.a(libc_a-closer.o) (errno)
C:/ST/STM32CubeIDE_1.16.1/STM32CubeIDE/plugins/com.st.stm32cube.ide.mcu.externaltools.gnu-tools-for-stm32.12.3.rel1.win32_1.1.0.202410251130/tools/bin/../lib/gcc/arm-none-eabi/12.3.1/../../../../arm-none-eabi/lib/thumb/v8-m.main+fp/hard\libc_nano.a(libc_a-impure.o)
                              C:/ST/STM32CubeIDE_1.16.1/STM32CubeIDE/plugins/com.st.stm32cube.ide.mcu.externaltools.gnu-tools-for-stm32.12.3.rel1.win32_1.1.0.202410251130/tools/bin/../lib/gcc/arm-none-eabi/12.3.1/../../../../arm-none-eabi/lib/thumb/v8-m.main+fp/hard\libc_nano.a(libc_a-reent.o) (_impure_ptr)
C:/ST/STM32CubeIDE_1.16.1/STM32CubeIDE/plugins/com.st.stm32cube.ide.mcu.externaltools.gnu-tools-for-stm32.12.3.rel1.win32_1.1.0.202410251130/tools/bin/../lib/gcc/arm-none-eabi/12.3.1/../../../../arm-none-eabi/lib/thumb/v8-m.main+fp/hard\libc_nano.a(libc_a-lseekr.o)
[...]
Memory Configuration

Name             Origin             Length             Attributes
RAM              0x20000000         0x000c0000         xrw
SRAM4            0x28000000         0x00004000         xrw
FLASH            0x08000000         0x00200000         xr
*default*        0x00000000         0xffffffff

Linker script and memory map

LOAD C:/ST/STM32CubeIDE_1.16.1/STM32CubeIDE/plugins/com.st.stm32cube.ide.mcu.externaltools.gnu-tools-for-stm32.12.3.rel1.win32_1.1.0.202410251130/tools/bin/../lib/gcc/arm-none-eabi/12.3.1/thumb/v8-m.main+fp/hard/crti.o
LOAD C:/ST/STM32CubeIDE_1.16.1/STM32CubeIDE/plugins/com.st.stm32cube.ide.mcu.externaltools.gnu-tools-for-stm32.12.3.rel1.win32_1.1.0.202410251130/tools/bin/../lib/gcc/arm-none-eabi/12.3.1/thumb/v8-m.main+fp/hard/crtbegin.o
LOAD C:/ST/STM32CubeIDE_1.16.1/STM32CubeIDE/plugins/com.st.stm32cube.ide.mcu.externaltools.gnu-tools-for-stm32.12.3.rel1.win32_1.1.0.202410251130/tools/bin/../lib/gcc/arm-none-eabi/12.3.1/../../../../arm-none-eabi/lib/thumb/v8-m.main+fp/hard/crt0.o
LOAD ./Core/Src/main.o
LOAD ./Core/Src/stm32u5xx_hal_msp.o
LOAD ./Core/Src/stm32u5xx_it.o
LOAD ./Core/Src/syscalls.o
LOAD ./Core/Src/sysmem.o
LOAD ./Core/Src/system_stm32u5xx.o
LOAD ./Core/Startup/startup_stm32u575zitx.o
LOAD ./Device/Src/device_monitoring.o
LOAD ./Device/Src/device_registers.o
LOAD ./Device/Src/device_sourcing.o
LOAD ./Device/Src/measurement_routines.o
LOAD ./Device/Src/run_device.o
LOAD ./Device/Src/switch_network.o
LOAD ./Drivers/STM32U5xx_HAL_Driver/Src/stm32u5xx_hal.o
LOAD ./Drivers/STM32U5xx_HAL_Driver/Src/stm32u5xx_hal_cortex.o
LOAD ./Drivers/STM32U5xx_HAL_Driver/Src/stm32u5xx_hal_dma.o
LOAD ./Drivers/STM32U5xx_HAL_Driver/Src/stm32u5xx_hal_dma_ex.o
LOAD ./Drivers/STM32U5xx_HAL_Driver/Src/stm32u5xx_hal_exti.o
LOAD ./Drivers/STM32U5xx_HAL_Driver/Src/stm32u5xx_hal_flash.o
LOAD ./Drivers/STM32U5xx_HAL_Driver/Src/stm32u5xx_hal_flash_ex.o
LOAD ./Drivers/STM32U5xx_HAL_Driver/Src/stm32u5xx_hal_gpio.o
LOAD ./Drivers/STM32U5xx_HAL_Driver/Src/stm32u5xx_hal_gtzc.o
LOAD ./Drivers/STM32U5xx_HAL_Driver/Src/stm32u5xx_hal_i2c.o
LOAD ./Drivers/STM32U5xx_HAL_Driver/Src/stm32u5xx_hal_i2c_ex.o
LOAD ./Drivers/STM32U5xx_HAL_Driver/Src/stm32u5xx_hal_icache.o
LOAD ./Drivers/STM32U5xx_HAL_Driver/Src/stm32u5xx_hal_pcd.o
LOAD ./Drivers/STM32U5xx_HAL_Driver/Src/stm32u5xx_hal_pcd_ex.o
LOAD ./Drivers/STM32U5xx_HAL_Driver/Src/stm32u5xx_hal_pwr.o
LOAD ./Drivers/STM32U5xx_HAL_Driver/Src/stm32u5xx_hal_pwr_ex.o
LOAD ./Drivers/STM32U5xx_HAL_Driver/Src/stm32u5xx_hal_rcc.o
LOAD ./Drivers/STM32U5xx_HAL_Driver/Src/stm32u5xx_hal_rcc_ex.o
LOAD ./Drivers/STM32U5xx_HAL_Driver/Src/stm32u5xx_hal_spi.o
LOAD ./Drivers/STM32U5xx_HAL_Driver/Src/stm32u5xx_hal_spi_ex.o
LOAD ./Drivers/STM32U5xx_HAL_Driver/Src/stm32u5xx_hal_tim.o
LOAD ./Drivers/STM32U5xx_HAL_Driver/Src/stm32u5xx_hal_tim_ex.o
LOAD ./Drivers/STM32U5xx_HAL_Driver/Src/stm32u5xx_ll_usb.o
LOAD ./USB_Device/App/usb_device.o
LOAD ./USB_Device/App/usbd_cdc_if.o
LOAD ./USB_Device/App/usbd_desc.o
LOAD ./USB_Device/Target/usbd_conf.o
LOAD ./USB_Lib/ST/STM32_USB_Device_Library/Class/CDC/Src/usbd_cdc.o
LOAD ./USB_Lib/ST/STM32_USB_Device_Library/Core/Src/usbd_core.o
LOAD ./USB_Lib/ST/STM32_USB_Device_Library/Core/Src/usbd_ctlreq.o
LOAD ./USB_Lib/ST/STM32_USB_Device_Library/Core/Src/usbd_ioreq.o
START GROUP
LOAD C:/ST/STM32CubeIDE_1.16.1/STM32CubeIDE/plugins/com.st.stm32cube.ide.mcu.externaltools.gnu-tools-for-stm32.12.3.rel1.win32_1.1.0.202410251130/tools/bin/../lib/gcc/arm-none-eabi/12.3.1/../../../../arm-none-eabi/lib/thumb/v8-m.main+fp/hard\libc_nano.a
LOAD C:/ST/STM32CubeIDE_1.16.1/STM32CubeIDE/plugins/com.st.stm32cube.ide.mcu.externaltools.gnu-tools-for-stm32.12.3.rel1.win32_1.1.0.202410251130/tools/bin/../lib/gcc/arm-none-eabi/12.3.1/../../../../arm-none-eabi/lib/thumb/v8-m.main+fp/hard\libm.a
END GROUP
START GROUP
LOAD C:/ST/STM32CubeIDE_1.16.1/STM32CubeIDE/plugins/com.st.stm32cube.ide.mcu.externaltools.gnu-tools-for-stm32.12.3.rel1.win32_1.1.0.202410251130/tools/bin/../lib/gcc/arm-none-eabi/12.3.1/thumb/v8-m.main+fp/hard\libgcc.a
LOAD C:/ST/STM32CubeIDE_1.16.1/STM32CubeIDE/plugins/com.st.stm32cube.ide.mcu.externaltools.gnu-tools-for-stm32.12.3.rel1.win32_1.1.0.202410251130/tools/bin/../lib/gcc/arm-none-eabi/12.3.1/../../../../arm-none-eabi/lib/thumb/v8-m.main+fp/hard\libc_nano.a
END GROUP
START GROUP
LOAD C:/ST/STM32CubeIDE_1.16.1/STM32CubeIDE/plugins/com.st.stm32cube.ide.mcu.externaltools.gnu-tools-for-stm32.12.3.rel1.win32_1.1.0.202410251130/tools/bin/../lib/gcc/arm-none-eabi/12.3.1/thumb/v8-m.main+fp/hard\libgcc.a
LOAD C:/ST/STM32CubeIDE_1.16.1/STM32CubeIDE/plugins/com.st.stm32cube.ide.mcu.externaltools.gnu-tools-for-stm32.12.3.rel1.win32_1.1.0.202410251130/tools/bin/../lib/gcc/arm-none-eabi/12.3.1/../../../../arm-none-eabi/lib/thumb/v8-m.main+fp/hard\libc_nano.a
LOAD C:/ST/STM32CubeIDE_1.16.1/STM32CubeIDE/plugins/com.st.stm32cube.ide.mcu.externaltools.gnu-tools-for-stm32.12.3.rel1.win32_1.1.0.202410251130/tools/bin/../lib/gcc/arm-none-eabi/12.3.1/../../../../arm-none-eabi/lib/thumb/v8-m.main+fp/hard\libnosys.a
END GROUP
START GROUP
LOAD C:/ST/STM32CubeIDE_1.16.1/STM32CubeIDE/plugins/com.st.stm32cube.ide.mcu.externaltools.gnu-tools-for-stm32.12.3.rel1.win32_1.1.0.202410251130/tools/bin/../lib/gcc/arm-none-eabi/12.3.1/thumb/v8-m.main+fp/hard\libgcc.a
LOAD C:/ST/STM32CubeIDE_1.16.1/STM32CubeIDE/plugins/com.st.stm32cube.ide.mcu.externaltools.gnu-tools-for-stm32.12.3.rel1.win32_1.1.0.202410251130/tools/bin/../lib/gcc/arm-none-eabi/12.3.1/../../../../arm-none-eabi/lib/thumb/v8-m.main+fp/hard\libc_nano.a
LOAD C:/ST/STM32CubeIDE_1.16.1/STM32CubeIDE/plugins/com.st.stm32cube.ide.mcu.externaltools.gnu-tools-for-stm32.12.3.rel1.win32_1.1.0.202410251130/tools/bin/../lib/gcc/arm-none-eabi/12.3.1/../../../../arm-none-eabi/lib/thumb/v8-m.main+fp/hard\libnosys.a
END GROUP
LOAD C:/ST/STM32CubeIDE_1.16.1/STM32CubeIDE/plugins/com.st.stm32cube.ide.mcu.externaltools.gnu-tools-for-stm32.12.3.rel1.win32_1.1.0.202410251130/tools/bin/../lib/gcc/arm-none-eabi/12.3.1/thumb/v8-m.main+fp/hard/crtend.o
LOAD C:/ST/STM32CubeIDE_1.16.1/STM32CubeIDE/plugins/com.st.stm32cube.ide.mcu.externaltools.gnu-tools-for-stm32.12.3.rel1.win32_1.1.0.202410251130/tools/bin/../lib/gcc/arm-none-eabi/12.3.1/thumb/v8-m.main+fp/hard/crtn.o
                0x200c0000                        _estack = (ORIGIN (RAM) + LENGTH (RAM))
                0x00000200                        _Min_Heap_Size = 0x200
                0x00000400                        _Min_Stack_Size = 0x400

.isr_vector     0x08000000      0x238
 *(.isr_vector)
 .isr_vector    0x08000000      0x238 ./Core/Startup/startup_stm32u575zitx.o
                0x08000000                g_pfnVectors

.text           0x08000238     0xe7cc
 *(.text)
 .text          0x08000238       0x40 C:/ST/STM32CubeIDE_1.16.1/STM32CubeIDE/plugins/com.st.stm32cube.ide.mcu.externaltools.gnu-tools-for-stm32.12.3.rel1.win32_1.1.0.202410251130/tools/bin/../lib/gcc/arm-none-eabi/12.3.1/thumb/v8-m.main+fp/hard/crtbegin.o
 .text          0x08000278      0x378 C:/ST/STM32CubeIDE_1.16.1/STM32CubeIDE/plugins/com.st.stm32cube.ide.mcu.externaltools.gnu-tools-for-stm32.12.3.rel1.win32_1.1.0.202410251130/tools/bin/../lib/gcc/arm-none-eabi/12.3.1/thumb/v8-m.main+fp/hard\libgcc.a(_arm_addsubdf3.o)
                0x08000278                __aeabi_drsub
                0x08000280                __aeabi_dsub
                0x08000280                __subdf3
                0x08000284                __aeabi_dadd
                0x08000284                __adddf3
                0x080004fc                __floatunsidf
                0x080004fc                __aeabi_ui2d
                0x0800051c                __floatsidf
                0x0800051c                __aeabi_i2d
                0x08000540                __aeabi_f2d
                0x08000540                __extendsfdf2
                0x08000584                __floatundidf
                0x08000584                __aeabi_ul2d
                0x08000594                __floatdidf
                0x08000594                __aeabi_l2d
 .text          0x080005f0      0x424 C:/ST/STM32CubeIDE_1.16.1/STM32CubeIDE/plugins/com.st.stm32cube.ide.mcu.externaltools.gnu-tools-for-stm32.12.3.rel1.win32_1.1.0.202410251130/tools/bin/../lib/gcc/arm-none-eabi/12.3.1/thumb/v8-m.main+fp/hard\libgcc.a(_arm_muldivdf3.o)
                0x080005f0                __aeabi_dmul
                0x080005f0                __muldf3
                0x08000844                __divdf3
                0x08000844                __aeabi_ddiv
 .text          0x08000a14      0x110 C:/ST/STM32CubeIDE_1.16.1/STM32CubeIDE/plugins/com.st.stm32cube.ide.mcu.externaltools.gnu-tools-for-stm32.12.3.rel1.win32_1.1.0.202410251130/tools/bin/../lib/gcc/arm-none-eabi/12.3.1/thumb/v8-m.main+fp/hard\libgcc.a(_arm_cmpdf2.o)
                0x08000a14                __gtdf2
                0x08000a14                __gedf2
                0x08000a1c                __ltdf2
                0x08000a1c                __ledf2
                0x08000a24                __nedf2
                0x08000a24                __eqdf2
                0x08000a24                __cmpdf2
                0x08000aa0                __aeabi_cdrcmple
                0x08000ab0                __aeabi_cdcmpeq
                0x08000ab0                __aeabi_cdcmple
                0x08000ac0                __aeabi_dcmpeq
                0x08000ad4                __aeabi_dcmplt
                0x08000ae8                __aeabi_dcmple
                0x08000afc                __aeabi_dcmpge
                0x08000b10                __aeabi_dcmpgt
 .text          0x08000b24       0x2c C:/ST/STM32CubeIDE_1.16.1/STM32CubeIDE/plugins/com.st.stm32cube.ide.mcu.externaltools.gnu-tools-for-stm32.12.3.rel1.win32_1.1.0.202410251130/tools/bin/../lib/gcc/arm-none-eabi/12.3.1/thumb/v8-m.main+fp/hard\libgcc.a(_arm_unorddf2.o)
                0x08000b24                __unorddf2
                0x08000b24                __aeabi_dcmpun
 .text          0x08000b50       0x50 C:/ST/STM32CubeIDE_1.16.1/STM32CubeIDE/plugins/com.st.stm32cube.ide.mcu.externaltools.gnu-tools-for-stm32.12.3.rel1.win32_1.1.0.202410251130/tools/bin/../lib/gcc/arm-none-eabi/12.3.1/thumb/v8-m.main+fp/hard\libgcc.a(_arm_fixdfsi.o)
                0x08000b50                __aeabi_d2iz
                0x08000b50                __fixdfsi
 .text          0x08000ba0       0xa0 C:/ST/STM32CubeIDE_1.16.1/STM32CubeIDE/plugins/com.st.stm32cube.ide.mcu.externaltools.gnu-tools-for-stm32.12.3.rel1.win32_1.1.0.202410251130/tools/bin/../lib/gcc/arm-none-eabi/12.3.1/thumb/v8-m.main+fp/hard\libgcc.a(_arm_truncdfsf2.o)
                0x08000ba0                __truncdfsf2
                0x08000ba0                __aeabi_d2f
 *(.text*)
 .text.main     0x08000c40       0x44 ./Core/Src/main.o
                0x08000c40                main
 .text.SystemClock_Config
                0x08000c84       0xc8 ./Core/Src/main.o
                0x08000c84                SystemClock_Config
 .text.MX_GPDMA1_Init
                0x08000d4c      0x144 ./Core/Src/main.o
 .text.MX_I2C2_Init
                0x08000e90       0x7c ./Core/Src/main.o
 .text.MX_I2C3_Init
                0x08000f0c       0x7c ./Core/Src/main.o
 .text.MX_ICACHE_Init
                0x08000f88       0x26 ./Core/Src/main.o
 *fill*         0x08000fae        0x2 
 .text.MX_SPI1_Init
                0x08000fb0       0xe0 ./Core/Src/main.o
 .text.MX_SPI2_Init
                0x08001090       0xe0 ./Core/Src/main.o
 .text.MX_TIM8_Init
                0x08001170      0x160 ./Core/Src/main.o
 .text.MX_USB_OTG_FS_PCD_Init
                0x080012d0       0x64 ./Core/Src/main.o
 .text.MX_GPIO_Init
                0x08001334      0x1c0 ./Core/Src/main.o
 .text.Error_Handler
                0x080014f4        0xc ./Core/Src/main.o
                0x080014f4                Error_Handler
 .text.HAL_MspInit
                0x08001500       0x38 ./Core/Src/stm32u5xx_hal_msp.o
                0x08001500                HAL_MspInit
 .text.HAL_I2C_MspInit
                0x08001538      0x174 ./Core/Src/stm32u5xx_hal_msp.o
                0x08001538                HAL_I2C_MspInit
 .text.HAL_SPI_MspInit
                0x080016ac      0x1ec ./Core/Src/stm32u5xx_hal_msp.o
                0x080016ac                HAL_SPI_MspInit
 .text.HAL_TIM_Base_MspInit
                0x08001898       0xd4 ./Core/Src/stm32u5xx_hal_msp.o
                0x08001898                HAL_TIM_Base_MspInit
 .text.HAL_TIM_MspPostInit
                0x0800196c       0x74 ./Core/Src/stm32u5xx_hal_msp.o
                0x0800196c                HAL_TIM_MspPostInit
 .text.HAL_PCD_MspInit
                0x080019e0      0x128 ./Core/Src/stm32u5xx_hal_msp.o
                0x080019e0                HAL_PCD_MspInit
 .text.NMI_Handler
                0x08001b08        0x8 ./Core/Src/stm32u5xx_it.o
                0x08001b08                NMI_Handler
 .text.HardFault_Handler
                0x08001b10        0x8 ./Core/Src/stm32u5xx_it.o
                0x08001b10                HardFault_Handler
 .text.MemManage_Handler
                0x08001b18        0x8 ./Core/Src/stm32u5xx_it.o
                0x08001b18                MemManage_Handler
 .text.BusFault_Handler
                0x08001b20        0x8 ./Core/Src/stm32u5xx_it.o
                0x08001b20                BusFault_Handler
 .text.UsageFault_Handler
                0x08001b28        0x8 ./Core/Src/stm32u5xx_it.o
                0x08001b28                UsageFault_Handler
 .text.SVC_Handler
                0x08001b30        0xe ./Core/Src/stm32u5xx_it.o
                0x08001b30                SVC_Handler
 .text.DebugMon_Handler
                0x08001b3e        0xe ./Core/Src/stm32u5xx_it.o
                0x08001b3e                DebugMon_Handler
 .text.PendSV_Handler
                0x08001b4c        0xe ./Core/Src/stm32u5xx_it.o
                0x08001b4c                PendSV_Handler
 .text.SysTick_Handler
                0x08001b5a        0xc ./Core/Src/stm32u5xx_it.o
                0x08001b5a                SysTick_Handler
 *fill*         0x08001b66        0x2 
 .text.OTG_FS_IRQHandler
                0x08001b68       0x14 ./Core/Src/stm32u5xx_it.o
                0x08001b68                OTG_FS_IRQHandler
 .text.GPDMA1_Channel13_IRQHandler
                0x08001b7c       0x14 ./Core/Src/stm32u5xx_it.o
                0x08001b7c                GPDMA1_Channel13_IRQHandler
 .text.SystemInit
                0x08001b90       0x70 ./Core/Src/system_stm32u5xx.o
                0x08001b90                SystemInit
 .text.Reset_Handler
                0x08001c00       0x50 ./Core/Startup/startup_stm32u575zitx.o
                0x08001c00                Reset_Handler
 .text.Default_Handler
                0x08001c50        0x2 ./Core/Startup/startup_stm32u575zitx.o
                0x08001c50                EXTI2_IRQHandler
                0x08001c50                TIM8_TRG_COM_IRQHandler
                0x08001c50                TIM8_CC_IRQHandler
                0x08001c50                EXTI5_IRQHandler
                0x08001c50                FLASH_S_IRQHandler
                0x08001c50                EXTI13_IRQHandler
                0x08001c50                TIM1_CC_IRQHandler
                0x08001c50                TSC_IRQHandler
                0x08001c50                TAMP_IRQHandler
                0x08001c50                TIM6_IRQHandler
                0x08001c50                EXTI12_IRQHandler
                0x08001c50                CORDIC_IRQHandler
                0x08001c50                EXTI3_IRQHandler
                0x08001c50                LPTIM4_IRQHandler
                0x08001c50                GPDMA1_Channel5_IRQHandler
                0x08001c50                EXTI8_IRQHandler
                0x08001c50                LPTIM2_IRQHandler
                0x08001c50                I2C3_ER_IRQHandler
                0x08001c50                PWR_S3WU_IRQHandler
                0x08001c50                MDF1_FLT2_IRQHandler
                0x08001c50                LPDMA1_Channel3_IRQHandler
                0x08001c50                LPTIM3_IRQHandler
                0x08001c50                EXTI0_IRQHandler
                0x08001c50                I2C2_EV_IRQHandler
                0x08001c50                FPU_IRQHandler
                0x08001c50                GPDMA1_Channel3_IRQHandler
                0x08001c50                GPDMA1_Channel7_IRQHandler
                0x08001c50                MDF1_FLT4_IRQHandler
                0x08001c50                FDCAN1_IT1_IRQHandler
                0x08001c50                RAMCFG_IRQHandler
                0x08001c50                GPDMA1_Channel9_IRQHandler
                0x08001c50                DCACHE1_IRQHandler
                0x08001c50                SPI1_IRQHandler
                0x08001c50                OCTOSPI1_IRQHandler
                0x08001c50                GPDMA1_Channel2_IRQHandler
                0x08001c50                TIM8_UP_IRQHandler
                0x08001c50                RCC_S_IRQHandler
                0x08001c50                OCTOSPI2_IRQHandler
                0x08001c50                SAI2_IRQHandler
                0x08001c50                MDF1_FLT1_IRQHandler
                0x08001c50                ADC1_IRQHandler
                0x08001c50                MDF1_FLT5_IRQHandler
                0x08001c50                EXTI15_IRQHandler
                0x08001c50                TIM17_IRQHandler
                0x08001c50                USART3_IRQHandler
                0x08001c50                RTC_IRQHandler
                0x08001c50                EXTI9_IRQHandler
                0x08001c50                UART5_IRQHandler
                0x08001c50                TIM4_IRQHandler
                0x08001c50                I2C1_EV_IRQHandler
                0x08001c50                GPDMA1_Channel12_IRQHandler
                0x08001c50                GPDMA1_Channel1_IRQHandler
                0x08001c50                TIM16_IRQHandler
                0x08001c50                GPDMA1_Channel15_IRQHandler
                0x08001c50                UART4_IRQHandler
                0x08001c50                SecureFault_Handler
                0x08001c50                TIM3_IRQHandler
                0x08001c50                RCC_IRQHandler
                0x08001c50                TIM1_TRG_COM_IRQHandler
                0x08001c50                Default_Handler
                0x08001c50                GPDMA1_Channel8_IRQHandler
                0x08001c50                FMAC_IRQHandler
                0x08001c50                GPDMA1_Channel11_IRQHandler
                0x08001c50                TIM7_IRQHandler
                0x08001c50                SDMMC1_IRQHandler
                0x08001c50                TIM5_IRQHandler
                0x08001c50                UCPD1_IRQHandler
                0x08001c50                GPDMA1_Channel0_IRQHandler
                0x08001c50                TIM15_IRQHandler
                0x08001c50                I2C3_EV_IRQHandler
                0x08001c50                LPDMA1_Channel0_IRQHandler
                0x08001c50                PVD_PVM_IRQHandler
                0x08001c50                SPI2_IRQHandler
                0x08001c50                LPDMA1_Channel1_IRQHandler
                0x08001c50                EXTI14_IRQHandler
                0x08001c50                EXTI11_IRQHandler
                0x08001c50                CRS_IRQHandler
                0x08001c50                GPDMA1_Channel14_IRQHandler
                0x08001c50                LSECSSD_IRQHandler
                0x08001c50                EXTI4_IRQHandler
                0x08001c50                RTC_S_IRQHandler
                0x08001c50                RNG_IRQHandler
                0x08001c50                COMP_IRQHandler
                0x08001c50                TIM1_UP_IRQHandler
                0x08001c50                ADC4_IRQHandler
                0x08001c50                WWDG_IRQHandler
                0x08001c50                I2C4_EV_IRQHandler
                0x08001c50                ADF1_IRQHandler
                0x08001c50                IWDG_IRQHandler
                0x08001c50                LPUART1_IRQHandler
                0x08001c50                MDF1_FLT0_IRQHandler
                0x08001c50                FDCAN1_IT0_IRQHandler
                0x08001c50                TIM2_IRQHandler
                0x08001c50                GPDMA1_Channel4_IRQHandler
                0x08001c50                EXTI7_IRQHandler
                0x08001c50                DMA2D_IRQHandler
                0x08001c50                TIM1_BRK_IRQHandler
                0x08001c50                EXTI1_IRQHandler
                0x08001c50                SDMMC2_IRQHandler
                0x08001c50                DAC1_IRQHandler
                0x08001c50                GTZC_IRQHandler
                0x08001c50                MDF1_FLT3_IRQHandler
                0x08001c50                USART2_IRQHandler
                0x08001c50                GPDMA1_Channel6_IRQHandler
                0x08001c50                I2C2_ER_IRQHandler
                0x08001c50                TIM8_BRK_IRQHandler
                0x08001c50                FLASH_IRQHandler
                0x08001c50                USART1_IRQHandler
                0x08001c50                EXTI10_IRQHandler
                0x08001c50                SPI3_IRQHandler
                0x08001c50                LPDMA1_Channel2_IRQHandler
                0x08001c50                I2C1_ER_IRQHandler
                0x08001c50                FMC_IRQHandler
                0x08001c50                EXTI6_IRQHandler
                0x08001c50                LPTIM1_IRQHandler
                0x08001c50                DCMI_PSSI_IRQHandler
                0x08001c50                I2C4_ER_IRQHandler
                0x08001c50                GPDMA1_Channel10_IRQHandler
                0x08001c50                ICACHE_IRQHandler
                0x08001c50                SAI1_IRQHandler
                0x08001c50                HASH_IRQHandler
 *fill*         0x08001c52        0x2 
 .text.set_adc_sampling_freq
                0x08001c54       0x58 ./Device/Src/device_monitoring.o
                0x08001c54                set_adc_sampling_freq
 .text.set_adc_dma_callback_routines
                0x08001cac       0x54 ./Device/Src/device_monitoring.o
                0x08001cac                set_adc_dma_callback_routines
 .text.collect_adc_samples2
                0x08001d00       0xc0 ./Device/Src/device_monitoring.o
                0x08001d00                collect_adc_samples2
 .text.dma_adc_2_cplt_callback
                0x08001dc0       0x28 ./Device/Src/device_monitoring.o
                0x08001dc0                dma_adc_2_cplt_callback
 .text.dma_adc_3_cplt_callback
                0x08001de8       0x28 ./Device/Src/device_monitoring.o
                0x08001de8                dma_adc_3_cplt_callback
 .text.init_register_map
                0x08001e10       0x32 ./Device/Src/device_registers.o
                0x08001e10                init_register_map
 .text.get_register
                0x08001e42       0x22 ./Device/Src/device_registers.o
                0x08001e42                get_register
 .text.set_register
                0x08001e64       0x26 ./Device/Src/device_registers.o
                0x08001e64                set_register
 .text.set_ad9833_dds_buffer
                0x08001e8a       0x8a ./Device/Src/device_sourcing.o
                0x08001e8a                set_ad9833_dds_buffer
 .text.set_pot_buffer
                0x08001f14       0x2a ./Device/Src/device_sourcing.o
                0x08001f14                set_pot_buffer
 *fill*         0x08001f3e        0x2 
 .text.calculate_pot_value_curr_mirr
                0x08001f40       0xac ./Device/Src/device_sourcing.o
                0x08001f40                calculate_pot_value_curr_mirr
 .text.config_dds_freq
                0x08001fec       0x2c ./Device/Src/device_sourcing.o
                0x08001fec                config_dds_freq
 .text.config_volt_src_gain
                0x08002018       0x34 ./Device/Src/device_sourcing.o
                0x08002018                config_volt_src_gain
 .text.config_volt_src_offset
                0x0800204c       0x34 ./Device/Src/device_sourcing.o
                0x0800204c                config_volt_src_offset
 .text.config_current_mirror
                0x08002080       0x34 ./Device/Src/device_sourcing.o
                0x08002080                config_current_mirror
 .text.dvc_exec_msr_dc_resistance_2p
                0x080020b4       0xa8 ./Device/Src/measurement_routines.o
                0x080020b4                dvc_exec_msr_dc_resistance_2p
 .text.dvc_exec_msr_current_voltage
                0x0800215c      0x1a8 ./Device/Src/measurement_routines.o
                0x0800215c                dvc_exec_msr_current_voltage
 .text.dvc_exec_msr_capacitance_voltage_2p
                0x08002304        0xe ./Device/Src/measurement_routines.o
                0x08002304                dvc_exec_msr_capacitance_voltage_2p
 *fill*         0x08002312        0x2 
 .text.dvc_exec_msr_impedance_spectroscopy_2p
                0x08002314      0x15c ./Device/Src/measurement_routines.o
                0x08002314                dvc_exec_msr_impedance_spectroscopy_2p
 .text.dvc_exec_msr_transfer_characteristics
                0x08002470        0xe ./Device/Src/measurement_routines.o
                0x08002470                dvc_exec_msr_transfer_characteristics
 .text.dvc_exec_msr_output_characteristics
                0x0800247e        0xe ./Device/Src/measurement_routines.o
                0x0800247e                dvc_exec_msr_output_characteristics
 .text.dvc_exec_msr_capacitance_voltage_3p
                0x0800248c        0xe ./Device/Src/measurement_routines.o
                0x0800248c                dvc_exec_msr_capacitance_voltage_3p
 .text.dvc_exec_msr_electrochemical
                0x0800249a        0xe ./Device/Src/measurement_routines.o
                0x0800249a                dvc_exec_msr_electrochemical
 .text.dvc_exec_msr_low_resistance
                0x080024a8        0xe ./Device/Src/measurement_routines.o
                0x080024a8                dvc_exec_msr_low_resistance
 *fill*         0x080024b6        0x2 
 .text.dvc_exec_msr_dc_resistance_4p
                0x080024b8       0xa8 ./Device/Src/measurement_routines.o
                0x080024b8                dvc_exec_msr_dc_resistance_4p
 .text.dvc_exec_msr_impedance_spectroscopy_4p
                0x08002560        0xe ./Device/Src/measurement_routines.o
                0x08002560                dvc_exec_msr_impedance_spectroscopy_4p
 *fill*         0x0800256e        0x2 
 .text.run_device
                0x08002570      0x13c ./Device/Src/run_device.o
                0x08002570                run_device
 .text.init_switch_network
                0x080026ac       0xb0 ./Device/Src/switch_network.o
                0x080026ac                init_switch_network
 .text.clear_switch_network
                0x0800275c       0x74 ./Device/Src/switch_network.o
                0x0800275c                clear_switch_network
 .text.set_switch_network
                0x080027d0       0x6c ./Device/Src/switch_network.o
                0x080027d0                set_switch_network
 .text.map_switch_network
                0x0800283c      0x362 ./Device/Src/switch_network.o
                0x0800283c                map_switch_network
 *fill*         0x08002b9e        0x2 
 .text.HAL_Init
                0x08002ba0       0x60 ./Drivers/STM32U5xx_HAL_Driver/Src/stm32u5xx_hal.o
                0x08002ba0                HAL_Init
 .text.HAL_InitTick
                0x08002c00       0xec ./Drivers/STM32U5xx_HAL_Driver/Src/stm32u5xx_hal.o
                0x08002c00                HAL_InitTick
 .text.HAL_IncTick
                0x08002cec       0x28 ./Drivers/STM32U5xx_HAL_Driver/Src/stm32u5xx_hal.o
                0x08002cec                HAL_IncTick
 .text.HAL_GetTick
                0x08002d14       0x18 ./Drivers/STM32U5xx_HAL_Driver/Src/stm32u5xx_hal.o
                0x08002d14                HAL_GetTick
 .text.HAL_Delay
                0x08002d2c       0x48 ./Drivers/STM32U5xx_HAL_Driver/Src/stm32u5xx_hal.o
                0x08002d2c                HAL_Delay
 .text.__NVIC_SetPriorityGrouping
                0x08002d74       0x48 ./Drivers/STM32U5xx_HAL_Driver/Src/stm32u5xx_hal_cortex.o
 .text.__NVIC_GetPriorityGrouping
                0x08002dbc       0x1c ./Drivers/STM32U5xx_HAL_Driver/Src/stm32u5xx_hal_cortex.o
 .text.__NVIC_EnableIRQ
                0x08002dd8       0x3c ./Drivers/STM32U5xx_HAL_Driver/Src/stm32u5xx_hal_cortex.o
 .text.__NVIC_SetPriority
                0x08002e14       0x54 ./Drivers/STM32U5xx_HAL_Driver/Src/stm32u5xx_hal_cortex.o
 .text.NVIC_EncodePriority
                0x08002e68       0x66 ./Drivers/STM32U5xx_HAL_Driver/Src/stm32u5xx_hal_cortex.o
 .text.HAL_NVIC_SetPriorityGrouping
                0x08002ece       0x16 ./Drivers/STM32U5xx_HAL_Driver/Src/stm32u5xx_hal_cortex.o
                0x08002ece                HAL_NVIC_SetPriorityGrouping
 .text.HAL_NVIC_SetPriority
                0x08002ee4       0x34 ./Drivers/STM32U5xx_HAL_Driver/Src/stm32u5xx_hal_cortex.o
                0x08002ee4                HAL_NVIC_SetPriority
 .text.HAL_NVIC_EnableIRQ
                0x08002f18       0x1c ./Drivers/STM32U5xx_HAL_Driver/Src/stm32u5xx_hal_cortex.o
                0x08002f18                HAL_NVIC_EnableIRQ
 .text.HAL_SYSTICK_Config
                0x08002f34       0x44 ./Drivers/STM32U5xx_HAL_Driver/Src/stm32u5xx_hal_cortex.o
                0x08002f34                HAL_SYSTICK_Config
 .text.HAL_SYSTICK_CLKSourceConfig
                0x08002f78       0xb0 ./Drivers/STM32U5xx_HAL_Driver/Src/stm32u5xx_hal_cortex.o
                0x08002f78                HAL_SYSTICK_CLKSourceConfig
 .text.HAL_SYSTICK_GetCLKSourceConfig
                0x08003028       0x74 ./Drivers/STM32U5xx_HAL_Driver/Src/stm32u5xx_hal_cortex.o
                0x08003028                HAL_SYSTICK_GetCLKSourceConfig
 .text.HAL_DMA_Init
                0x0800309c      0x258 ./Drivers/STM32U5xx_HAL_Driver/Src/stm32u5xx_hal_dma.o
                0x0800309c                HAL_DMA_Init
 .text.HAL_DMA_Start_IT
                0x080032f4       0xc0 ./Drivers/STM32U5xx_HAL_Driver/Src/stm32u5xx_hal_dma.o
                0x080032f4                HAL_DMA_Start_IT
 .text.HAL_DMA_IRQHandler
                0x080033b4      0x2c2 ./Drivers/STM32U5xx_HAL_Driver/Src/stm32u5xx_hal_dma.o
                0x080033b4                HAL_DMA_IRQHandler
 .text.HAL_DMA_ConfigChannelAttributes
                0x08003676       0x78 ./Drivers/STM32U5xx_HAL_Driver/Src/stm32u5xx_hal_dma.o
                0x08003676                HAL_DMA_ConfigChannelAttributes
 .text.DMA_SetConfig
                0x080036ee       0x4a ./Drivers/STM32U5xx_HAL_Driver/Src/stm32u5xx_hal_dma.o
 .text.DMA_Init
                0x08003738      0x500 ./Drivers/STM32U5xx_HAL_Driver/Src/stm32u5xx_hal_dma.o
 .text.HAL_GPIO_Init
                0x08003c38      0x3b0 ./Drivers/STM32U5xx_HAL_Driver/Src/stm32u5xx_hal_gpio.o
                0x08003c38                HAL_GPIO_Init
 .text.HAL_GPIO_WritePin
                0x08003fe8       0x30 ./Drivers/STM32U5xx_HAL_Driver/Src/stm32u5xx_hal_gpio.o
                0x08003fe8                HAL_GPIO_WritePin
 .text.HAL_I2C_Init
                0x08004018      0x136 ./Drivers/STM32U5xx_HAL_Driver/Src/stm32u5xx_hal_i2c.o
                0x08004018                HAL_I2C_Init
 *fill*         0x0800414e        0x2 
 .text.HAL_I2C_Master_Transmit
                0x08004150      0x1e8 ./Drivers/STM32U5xx_HAL_Driver/Src/stm32u5xx_hal_i2c.o
                0x08004150                HAL_I2C_Master_Transmit
 .text.I2C_Flush_TXDR
                0x08004338       0x48 ./Drivers/STM32U5xx_HAL_Driver/Src/stm32u5xx_hal_i2c.o
 .text.I2C_WaitOnFlagUntilTimeout
                0x08004380       0xb2 ./Drivers/STM32U5xx_HAL_Driver/Src/stm32u5xx_hal_i2c.o
 .text.I2C_WaitOnTXISFlagUntilTimeout
                0x08004432       0x8e ./Drivers/STM32U5xx_HAL_Driver/Src/stm32u5xx_hal_i2c.o
 .text.I2C_WaitOnSTOPFlagUntilTimeout
                0x080044c0       0x86 ./Drivers/STM32U5xx_HAL_Driver/Src/stm32u5xx_hal_i2c.o
 *fill*         0x08004546        0x2 
 .text.I2C_IsErrorOccurred
                0x08004548      0x1c0 ./Drivers/STM32U5xx_HAL_Driver/Src/stm32u5xx_hal_i2c.o
 .text.I2C_TransferConfig
                0x08004708       0x64 ./Drivers/STM32U5xx_HAL_Driver/Src/stm32u5xx_hal_i2c.o
 .text.HAL_I2CEx_ConfigAnalogFilter
                0x0800476c       0x96 ./Drivers/STM32U5xx_HAL_Driver/Src/stm32u5xx_hal_i2c_ex.o
                0x0800476c                HAL_I2CEx_ConfigAnalogFilter
 .text.HAL_I2CEx_ConfigDigitalFilter
                0x08004802       0x98 ./Drivers/STM32U5xx_HAL_Driver/Src/stm32u5xx_hal_i2c_ex.o
                0x08004802                HAL_I2CEx_ConfigDigitalFilter
 *fill*         0x0800489a        0x2 
 .text.HAL_ICACHE_ConfigAssociativityMode
                0x0800489c       0x40 ./Drivers/STM32U5xx_HAL_Driver/Src/stm32u5xx_hal_icache.o
                0x0800489c                HAL_ICACHE_ConfigAssociativityMode
 .text.HAL_ICACHE_Enable
                0x080048dc       0x20 ./Drivers/STM32U5xx_HAL_Driver/Src/stm32u5xx_hal_icache.o
                0x080048dc                HAL_ICACHE_Enable
 .text.HAL_PCD_Init
                0x080048fc      0x230 ./Drivers/STM32U5xx_HAL_Driver/Src/stm32u5xx_hal_pcd.o
                0x080048fc                HAL_PCD_Init
 .text.HAL_PCD_Start
                0x08004b2c       0x5e ./Drivers/STM32U5xx_HAL_Driver/Src/stm32u5xx_hal_pcd.o
                0x08004b2c                HAL_PCD_Start
 .text.HAL_PCD_IRQHandler
                0x08004b8a      0x99c ./Drivers/STM32U5xx_HAL_Driver/Src/stm32u5xx_hal_pcd.o
                0x08004b8a                HAL_PCD_IRQHandler
 .text.HAL_PCD_SetAddress
                0x08005526       0x48 ./Drivers/STM32U5xx_HAL_Driver/Src/stm32u5xx_hal_pcd.o
                0x08005526                HAL_PCD_SetAddress
 .text.HAL_PCD_EP_Open
                0x0800556e       0xd4 ./Drivers/STM32U5xx_HAL_Driver/Src/stm32u5xx_hal_pcd.o
                0x0800556e                HAL_PCD_EP_Open
 .text.HAL_PCD_EP_Close
                0x08005642       0x94 ./Drivers/STM32U5xx_HAL_Driver/Src/stm32u5xx_hal_pcd.o
                0x08005642                HAL_PCD_EP_Close
 .text.HAL_PCD_EP_Receive
                0x080056d6       0x76 ./Drivers/STM32U5xx_HAL_Driver/Src/stm32u5xx_hal_pcd.o
                0x080056d6                HAL_PCD_EP_Receive
 .text.HAL_PCD_EP_GetRxCount
                0x0800574c       0x30 ./Drivers/STM32U5xx_HAL_Driver/Src/stm32u5xx_hal_pcd.o
                0x0800574c                HAL_PCD_EP_GetRxCount
 .text.HAL_PCD_EP_Transmit
                0x0800577c       0x74 ./Drivers/STM32U5xx_HAL_Driver/Src/stm32u5xx_hal_pcd.o
                0x0800577c                HAL_PCD_EP_Transmit
 .text.HAL_PCD_EP_SetStall
                0x080057f0       0xc6 ./Drivers/STM32U5xx_HAL_Driver/Src/stm32u5xx_hal_pcd.o
                0x080057f0                HAL_PCD_EP_SetStall
 .text.HAL_PCD_EP_ClrStall
                0x080058b6       0xac ./Drivers/STM32U5xx_HAL_Driver/Src/stm32u5xx_hal_pcd.o
                0x080058b6                HAL_PCD_EP_ClrStall
 .text.HAL_PCD_EP_Abort
                0x08005962       0x62 ./Drivers/STM32U5xx_HAL_Driver/Src/stm32u5xx_hal_pcd.o
                0x08005962                HAL_PCD_EP_Abort
 .text.PCD_WriteEmptyTxFifo
                0x080059c4      0x118 ./Drivers/STM32U5xx_HAL_Driver/Src/stm32u5xx_hal_pcd.o
 .text.PCD_EP_OutXfrComplete_int
                0x08005adc      0x1d0 ./Drivers/STM32U5xx_HAL_Driver/Src/stm32u5xx_hal_pcd.o
 .text.PCD_EP_OutSetupPacket_int
                0x08005cac       0x8c ./Drivers/STM32U5xx_HAL_Driver/Src/stm32u5xx_hal_pcd.o
 .text.HAL_PCDEx_SetTxFiFo
                0x08005d38       0x8e ./Drivers/STM32U5xx_HAL_Driver/Src/stm32u5xx_hal_pcd_ex.o
                0x08005d38                HAL_PCDEx_SetTxFiFo
 .text.HAL_PCDEx_SetRxFiFo
                0x08005dc6       0x22 ./Drivers/STM32U5xx_HAL_Driver/Src/stm32u5xx_hal_pcd_ex.o
                0x08005dc6                HAL_PCDEx_SetRxFiFo
 .text.HAL_PCDEx_ActivateLPM
                0x08005de8       0x48 ./Drivers/STM32U5xx_HAL_Driver/Src/stm32u5xx_hal_pcd_ex.o
                0x08005de8                HAL_PCDEx_ActivateLPM
 .text.HAL_PWREx_ControlVoltageScaling
                0x08005e30       0xfc ./Drivers/STM32U5xx_HAL_Driver/Src/stm32u5xx_hal_pwr_ex.o
                0x08005e30                HAL_PWREx_ControlVoltageScaling
 .text.HAL_PWREx_GetVoltageRange
                0x08005f2c       0x1c ./Drivers/STM32U5xx_HAL_Driver/Src/stm32u5xx_hal_pwr_ex.o
                0x08005f2c                HAL_PWREx_GetVoltageRange
 .text.HAL_PWREx_EnableVddUSB
                0x08005f48       0x20 ./Drivers/STM32U5xx_HAL_Driver/Src/stm32u5xx_hal_pwr_ex.o
                0x08005f48                HAL_PWREx_EnableVddUSB
 .text.HAL_PWREx_EnableVddIO2
                0x08005f68       0x20 ./Drivers/STM32U5xx_HAL_Driver/Src/stm32u5xx_hal_pwr_ex.o
                0x08005f68                HAL_PWREx_EnableVddIO2
 .text.HAL_RCC_OscConfig
                0x08005f88      0xdb8 ./Drivers/STM32U5xx_HAL_Driver/Src/stm32u5xx_hal_rcc.o
                0x08005f88                HAL_RCC_OscConfig
 .text.HAL_RCC_ClockConfig
                0x08006d40      0x3e4 ./Drivers/STM32U5xx_HAL_Driver/Src/stm32u5xx_hal_rcc.o
                0x08006d40                HAL_RCC_ClockConfig
 .text.HAL_RCC_GetSysClockFreq
                0x08007124      0x204 ./Drivers/STM32U5xx_HAL_Driver/Src/stm32u5xx_hal_rcc.o
                0x08007124                HAL_RCC_GetSysClockFreq
 .text.HAL_RCC_GetHCLKFreq
                0x08007328       0x34 ./Drivers/STM32U5xx_HAL_Driver/Src/stm32u5xx_hal_rcc.o
                0x08007328                HAL_RCC_GetHCLKFreq
 .text.RCC_SetFlashLatencyFromMSIRange
                0x0800735c      0x10c ./Drivers/STM32U5xx_HAL_Driver/Src/stm32u5xx_hal_rcc.o
 .text.HAL_RCCEx_PeriphCLKConfig
                0x08007468      0xb48 ./Drivers/STM32U5xx_HAL_Driver/Src/stm32u5xx_hal_rcc_ex.o
                0x08007468                HAL_RCCEx_PeriphCLKConfig
 .text.RCCEx_PLL2_Config
                0x08007fb0      0x130 ./Drivers/STM32U5xx_HAL_Driver/Src/stm32u5xx_hal_rcc_ex.o
 .text.RCCEx_PLL3_Config
                0x080080e0      0x130 ./Drivers/STM32U5xx_HAL_Driver/Src/stm32u5xx_hal_rcc_ex.o
 .text.HAL_SPI_Init
                0x08008210      0x22c ./Drivers/STM32U5xx_HAL_Driver/Src/stm32u5xx_hal_spi.o
                0x08008210                HAL_SPI_Init
 .text.HAL_SPI_Transmit
                0x0800843c      0x428 ./Drivers/STM32U5xx_HAL_Driver/Src/stm32u5xx_hal_spi.o
                0x0800843c                HAL_SPI_Transmit
 .text.SPI_CloseTransfer
                0x08008864      0x140 ./Drivers/STM32U5xx_HAL_Driver/Src/stm32u5xx_hal_spi.o
 .text.SPI_WaitOnFlagUntilTimeout
                0x080089a4       0x5c ./Drivers/STM32U5xx_HAL_Driver/Src/stm32u5xx_hal_spi.o
 .text.SPI_GetPacketSize
                0x08008a00       0x36 ./Drivers/STM32U5xx_HAL_Driver/Src/stm32u5xx_hal_spi.o
 .text.HAL_SPIEx_SetConfigAutonomousMode
                0x08008a36       0x82 ./Drivers/STM32U5xx_HAL_Driver/Src/stm32u5xx_hal_spi_ex.o
                0x08008a36                HAL_SPIEx_SetConfigAutonomousMode
 .text.HAL_TIM_Base_Init
                0x08008ab8       0xae ./Drivers/STM32U5xx_HAL_Driver/Src/stm32u5xx_hal_tim.o
                0x08008ab8                HAL_TIM_Base_Init
 .text.HAL_TIM_PWM_Init
                0x08008b66       0xae ./Drivers/STM32U5xx_HAL_Driver/Src/stm32u5xx_hal_tim.o
                0x08008b66                HAL_TIM_PWM_Init
 .text.HAL_TIM_PWM_MspInit
                0x08008c14       0x14 ./Drivers/STM32U5xx_HAL_Driver/Src/stm32u5xx_hal_tim.o
                0x08008c14                HAL_TIM_PWM_MspInit
 .text.HAL_TIM_PWM_Start
                0x08008c28      0x2a4 ./Drivers/STM32U5xx_HAL_Driver/Src/stm32u5xx_hal_tim.o
                0x08008c28                HAL_TIM_PWM_Start
 .text.HAL_TIM_PWM_ConfigChannel
                0x08008ecc      0x228 ./Drivers/STM32U5xx_HAL_Driver/Src/stm32u5xx_hal_tim.o
                0x08008ecc                HAL_TIM_PWM_ConfigChannel
 .text.HAL_TIM_ConfigClockSource
                0x080090f4      0x204 ./Drivers/STM32U5xx_HAL_Driver/Src/stm32u5xx_hal_tim.o
                0x080090f4                HAL_TIM_ConfigClockSource
 .text.TIM_Base_SetConfig
                0x080092f8      0x200 ./Drivers/STM32U5xx_HAL_Driver/Src/stm32u5xx_hal_tim.o
                0x080092f8                TIM_Base_SetConfig
 .text.TIM_OC1_SetConfig
                0x080094f8      0x184 ./Drivers/STM32U5xx_HAL_Driver/Src/stm32u5xx_hal_tim.o
 .text.TIM_OC2_SetConfig
                0x0800967c      0x160 ./Drivers/STM32U5xx_HAL_Driver/Src/stm32u5xx_hal_tim.o
                0x0800967c                TIM_OC2_SetConfig
 .text.TIM_OC3_SetConfig
                0x080097dc      0x15c ./Drivers/STM32U5xx_HAL_Driver/Src/stm32u5xx_hal_tim.o
 .text.TIM_OC4_SetConfig
                0x08009938      0x160 ./Drivers/STM32U5xx_HAL_Driver/Src/stm32u5xx_hal_tim.o
 .text.TIM_OC5_SetConfig
                0x08009a98      0x104 ./Drivers/STM32U5xx_HAL_Driver/Src/stm32u5xx_hal_tim.o
 .text.TIM_OC6_SetConfig
                0x08009b9c      0x108 ./Drivers/STM32U5xx_HAL_Driver/Src/stm32u5xx_hal_tim.o
 .text.TIM_TI1_ConfigInputStage
                0x08009ca4       0x5e ./Drivers/STM32U5xx_HAL_Driver/Src/stm32u5xx_hal_tim.o
 .text.TIM_TI2_ConfigInputStage
                0x08009d02       0x60 ./Drivers/STM32U5xx_HAL_Driver/Src/stm32u5xx_hal_tim.o
 .text.TIM_ITRx_SetConfig
                0x08009d62       0x3a ./Drivers/STM32U5xx_HAL_Driver/Src/stm32u5xx_hal_tim.o
 .text.TIM_ETR_SetConfig
                0x08009d9c       0x40 ./Drivers/STM32U5xx_HAL_Driver/Src/stm32u5xx_hal_tim.o
                0x08009d9c                TIM_ETR_SetConfig
 .text.TIM_CCxChannelCmd
                0x08009ddc       0x4a ./Drivers/STM32U5xx_HAL_Driver/Src/stm32u5xx_hal_tim.o
                0x08009ddc                TIM_CCxChannelCmd
 *fill*         0x08009e26        0x2 
 .text.HAL_TIMEx_MasterConfigSynchronization
                0x08009e28      0x184 ./Drivers/STM32U5xx_HAL_Driver/Src/stm32u5xx_hal_tim_ex.o
                0x08009e28                HAL_TIMEx_MasterConfigSynchronization
 .text.HAL_TIMEx_ConfigBreakDeadTime
                0x08009fac      0x134 ./Drivers/STM32U5xx_HAL_Driver/Src/stm32u5xx_hal_tim_ex.o
                0x08009fac                HAL_TIMEx_ConfigBreakDeadTime
 .text.USB_CoreInit
                0x0800a0e0       0x5a ./Drivers/STM32U5xx_HAL_Driver/Src/stm32u5xx_ll_usb.o
                0x0800a0e0                USB_CoreInit
 *fill*         0x0800a13a        0x2 
 .text.USB_SetTurnaroundTime
                0x0800a13c      0x144 ./Drivers/STM32U5xx_HAL_Driver/Src/stm32u5xx_ll_usb.o
                0x0800a13c                USB_SetTurnaroundTime
 .text.USB_EnableGlobalInt
                0x0800a280       0x22 ./Drivers/STM32U5xx_HAL_Driver/Src/stm32u5xx_ll_usb.o
                0x0800a280                USB_EnableGlobalInt
 .text.USB_DisableGlobalInt
                0x0800a2a2       0x22 ./Drivers/STM32U5xx_HAL_Driver/Src/stm32u5xx_ll_usb.o
                0x0800a2a2                USB_DisableGlobalInt
 .text.USB_SetCurrentMode
                0x0800a2c4       0x98 ./Drivers/STM32U5xx_HAL_Driver/Src/stm32u5xx_ll_usb.o
                0x0800a2c4                USB_SetCurrentMode
 .text.USB_DevInit
                0x0800a35c      0x298 ./Drivers/STM32U5xx_HAL_Driver/Src/stm32u5xx_ll_usb.o
                0x0800a35c                USB_DevInit
 .text.USB_FlushTxFifo
                0x0800a5f4       0x64 ./Drivers/STM32U5xx_HAL_Driver/Src/stm32u5xx_ll_usb.o
                0x0800a5f4                USB_FlushTxFifo
 .text.USB_FlushRxFifo
                0x0800a658       0x5c ./Drivers/STM32U5xx_HAL_Driver/Src/stm32u5xx_ll_usb.o
                0x0800a658                USB_FlushRxFifo
 .text.USB_SetDevSpeed
                0x0800a6b4       0x32 ./Drivers/STM32U5xx_HAL_Driver/Src/stm32u5xx_ll_usb.o
                0x0800a6b4                USB_SetDevSpeed
 .text.USB_GetDevSpeed
                0x0800a6e6       0x4a ./Drivers/STM32U5xx_HAL_Driver/Src/stm32u5xx_ll_usb.o
                0x0800a6e6                USB_GetDevSpeed
 .text.USB_ActivateEndpoint
                0x0800a730      0x10e ./Drivers/STM32U5xx_HAL_Driver/Src/stm32u5xx_ll_usb.o
                0x0800a730                USB_ActivateEndpoint
 *fill*         0x0800a83e        0x2 
 .text.USB_DeactivateEndpoint
                0x0800a840      0x1b8 ./Drivers/STM32U5xx_HAL_Driver/Src/stm32u5xx_ll_usb.o
                0x0800a840                USB_DeactivateEndpoint
 .text.USB_EPStartXfer
                0x0800a9f8      0x53c ./Drivers/STM32U5xx_HAL_Driver/Src/stm32u5xx_ll_usb.o
                0x0800a9f8                USB_EPStartXfer
 .text.USB_EPStopXfer
                0x0800af34      0x154 ./Drivers/STM32U5xx_HAL_Driver/Src/stm32u5xx_ll_usb.o
                0x0800af34                USB_EPStopXfer
 .text.USB_WritePacket
                0x0800b088       0x7c ./Drivers/STM32U5xx_HAL_Driver/Src/stm32u5xx_ll_usb.o
                0x0800b088                USB_WritePacket
 .text.USB_ReadPacket
                0x0800b104       0xb0 ./Drivers/STM32U5xx_HAL_Driver/Src/stm32u5xx_ll_usb.o
                0x0800b104                USB_ReadPacket
 .text.USB_EPSetStall
                0x0800b1b4       0xdc ./Drivers/STM32U5xx_HAL_Driver/Src/stm32u5xx_ll_usb.o
                0x0800b1b4                USB_EPSetStall
 .text.USB_EPClearStall
                0x0800b290       0xcc ./Drivers/STM32U5xx_HAL_Driver/Src/stm32u5xx_ll_usb.o
                0x0800b290                USB_EPClearStall
 .text.USB_SetDevAddress
                0x0800b35c       0x4c ./Drivers/STM32U5xx_HAL_Driver/Src/stm32u5xx_ll_usb.o
                0x0800b35c                USB_SetDevAddress
 .text.USB_DevConnect
                0x0800b3a8       0x42 ./Drivers/STM32U5xx_HAL_Driver/Src/stm32u5xx_ll_usb.o
                0x0800b3a8                USB_DevConnect
 .text.USB_DevDisconnect
                0x0800b3ea       0x42 ./Drivers/STM32U5xx_HAL_Driver/Src/stm32u5xx_ll_usb.o
                0x0800b3ea                USB_DevDisconnect
 .text.USB_ReadInterrupts
                0x0800b42c       0x26 ./Drivers/STM32U5xx_HAL_Driver/Src/stm32u5xx_ll_usb.o
                0x0800b42c                USB_ReadInterrupts
 .text.USB_ReadDevAllOutEpInterrupt
                0x0800b452       0x34 ./Drivers/STM32U5xx_HAL_Driver/Src/stm32u5xx_ll_usb.o
                0x0800b452                USB_ReadDevAllOutEpInterrupt
 .text.USB_ReadDevAllInEpInterrupt
                0x0800b486       0x34 ./Drivers/STM32U5xx_HAL_Driver/Src/stm32u5xx_ll_usb.o
                0x0800b486                USB_ReadDevAllInEpInterrupt
 .text.USB_ReadDevOutEPInterrupt
                0x0800b4ba       0x3c ./Drivers/STM32U5xx_HAL_Driver/Src/stm32u5xx_ll_usb.o
                0x0800b4ba                USB_ReadDevOutEPInterrupt
 .text.USB_ReadDevInEPInterrupt
                0x0800b4f6       0x5c ./Drivers/STM32U5xx_HAL_Driver/Src/stm32u5xx_ll_usb.o
                0x0800b4f6                USB_ReadDevInEPInterrupt
 .text.USB_GetMode
                0x0800b552       0x1c ./Drivers/STM32U5xx_HAL_Driver/Src/stm32u5xx_ll_usb.o
                0x0800b552                USB_GetMode
 .text.USB_ActivateSetup
                0x0800b56e       0x46 ./Drivers/STM32U5xx_HAL_Driver/Src/stm32u5xx_ll_usb.o
                0x0800b56e                USB_ActivateSetup
 .text.USB_EP0_OutStart
                0x0800b5b4       0xbc ./Drivers/STM32U5xx_HAL_Driver/Src/stm32u5xx_ll_usb.o
                0x0800b5b4                USB_EP0_OutStart
 .text.USB_CoreReset
                0x0800b670       0x62 ./Drivers/STM32U5xx_HAL_Driver/Src/stm32u5xx_ll_usb.o
 *fill*         0x0800b6d2        0x2 
 .text.MX_USB_Device_Init
                0x0800b6d4       0x60 ./USB_Device/App/usb_device.o
                0x0800b6d4                MX_USB_Device_Init
 .text.CDC_Init_FS
                0x0800b734       0x28 ./USB_Device/App/usbd_cdc_if.o
 .text.CDC_DeInit_FS
                0x0800b75c       0x10 ./USB_Device/App/usbd_cdc_if.o
 .text.CDC_Control_FS
                0x0800b76c       0xbc ./USB_Device/App/usbd_cdc_if.o
 .text.CDC_Receive_FS
                0x0800b828      0x104 ./USB_Device/App/usbd_cdc_if.o
 .text.CDC_Transmit_FS
                0x0800b92c       0x4c ./USB_Device/App/usbd_cdc_if.o
                0x0800b92c                CDC_Transmit_FS
 .text.CDC_TransmitCplt_FS
                0x0800b978       0x22 ./USB_Device/App/usbd_cdc_if.o
 *fill*         0x0800b99a        0x2 
 .text.USBD_CDC_DeviceDescriptor
                0x0800b99c       0x24 ./USB_Device/App/usbd_desc.o
                0x0800b99c                USBD_CDC_DeviceDescriptor
 .text.USBD_CDC_LangIDStrDescriptor
                0x0800b9c0       0x24 ./USB_Device/App/usbd_desc.o
                0x0800b9c0                USBD_CDC_LangIDStrDescriptor
 .text.USBD_CDC_ProductStrDescriptor
                0x0800b9e4       0x3c ./USB_Device/App/usbd_desc.o
                0x0800b9e4                USBD_CDC_ProductStrDescriptor
 .text.USBD_CDC_ManufacturerStrDescriptor
                0x0800ba20       0x28 ./USB_Device/App/usbd_desc.o
                0x0800ba20                USBD_CDC_ManufacturerStrDescriptor
 .text.USBD_CDC_SerialStrDescriptor
                0x0800ba48       0x24 ./USB_Device/App/usbd_desc.o
                0x0800ba48                USBD_CDC_SerialStrDescriptor
 .text.USBD_CDC_ConfigStrDescriptor
                0x0800ba6c       0x3c ./USB_Device/App/usbd_desc.o
                0x0800ba6c                USBD_CDC_ConfigStrDescriptor
 .text.USBD_CDC_InterfaceStrDescriptor
                0x0800baa8       0x3c ./USB_Device/App/usbd_desc.o
                0x0800baa8                USBD_CDC_InterfaceStrDescriptor
 .text.Get_SerialNum
                0x0800bae4       0x58 ./USB_Device/App/usbd_desc.o
 .text.IntToUnicode
                0x0800bb3c       0x7e ./USB_Device/App/usbd_desc.o
 .text.HAL_PCD_SetupStageCallback
                0x0800bbba       0x24 ./USB_Device/Target/usbd_conf.o
                0x0800bbba                HAL_PCD_SetupStageCallback
 .text.HAL_PCD_DataOutStageCallback
                0x0800bbde       0x36 ./USB_Device/Target/usbd_conf.o
                0x0800bbde                HAL_PCD_DataOutStageCallback
 .text.HAL_PCD_DataInStageCallback
                0x0800bc14       0x34 ./USB_Device/Target/usbd_conf.o
                0x0800bc14                HAL_PCD_DataInStageCallback
 .text.HAL_PCD_SOFCallback
                0x0800bc48       0x1c ./USB_Device/Target/usbd_conf.o
                0x0800bc48                HAL_PCD_SOFCallback
 .text.HAL_PCD_ResetCallback
                0x0800bc64       0x3c ./USB_Device/Target/usbd_conf.o
                0x0800bc64                HAL_PCD_ResetCallback
 .text.HAL_PCD_SuspendCallback
                0x0800bca0       0x34 ./USB_Device/Target/usbd_conf.o
                0x0800bca0                HAL_PCD_SuspendCallback
 .text.HAL_PCD_ResumeCallback
                0x0800bcd4       0x38 ./USB_Device/Target/usbd_conf.o
                0x0800bcd4                HAL_PCD_ResumeCallback
 .text.HAL_PCD_ISOOUTIncompleteCallback
                0x0800bd0c       0x24 ./USB_Device/Target/usbd_conf.o
                0x0800bd0c                HAL_PCD_ISOOUTIncompleteCallback
 .text.HAL_PCD_ISOINIncompleteCallback
                0x0800bd30       0x24 ./USB_Device/Target/usbd_conf.o
                0x0800bd30                HAL_PCD_ISOINIncompleteCallback
 .text.HAL_PCD_ConnectCallback
                0x0800bd54       0x1c ./USB_Device/Target/usbd_conf.o
                0x0800bd54                HAL_PCD_ConnectCallback
 .text.HAL_PCD_DisconnectCallback
                0x0800bd70       0x1c ./USB_Device/Target/usbd_conf.o
                0x0800bd70                HAL_PCD_DisconnectCallback
 .text.USBD_LL_Init
                0x0800bd8c       0xa4 ./USB_Device/Target/usbd_conf.o
                0x0800bd8c                USBD_LL_Init
 .text.USBD_LL_Start
                0x0800be30       0x36 ./USB_Device/Target/usbd_conf.o
                0x0800be30                USBD_LL_Start
 .text.USBD_LL_OpenEP
                0x0800be66       0x4c ./USB_Device/Target/usbd_conf.o
                0x0800be66                USBD_LL_OpenEP
 .text.USBD_LL_CloseEP
                0x0800beb2       0x3e ./USB_Device/Target/usbd_conf.o
                0x0800beb2                USBD_LL_CloseEP
 .text.USBD_LL_StallEP
                0x0800bef0       0x3e ./USB_Device/Target/usbd_conf.o
                0x0800bef0                USBD_LL_StallEP
 .text.USBD_LL_ClearStallEP
                0x0800bf2e       0x3e ./USB_Device/Target/usbd_conf.o
                0x0800bf2e                USBD_LL_ClearStallEP
 .text.USBD_LL_IsStallEP
                0x0800bf6c       0x58 ./USB_Device/Target/usbd_conf.o
                0x0800bf6c                USBD_LL_IsStallEP
 .text.USBD_LL_SetUSBAddress
                0x0800bfc4       0x3e ./USB_Device/Target/usbd_conf.o
                0x0800bfc4                USBD_LL_SetUSBAddress
 .text.USBD_LL_Transmit
                0x0800c002       0x42 ./USB_Device/Target/usbd_conf.o
                0x0800c002                USBD_LL_Transmit
 .text.USBD_LL_PrepareReceive
                0x0800c044       0x42 ./USB_Device/Target/usbd_conf.o
                0x0800c044                USBD_LL_PrepareReceive
 .text.USBD_LL_GetRxDataSize
                0x0800c086       0x26 ./USB_Device/Target/usbd_conf.o
                0x0800c086                USBD_LL_GetRxDataSize
 .text.HAL_PCDEx_LPM_Callback
                0x0800c0ac       0x6c ./USB_Device/Target/usbd_conf.o
                0x0800c0ac                HAL_PCDEx_LPM_Callback
 .text.USBD_static_malloc
                0x0800c118       0x1c ./USB_Device/Target/usbd_conf.o
                0x0800c118                USBD_static_malloc
 .text.USBD_static_free
                0x0800c134       0x14 ./USB_Device/Target/usbd_conf.o
                0x0800c134                USBD_static_free
 .text.SystemClockConfig_Resume
                0x0800c148        0xc ./USB_Device/Target/usbd_conf.o
 .text.USBD_Get_USB_Status
                0x0800c154       0x58 ./USB_Device/Target/usbd_conf.o
 .text.USBD_CDC_Init
                0x0800c1ac       0xfe ./USB_Lib/ST/STM32_USB_Device_Library/Class/CDC/Src/usbd_cdc.o
 .text.USBD_CDC_DeInit
                0x0800c2aa       0x74 ./USB_Lib/ST/STM32_USB_Device_Library/Class/CDC/Src/usbd_cdc.o
 *fill*         0x0800c31e        0x2 
 .text.USBD_CDC_Setup
                0x0800c320      0x178 ./USB_Lib/ST/STM32_USB_Device_Library/Class/CDC/Src/usbd_cdc.o
 .text.USBD_CDC_DataIn
                0x0800c498       0xca ./USB_Lib/ST/STM32_USB_Device_Library/Class/CDC/Src/usbd_cdc.o
 .text.USBD_CDC_DataOut
                0x0800c562       0x56 ./USB_Lib/ST/STM32_USB_Device_Library/Class/CDC/Src/usbd_cdc.o
 .text.USBD_CDC_EP0_RxReady
                0x0800c5b8       0x4e ./USB_Lib/ST/STM32_USB_Device_Library/Class/CDC/Src/usbd_cdc.o
 *fill*         0x0800c606        0x2 
 .text.USBD_CDC_GetFSCfgDesc
                0x0800c608       0x20 ./USB_Lib/ST/STM32_USB_Device_Library/Class/CDC/Src/usbd_cdc.o
 .text.USBD_CDC_GetHSCfgDesc
                0x0800c628       0x20 ./USB_Lib/ST/STM32_USB_Device_Library/Class/CDC/Src/usbd_cdc.o
 .text.USBD_CDC_GetOtherSpeedCfgDesc
                0x0800c648       0x20 ./USB_Lib/ST/STM32_USB_Device_Library/Class/CDC/Src/usbd_cdc.o
 .text.USBD_CDC_GetDeviceQualifierDescriptor
                0x0800c668       0x20 ./USB_Lib/ST/STM32_USB_Device_Library/Class/CDC/Src/usbd_cdc.o
                0x0800c668                USBD_CDC_GetDeviceQualifierDescriptor
 .text.USBD_CDC_RegisterInterface
                0x0800c688       0x2a ./USB_Lib/ST/STM32_USB_Device_Library/Class/CDC/Src/usbd_cdc.o
                0x0800c688                USBD_CDC_RegisterInterface
 .text.USBD_CDC_SetTxBuffer
                0x0800c6b2       0x32 ./USB_Lib/ST/STM32_USB_Device_Library/Class/CDC/Src/usbd_cdc.o
                0x0800c6b2                USBD_CDC_SetTxBuffer
 .text.USBD_CDC_SetRxBuffer
                0x0800c6e4       0x28 ./USB_Lib/ST/STM32_USB_Device_Library/Class/CDC/Src/usbd_cdc.o
                0x0800c6e4                USBD_CDC_SetRxBuffer
 .text.USBD_CDC_TransmitPacket
                0x0800c70c       0x60 ./USB_Lib/ST/STM32_USB_Device_Library/Class/CDC/Src/usbd_cdc.o
                0x0800c70c                USBD_CDC_TransmitPacket
 .text.USBD_CDC_ReceivePacket
                0x0800c76c       0x54 ./USB_Lib/ST/STM32_USB_Device_Library/Class/CDC/Src/usbd_cdc.o
                0x0800c76c                USBD_CDC_ReceivePacket
 .text.USBD_Init
                0x0800c7c0       0x60 ./USB_Lib/ST/STM32_USB_Device_Library/Core/Src/usbd_core.o
                0x0800c7c0                USBD_Init
 .text.USBD_RegisterClass
                0x0800c820       0x4e ./USB_Lib/ST/STM32_USB_Device_Library/Core/Src/usbd_core.o
                0x0800c820                USBD_RegisterClass
 .text.USBD_Start
                0x0800c86e       0x18 ./USB_Lib/ST/STM32_USB_Device_Library/Core/Src/usbd_core.o
                0x0800c86e                USBD_Start
 .text.USBD_RunTestMode
                0x0800c886       0x16 ./USB_Lib/ST/STM32_USB_Device_Library/Core/Src/usbd_core.o
                0x0800c886                USBD_RunTestMode
 .text.USBD_SetClassConfig
                0x0800c89c       0x38 ./USB_Lib/ST/STM32_USB_Device_Library/Core/Src/usbd_core.o
                0x0800c89c                USBD_SetClassConfig
 .text.USBD_ClrClassConfig
                0x0800c8d4       0x30 ./USB_Lib/ST/STM32_USB_Device_Library/Core/Src/usbd_core.o
                0x0800c8d4                USBD_ClrClassConfig
 .text.USBD_LL_SetupStage
                0x0800c904       0xaa ./USB_Lib/ST/STM32_USB_Device_Library/Core/Src/usbd_core.o
                0x0800c904                USBD_LL_SetupStage
 .text.USBD_LL_DataOutStage
                0x0800c9ae       0xc6 ./USB_Lib/ST/STM32_USB_Device_Library/Core/Src/usbd_core.o
                0x0800c9ae                USBD_LL_DataOutStage
 .text.USBD_LL_DataInStage
                0x0800ca74      0x12c ./USB_Lib/ST/STM32_USB_Device_Library/Core/Src/usbd_core.o
                0x0800ca74                USBD_LL_DataInStage
 .text.USBD_LL_Reset
                0x0800cba0       0x82 ./USB_Lib/ST/STM32_USB_Device_Library/Core/Src/usbd_core.o
                0x0800cba0                USBD_LL_Reset
 .text.USBD_LL_SetSpeed
                0x0800cc22       0x20 ./USB_Lib/ST/STM32_USB_Device_Library/Core/Src/usbd_core.o
                0x0800cc22                USBD_LL_SetSpeed
 .text.USBD_LL_Suspend
                0x0800cc42       0x2a ./USB_Lib/ST/STM32_USB_Device_Library/Core/Src/usbd_core.o
                0x0800cc42                USBD_LL_Suspend
 .text.USBD_LL_Resume
                0x0800cc6c       0x2c ./USB_Lib/ST/STM32_USB_Device_Library/Core/Src/usbd_core.o
                0x0800cc6c                USBD_LL_Resume
 .text.USBD_LL_SOF
                0x0800cc98       0x34 ./USB_Lib/ST/STM32_USB_Device_Library/Core/Src/usbd_core.o
                0x0800cc98                USBD_LL_SOF
 .text.USBD_LL_IsoINIncomplete
                0x0800cccc       0x1a ./USB_Lib/ST/STM32_USB_Device_Library/Core/Src/usbd_core.o
                0x0800cccc                USBD_LL_IsoINIncomplete
 .text.USBD_LL_IsoOUTIncomplete
                0x0800cce6       0x1a ./USB_Lib/ST/STM32_USB_Device_Library/Core/Src/usbd_core.o
                0x0800cce6                USBD_LL_IsoOUTIncomplete
 .text.USBD_LL_DevConnected
                0x0800cd00       0x16 ./USB_Lib/ST/STM32_USB_Device_Library/Core/Src/usbd_core.o
                0x0800cd00                USBD_LL_DevConnected
 .text.USBD_LL_DevDisconnected
                0x0800cd16       0x38 ./USB_Lib/ST/STM32_USB_Device_Library/Core/Src/usbd_core.o
                0x0800cd16                USBD_LL_DevDisconnected
 .text.SWAPBYTE
                0x0800cd4e       0x3c ./USB_Lib/ST/STM32_USB_Device_Library/Core/Src/usbd_ctlreq.o
 *fill*         0x0800cd8a        0x2 
 .text.USBD_StdDevReq
                0x0800cd8c       0xdc ./USB_Lib/ST/STM32_USB_Device_Library/Core/Src/usbd_ctlreq.o
                0x0800cd8c                USBD_StdDevReq
 .text.USBD_StdItfReq
                0x0800ce68       0x90 ./USB_Lib/ST/STM32_USB_Device_Library/Core/Src/usbd_ctlreq.o
                0x0800ce68                USBD_StdItfReq
 .text.USBD_StdEPReq
                0x0800cef8      0x2be ./USB_Lib/ST/STM32_USB_Device_Library/Core/Src/usbd_ctlreq.o
                0x0800cef8                USBD_StdEPReq
 *fill*         0x0800d1b6        0x2 
 .text.USBD_GetDescriptor
                0x0800d1b8      0x328 ./USB_Lib/ST/STM32_USB_Device_Library/Core/Src/usbd_ctlreq.o
 .text.USBD_SetAddress
                0x0800d4e0       0x86 ./USB_Lib/ST/STM32_USB_Device_Library/Core/Src/usbd_ctlreq.o
 *fill*         0x0800d566        0x2 
 .text.USBD_SetConfig
                0x0800d568      0x148 ./USB_Lib/ST/STM32_USB_Device_Library/Core/Src/usbd_ctlreq.o
 .text.USBD_GetConfig
                0x0800d6b0       0x6a ./USB_Lib/ST/STM32_USB_Device_Library/Core/Src/usbd_ctlreq.o
 .text.USBD_GetStatus
                0x0800d71a       0x66 ./USB_Lib/ST/STM32_USB_Device_Library/Core/Src/usbd_ctlreq.o
 .text.USBD_SetFeature
                0x0800d780       0x28 ./USB_Lib/ST/STM32_USB_Device_Library/Core/Src/usbd_ctlreq.o
 .text.USBD_ClrFeature
                0x0800d7a8       0x42 ./USB_Lib/ST/STM32_USB_Device_Library/Core/Src/usbd_ctlreq.o
 .text.USBD_ParseSetupRequest
                0x0800d7ea       0x74 ./USB_Lib/ST/STM32_USB_Device_Library/Core/Src/usbd_ctlreq.o
                0x0800d7ea                USBD_ParseSetupRequest
 .text.USBD_CtlError
                0x0800d85e       0x22 ./USB_Lib/ST/STM32_USB_Device_Library/Core/Src/usbd_ctlreq.o
                0x0800d85e                USBD_CtlError
 .text.USBD_GetString
                0x0800d880       0x8c ./USB_Lib/ST/STM32_USB_Device_Library/Core/Src/usbd_ctlreq.o
                0x0800d880                USBD_GetString
 .text.USBD_GetLen
                0x0800d90c       0x34 ./USB_Lib/ST/STM32_USB_Device_Library/Core/Src/usbd_ctlreq.o
 .text.USBD_CtlSendData
                0x0800d940       0x36 ./USB_Lib/ST/STM32_USB_Device_Library/Core/Src/usbd_ioreq.o
                0x0800d940                USBD_CtlSendData
 .text.USBD_CtlContinueSendData
                0x0800d976       0x22 ./USB_Lib/ST/STM32_USB_Device_Library/Core/Src/usbd_ioreq.o
                0x0800d976                USBD_CtlContinueSendData
 .text.USBD_CtlPrepareRx
                0x0800d998       0x3a ./USB_Lib/ST/STM32_USB_Device_Library/Core/Src/usbd_ioreq.o
                0x0800d998                USBD_CtlPrepareRx
 .text.USBD_CtlContinueRx
                0x0800d9d2       0x22 ./USB_Lib/ST/STM32_USB_Device_Library/Core/Src/usbd_ioreq.o
                0x0800d9d2                USBD_CtlContinueRx
 .text.USBD_CtlSendStatus
                0x0800d9f4       0x26 ./USB_Lib/ST/STM32_USB_Device_Library/Core/Src/usbd_ioreq.o
                0x0800d9f4                USBD_CtlSendStatus
 .text.USBD_CtlReceiveStatus
                0x0800da1a       0x26 ./USB_Lib/ST/STM32_USB_Device_Library/Core/Src/usbd_ioreq.o
                0x0800da1a                USBD_CtlReceiveStatus
 .text.memset   0x0800da40       0x10 C:/ST/STM32CubeIDE_1.16.1/STM32CubeIDE/plugins/com.st.stm32cube.ide.mcu.externaltools.gnu-tools-for-stm32.12.3.rel1.win32_1.1.0.202410251130/tools/bin/../lib/gcc/arm-none-eabi/12.3.1/../../../../arm-none-eabi/lib/thumb/v8-m.main+fp/hard\libc_nano.a(libc_a-memset.o)
                0x0800da40                memset
 .text.__errno  0x0800da50        0xc C:/ST/STM32CubeIDE_1.16.1/STM32CubeIDE/plugins/com.st.stm32cube.ide.mcu.externaltools.gnu-tools-for-stm32.12.3.rel1.win32_1.1.0.202410251130/tools/bin/../lib/gcc/arm-none-eabi/12.3.1/../../../../arm-none-eabi/lib/thumb/v8-m.main+fp/hard\libc_nano.a(libc_a-errno.o)
                0x0800da50                __errno
 .text.__libc_init_array
                0x0800da5c       0x48 C:/ST/STM32CubeIDE_1.16.1/STM32CubeIDE/plugins/com.st.stm32cube.ide.mcu.externaltools.gnu-tools-for-stm32.12.3.rel1.win32_1.1.0.202410251130/tools/bin/../lib/gcc/arm-none-eabi/12.3.1/../../../../arm-none-eabi/lib/thumb/v8-m.main+fp/hard\libc_nano.a(libc_a-init.o)
                0x0800da5c                __libc_init_array
 .text.pow      0x0800daa4       0xe0 C:/ST/STM32CubeIDE_1.16.1/STM32CubeIDE/plugins/com.st.stm32cube.ide.mcu.externaltools.gnu-tools-for-stm32.12.3.rel1.win32_1.1.0.202410251130/tools/bin/../lib/gcc/arm-none-eabi/12.3.1/../../../../arm-none-eabi/lib/thumb/v8-m.main+fp/hard\libm.a(libm_a-w_pow.o)
                0x0800daa4                pow
 .text.finite   0x0800db84       0x16 C:/ST/STM32CubeIDE_1.16.1/STM32CubeIDE/plugins/com.st.stm32cube.ide.mcu.externaltools.gnu-tools-for-stm32.12.3.rel1.win32_1.1.0.202410251130/tools/bin/../lib/gcc/arm-none-eabi/12.3.1/../../../../arm-none-eabi/lib/thumb/v8-m.main+fp/hard\libm.a(libm_a-s_finite.o)
                0x0800db84                finite
 *fill*         0x0800db9a        0x2 
 .text.round    0x0800db9c       0x8c C:/ST/STM32CubeIDE_1.16.1/STM32CubeIDE/plugins/com.st.stm32cube.ide.mcu.externaltools.gnu-tools-for-stm32.12.3.rel1.win32_1.1.0.202410251130/tools/bin/../lib/gcc/arm-none-eabi/12.3.1/../../../../arm-none-eabi/lib/thumb/v8-m.main+fp/hard\libm.a(libm_a-s_round.o)
                0x0800db9c                round
 .text.__ieee754_pow
                0x0800dc28      0xa80 C:/ST/STM32CubeIDE_1.16.1/STM32CubeIDE/plugins/com.st.stm32cube.ide.mcu.externaltools.gnu-tools-for-stm32.12.3.rel1.win32_1.1.0.202410251130/tools/bin/../lib/gcc/arm-none-eabi/12.3.1/../../../../arm-none-eabi/lib/thumb/v8-m.main+fp/hard\libm.a(libm_a-e_pow.o)
                0x0800dc28                __ieee754_pow
 .text.fabs     0x0800e6a8       0x10 C:/ST/STM32CubeIDE_1.16.1/STM32CubeIDE/plugins/com.st.stm32cube.ide.mcu.externaltools.gnu-tools-for-stm32.12.3.rel1.win32_1.1.0.202410251130/tools/bin/../lib/gcc/arm-none-eabi/12.3.1/../../../../arm-none-eabi/lib/thumb/v8-m.main+fp/hard\libm.a(libm_a-s_fabs.o)
                0x0800e6a8                fabs
 .text.scalbn   0x0800e6b8       0xfc C:/ST/STM32CubeIDE_1.16.1/STM32CubeIDE/plugins/com.st.stm32cube.ide.mcu.externaltools.gnu-tools-for-stm32.12.3.rel1.win32_1.1.0.202410251130/tools/bin/../lib/gcc/arm-none-eabi/12.3.1/../../../../arm-none-eabi/lib/thumb/v8-m.main+fp/hard\libm.a(libm_a-s_scalbn.o)
                0x0800e6b8                scalbn
 .text.with_errno
                0x0800e7b4       0x24 C:/ST/STM32CubeIDE_1.16.1/STM32CubeIDE/plugins/com.st.stm32cube.ide.mcu.externaltools.gnu-tools-for-stm32.12.3.rel1.win32_1.1.0.202410251130/tools/bin/../lib/gcc/arm-none-eabi/12.3.1/../../../../arm-none-eabi/lib/thumb/v8-m.main+fp/hard\libm.a(libm_a-math_err.o)
 .text.xflow    0x0800e7d8       0x32 C:/ST/STM32CubeIDE_1.16.1/STM32CubeIDE/plugins/com.st.stm32cube.ide.mcu.externaltools.gnu-tools-for-stm32.12.3.rel1.win32_1.1.0.202410251130/tools/bin/../lib/gcc/arm-none-eabi/12.3.1/../../../../arm-none-eabi/lib/thumb/v8-m.main+fp/hard\libm.a(libm_a-math_err.o)
 *fill*         0x0800e80a        0x6 
 .text.__math_uflow
                0x0800e810       0x10 C:/ST/STM32CubeIDE_1.16.1/STM32CubeIDE/plugins/com.st.stm32cube.ide.mcu.externaltools.gnu-tools-for-stm32.12.3.rel1.win32_1.1.0.202410251130/tools/bin/../lib/gcc/arm-none-eabi/12.3.1/../../../../arm-none-eabi/lib/thumb/v8-m.main+fp/hard\libm.a(libm_a-math_err.o)
                0x0800e810                __math_uflow
 .text.__math_oflow
                0x0800e820       0x10 C:/ST/STM32CubeIDE_1.16.1/STM32CubeIDE/plugins/com.st.stm32cube.ide.mcu.externaltools.gnu-tools-for-stm32.12.3.rel1.win32_1.1.0.202410251130/tools/bin/../lib/gcc/arm-none-eabi/12.3.1/../../../../arm-none-eabi/lib/thumb/v8-m.main+fp/hard\libm.a(libm_a-math_err.o)
                0x0800e820                __math_oflow
 .text.__ieee754_sqrt
                0x0800e830      0x1bc C:/ST/STM32CubeIDE_1.16.1/STM32CubeIDE/plugins/com.st.stm32cube.ide.mcu.externaltools.gnu-tools-for-stm32.12.3.rel1.win32_1.1.0.202410251130/tools/bin/../lib/gcc/arm-none-eabi/12.3.1/../../../../arm-none-eabi/lib/thumb/v8-m.main+fp/hard\libm.a(libm_a-e_sqrt.o)
                0x0800e830                __ieee754_sqrt
 *(.glue_7)
 .glue_7        0x0800e9ec        0x0 linker stubs
 *(.glue_7t)
 .glue_7t       0x0800e9ec        0x0 linker stubs
 *(.eh_frame)
 .eh_frame      0x0800e9ec        0x0 C:/ST/STM32CubeIDE_1.16.1/STM32CubeIDE/plugins/com.st.stm32cube.ide.mcu.externaltools.gnu-tools-for-stm32.12.3.rel1.win32_1.1.0.202410251130/tools/bin/../lib/gcc/arm-none-eabi/12.3.1/thumb/v8-m.main+fp/hard/crtbegin.o
 *(.init)
 .init          0x0800e9ec        0x4 C:/ST/STM32CubeIDE_1.16.1/STM32CubeIDE/plugins/com.st.stm32cube.ide.mcu.externaltools.gnu-tools-for-stm32.12.3.rel1.win32_1.1.0.202410251130/tools/bin/../lib/gcc/arm-none-eabi/12.3.1/thumb/v8-m.main+fp/hard/crti.o
                0x0800e9ec                _init
 .init          0x0800e9f0        0x8 C:/ST/STM32CubeIDE_1.16.1/STM32CubeIDE/plugins/com.st.stm32cube.ide.mcu.externaltools.gnu-tools-for-stm32.12.3.rel1.win32_1.1.0.202410251130/tools/bin/../lib/gcc/arm-none-eabi/12.3.1/thumb/v8-m.main+fp/hard/crtn.o
 *(.fini)
 .fini          0x0800e9f8        0x4 C:/ST/STM32CubeIDE_1.16.1/STM32CubeIDE/plugins/com.st.stm32cube.ide.mcu.externaltools.gnu-tools-for-stm32.12.3.rel1.win32_1.1.0.202410251130/tools/bin/../lib/gcc/arm-none-eabi/12.3.1/thumb/v8-m.main+fp/hard/crti.o
                0x0800e9f8                _fini
 .fini          0x0800e9fc        0x8 C:/ST/STM32CubeIDE_1.16.1/STM32CubeIDE/plugins/com.st.stm32cube.ide.mcu.externaltools.gnu-tools-for-stm32.12.3.rel1.win32_1.1.0.202410251130/tools/bin/../lib/gcc/arm-none-eabi/12.3.1/thumb/v8-m.main+fp/hard/crtn.o
                0x0800ea04                        _etext = .

.vfp11_veneer   0x0800ea04        0x0
 .vfp11_veneer  0x0800ea04        0x0 linker stubs

.v4_bx          0x0800ea04        0x0
 .v4_bx         0x0800ea04        0x0 linker stubs

.iplt           0x0800ea04        0x0
 .iplt          0x0800ea04        0x0 C:/ST/STM32CubeIDE_1.16.1/STM32CubeIDE/plugins/com.st.stm32cube.ide.mcu.externaltools.gnu-tools-for-stm32.12.3.rel1.win32_1.1.0.202410251130/tools/bin/../lib/gcc/arm-none-eabi/12.3.1/thumb/v8-m.main+fp/hard/crtbegin.o

.rodata         0x0800ea08      0x148
 *(.rodata)
 .rodata        0x0800ea08       0x46 ./USB_Device/App/usbd_desc.o
 *(.rodata*)
 *fill*         0x0800ea4e        0x2 
 .rodata.AHBPrescTable
                0x0800ea50       0x10 ./Core/Src/system_stm32u5xx.o
                0x0800ea50                AHBPrescTable
 .rodata.MSIRangeTable
                0x0800ea60       0x40 ./Core/Src/system_stm32u5xx.o
                0x0800ea60                MSIRangeTable
 .rodata.LPGPIO_Map
                0x0800eaa0       0x80 ./Drivers/STM32U5xx_HAL_Driver/Src/stm32u5xx_hal_gpio.o
 .rodata.dp_l   0x0800eb20       0x10 C:/ST/STM32CubeIDE_1.16.1/STM32CubeIDE/plugins/com.st.stm32cube.ide.mcu.externaltools.gnu-tools-for-stm32.12.3.rel1.win32_1.1.0.202410251130/tools/bin/../lib/gcc/arm-none-eabi/12.3.1/../../../../arm-none-eabi/lib/thumb/v8-m.main+fp/hard\libm.a(libm_a-e_pow.o)
 .rodata.dp_h   0x0800eb30       0x10 C:/ST/STM32CubeIDE_1.16.1/STM32CubeIDE/plugins/com.st.stm32cube.ide.mcu.externaltools.gnu-tools-for-stm32.12.3.rel1.win32_1.1.0.202410251130/tools/bin/../lib/gcc/arm-none-eabi/12.3.1/../../../../arm-none-eabi/lib/thumb/v8-m.main+fp/hard\libm.a(libm_a-e_pow.o)
 .rodata.bp     0x0800eb40       0x10 C:/ST/STM32CubeIDE_1.16.1/STM32CubeIDE/plugins/com.st.stm32cube.ide.mcu.externaltools.gnu-tools-for-stm32.12.3.rel1.win32_1.1.0.202410251130/tools/bin/../lib/gcc/arm-none-eabi/12.3.1/../../../../arm-none-eabi/lib/thumb/v8-m.main+fp/hard\libm.a(libm_a-e_pow.o)

.ARM.extab
 *(.ARM.extab* .gnu.linkonce.armextab.*)

.ARM            0x0800eb50        0x0
                0x0800eb50                        __exidx_start = .
 *(.ARM.exidx*)
                0x0800eb50                        __exidx_end = .

.preinit_array  0x0800eb50        0x0
                0x0800eb50                        PROVIDE (__preinit_array_start = .)
 *(.preinit_array*)
                0x0800eb50                        PROVIDE (__preinit_array_end = .)

.init_array     0x0800eb50        0x4
                0x0800eb50                        PROVIDE (__init_array_start = .)
 *(SORT_BY_NAME(.init_array.*))
 *(.init_array*)
 .init_array    0x0800eb50        0x4 C:/ST/STM32CubeIDE_1.16.1/STM32CubeIDE/plugins/com.st.stm32cube.ide.mcu.externaltools.gnu-tools-for-stm32.12.3.rel1.win32_1.1.0.202410251130/tools/bin/../lib/gcc/arm-none-eabi/12.3.1/thumb/v8-m.main+fp/hard/crtbegin.o
                0x0800eb54                        PROVIDE (__init_array_end = .)

.fini_array     0x0800eb54        0x4
                [!provide]                        PROVIDE (__fini_array_start = .)
 *(SORT_BY_NAME(.fini_array.*))
 *(.fini_array*)
 .fini_array    0x0800eb54        0x4 C:/ST/STM32CubeIDE_1.16.1/STM32CubeIDE/plugins/com.st.stm32cube.ide.mcu.externaltools.gnu-tools-for-stm32.12.3.rel1.win32_1.1.0.202410251130/tools/bin/../lib/gcc/arm-none-eabi/12.3.1/thumb/v8-m.main+fp/hard/crtbegin.o
                [!provide]                        PROVIDE (__fini_array_end = .)
                0x0800eb58                        _sidata = LOADADDR (.data)

.rel.dyn        0x0800eb58        0x0
 .rel.iplt      0x0800eb58        0x0 C:/ST/STM32CubeIDE_1.16.1/STM32CubeIDE/plugins/com.st.stm32cube.ide.mcu.externaltools.gnu-tools-for-stm32.12.3.rel1.win32_1.1.0.202410251130/tools/bin/../lib/gcc/arm-none-eabi/12.3.1/thumb/v8-m.main+fp/hard/crtbegin.o

.data           0x20000000      0x250 load address 0x0800eb58
                0x20000000                        _sdata = .
 *(.data)
 *(.data*)
 .data.SystemCoreClock
                0x20000000        0x4 ./Core/Src/system_stm32u5xx.o
                0x20000000                SystemCoreClock
 .data.volt_src_dds_spi_tx_buf
                0x20000004        0xa ./Device/Src/measurement_routines.o
                0x20000004                volt_src_dds_spi_tx_buf
 *fill*         0x2000000e        0x2 
 .data.volt_src_gain_i2c_tx_buf
                0x20000010        0x2 ./Device/Src/measurement_routines.o
                0x20000010                volt_src_gain_i2c_tx_buf
 *fill*         0x20000012        0x2 
 .data.volt_src_offset_i2c_tx_buf
                0x20000014        0x2 ./Device/Src/measurement_routines.o
                0x20000014                volt_src_offset_i2c_tx_buf
 *fill*         0x20000016        0x2 
 .data.curr_mrr_i2c_tx_buf
                0x20000018        0x2 ./Device/Src/measurement_routines.o
                0x20000018                curr_mrr_i2c_tx_buf
 *fill*         0x2000001a        0x2 
 .data.swnt_pin_list
                0x2000001c       0x54 ./Device/Src/switch_network.o
 .data.uwTickPrio
                0x20000070        0x4 ./Drivers/STM32U5xx_HAL_Driver/Src/stm32u5xx_hal.o
                0x20000070                uwTickPrio
 .data.uwTickFreq
                0x20000074        0x1 ./Drivers/STM32U5xx_HAL_Driver/Src/stm32u5xx_hal.o
                0x20000074                uwTickFreq
 *fill*         0x20000075        0x3 
 .data.USBD_Interface_fops_FS
                0x20000078       0x14 ./USB_Device/App/usbd_cdc_if.o
                0x20000078                USBD_Interface_fops_FS
 .data.CDC_Desc
                0x2000008c       0x20 ./USB_Device/App/usbd_desc.o
                0x2000008c                CDC_Desc
 .data.USBD_CDC_DeviceDesc
                0x200000ac       0x12 ./USB_Device/App/usbd_desc.o
                0x200000ac                USBD_CDC_DeviceDesc
 *fill*         0x200000be        0x2 
 .data.USBD_LangIDDesc
                0x200000c0        0x4 ./USB_Device/App/usbd_desc.o
                0x200000c0                USBD_LangIDDesc
 .data.USBD_StringSerial
                0x200000c4       0x1a ./USB_Device/App/usbd_desc.o
                0x200000c4                USBD_StringSerial
 *fill*         0x200000de        0x2 
 .data.USBD_CDC_DeviceQualifierDesc
                0x200000e0        0xa ./USB_Lib/ST/STM32_USB_Device_Library/Class/CDC/Src/usbd_cdc.o
 *fill*         0x200000ea        0x2 
 .data.USBD_CDC
                0x200000ec       0x38 ./USB_Lib/ST/STM32_USB_Device_Library/Class/CDC/Src/usbd_cdc.o
                0x200000ec                USBD_CDC
 .data.USBD_CDC_CfgHSDesc
                0x20000124       0x43 ./USB_Lib/ST/STM32_USB_Device_Library/Class/CDC/Src/usbd_cdc.o
 *fill*         0x20000167        0x1 
 .data.USBD_CDC_CfgFSDesc
                0x20000168       0x43 ./USB_Lib/ST/STM32_USB_Device_Library/Class/CDC/Src/usbd_cdc.o
 *fill*         0x200001ab        0x1 
 .data.USBD_CDC_OtherSpeedCfgDesc
                0x200001ac       0x43 ./USB_Lib/ST/STM32_USB_Device_Library/Class/CDC/Src/usbd_cdc.o
 *fill*         0x200001ef        0x1 
 .data._impure_ptr
                0x200001f0        0x4 C:/ST/STM32CubeIDE_1.16.1/STM32CubeIDE/plugins/com.st.stm32cube.ide.mcu.externaltools.gnu-tools-for-stm32.12.3.rel1.win32_1.1.0.202410251130/tools/bin/../lib/gcc/arm-none-eabi/12.3.1/../../../../arm-none-eabi/lib/thumb/v8-m.main+fp/hard\libc_nano.a(libc_a-impure.o)
                0x200001f0                _impure_ptr
 .data._impure_data
                0x200001f4       0x4c C:/ST/STM32CubeIDE_1.16.1/STM32CubeIDE/plugins/com.st.stm32cube.ide.mcu.externaltools.gnu-tools-for-stm32.12.3.rel1.win32_1.1.0.202410251130/tools/bin/../lib/gcc/arm-none-eabi/12.3.1/../../../../arm-none-eabi/lib/thumb/v8-m.main+fp/hard\libc_nano.a(libc_a-impure.o)
                0x200001f4                _impure_data
 .data.tiny     0x20000240        0x8 C:/ST/STM32CubeIDE_1.16.1/STM32CubeIDE/plugins/com.st.stm32cube.ide.mcu.externaltools.gnu-tools-for-stm32.12.3.rel1.win32_1.1.0.202410251130/tools/bin/../lib/gcc/arm-none-eabi/12.3.1/../../../../arm-none-eabi/lib/thumb/v8-m.main+fp/hard\libm.a(libm_a-e_sqrt.o)
 .data.one      0x20000248        0x8 C:/ST/STM32CubeIDE_1.16.1/STM32CubeIDE/plugins/com.st.stm32cube.ide.mcu.externaltools.gnu-tools-for-stm32.12.3.rel1.win32_1.1.0.202410251130/tools/bin/../lib/gcc/arm-none-eabi/12.3.1/../../../../arm-none-eabi/lib/thumb/v8-m.main+fp/hard\libm.a(libm_a-e_sqrt.o)
 *(.RamFunc)
 *(.RamFunc*)
                0x20000250                        _edata = .

.igot.plt       0x20000250        0x0 load address 0x0800eda8
 .igot.plt      0x20000250        0x0 C:/ST/STM32CubeIDE_1.16.1/STM32CubeIDE/plugins/com.st.stm32cube.ide.mcu.externaltools.gnu-tools-for-stm32.12.3.rel1.win32_1.1.0.202410251130/tools/bin/../lib/gcc/arm-none-eabi/12.3.1/thumb/v8-m.main+fp/hard/crtbegin.o

.bss            0x20000250     0xeaa4 load address 0x0800eda8
                0x20000250                        _sbss = .
                0x20000250                        __bss_start__ = _sbss
 *(.bss)
 .bss           0x20000250       0x1c C:/ST/STM32CubeIDE_1.16.1/STM32CubeIDE/plugins/com.st.stm32cube.ide.mcu.externaltools.gnu-tools-for-stm32.12.3.rel1.win32_1.1.0.202410251130/tools/bin/../lib/gcc/arm-none-eabi/12.3.1/thumb/v8-m.main+fp/hard/crtbegin.o
 *(.bss*)
 .bss.handle_GPDMA1_Channel14
                0x2000026c       0x78 ./Core/Src/main.o
                0x2000026c                handle_GPDMA1_Channel14
 .bss.handle_GPDMA1_Channel12
                0x200002e4       0x78 ./Core/Src/main.o
                0x200002e4                handle_GPDMA1_Channel12
 .bss.hi2c2     0x2000035c       0x54 ./Core/Src/main.o
                0x2000035c                hi2c2
 .bss.hi2c3     0x200003b0       0x54 ./Core/Src/main.o
                0x200003b0                hi2c3
 .bss.hspi1     0x20000404       0x90 ./Core/Src/main.o
                0x20000404                hspi1
 .bss.hspi2     0x20000494       0x90 ./Core/Src/main.o
                0x20000494                hspi2
 .bss.htim8     0x20000524       0x4c ./Core/Src/main.o
                0x20000524                htim8
 .bss.handle_GPDMA1_Channel13
                0x20000570       0x78 ./Core/Src/main.o
                0x20000570                handle_GPDMA1_Channel13
 .bss.hpcd_USB_OTG_FS
                0x200005e8      0x4e4 ./Core/Src/main.o
                0x200005e8                hpcd_USB_OTG_FS
 .bss.adc_1_busy
                0x20000acc        0x1 ./Device/Src/device_monitoring.o
                0x20000acc                adc_1_busy
 .bss.adc_2_busy
                0x20000acd        0x1 ./Device/Src/device_monitoring.o
                0x20000acd                adc_2_busy
 .bss.adc_3_busy
                0x20000ace        0x1 ./Device/Src/device_monitoring.o
                0x20000ace                adc_3_busy
 .bss.adc_1_full
                0x20000acf        0x1 ./Device/Src/device_monitoring.o
                0x20000acf                adc_1_full
 .bss.adc_2_full
                0x20000ad0        0x1 ./Device/Src/device_monitoring.o
                0x20000ad0                adc_2_full
 .bss.adc_3_full
                0x20000ad1        0x1 ./Device/Src/device_monitoring.o
                0x20000ad1                adc_3_full
 *fill*         0x20000ad2        0x2 
 .bss.adc_samples_1
                0x20000ad4     0x4000 ./Device/Src/run_device.o
                0x20000ad4                adc_samples_1
 .bss.adc_samples_2
                0x20004ad4     0x4000 ./Device/Src/run_device.o
                0x20004ad4                adc_samples_2
 .bss.adc_samples_3
                0x20008ad4     0x4000 ./Device/Src/run_device.o
                0x20008ad4                adc_samples_3
 .bss.device_registers
                0x2000cad4      0x400 ./Device/Src/run_device.o
                0x2000cad4                device_registers
 .bss.device_switch_network
                0x2000ced4      0x10c ./Device/Src/run_device.o
                0x2000ced4                device_switch_network
 .bss.uwTick    0x2000cfe0        0x4 ./Drivers/STM32U5xx_HAL_Driver/Src/stm32u5xx_hal.o
                0x2000cfe0                uwTick
 .bss.hUsbDeviceFS
                0x2000cfe4      0x2d0 ./USB_Device/App/usb_device.o
                0x2000cfe4                hUsbDeviceFS
 .bss.UserRxBufferFS
                0x2000d2b4      0x800 ./USB_Device/App/usbd_cdc_if.o
                0x2000d2b4                UserRxBufferFS
 .bss.UserTxBufferFS
                0x2000dab4      0x800 ./USB_Device/App/usbd_cdc_if.o
                0x2000dab4                UserTxBufferFS
 .bss.USBD_StrDesc
                0x2000e2b4      0x200 ./USB_Device/App/usbd_desc.o
                0x2000e2b4                USBD_StrDesc
 .bss.hpcd_USB_FS
                0x2000e4b4      0x4e4 ./USB_Device/Target/usbd_conf.o
                0x2000e4b4                hpcd_USB_FS
 .bss.mem.0     0x2000e998      0x220 ./USB_Device/Target/usbd_conf.o
 .bss.cfgidx.0  0x2000ebb8        0x1 ./USB_Lib/ST/STM32_USB_Device_Library/Core/Src/usbd_ctlreq.o
 *fill*         0x2000ebb9        0x3 
 .bss.__sf      0x2000ebbc      0x138 C:/ST/STM32CubeIDE_1.16.1/STM32CubeIDE/plugins/com.st.stm32cube.ide.mcu.externaltools.gnu-tools-for-stm32.12.3.rel1.win32_1.1.0.202410251130/tools/bin/../lib/gcc/arm-none-eabi/12.3.1/../../../../arm-none-eabi/lib/thumb/v8-m.main+fp/hard\libc_nano.a(libc_a-findfp.o)
                0x2000ebbc                __sf
 *(COMMON)
                0x2000ecf4                        _ebss = .
                0x2000ecf4                        __bss_end__ = _ebss

._user_heap_stack
                0x2000ecf4      0x604 load address 0x0800eda8
                0x2000ecf8                        . = ALIGN (0x8)
 *fill*         0x2000ecf4        0x4 
                [!provide]                        PROVIDE (end = .)
                0x2000ecf8                        PROVIDE (_end = .)
                0x2000eef8                        . = (. + _Min_Heap_Size)
 *fill*         0x2000ecf8      0x200 
                0x2000f2f8                        . = (. + _Min_Stack_Size)
 *fill*         0x2000eef8      0x400 
                0x2000f2f8                        . = ALIGN (0x8)

/DISCARD/
 libc.a(*)
 libm.a(*)
 libgcc.a(*)

.ARM.attributes
                0x00000000       0x36
 *(.ARM.attributes)
 .ARM.attributes
                0x00000000       0x26 C:/ST/STM32CubeIDE_1.16.1/STM32CubeIDE/plugins/com.st.stm32cube.ide.mcu.externaltools.gnu-tools-for-stm32.12.3.rel1.win32_1.1.0.202410251130/tools/bin/../lib/gcc/arm-none-eabi/12.3.1/thumb/v8-m.main+fp/hard/crti.o
 .ARM.attributes
                0x00000026       0x38 C:/ST/STM32CubeIDE_1.16.1/STM32CubeIDE/plugins/com.st.stm32cube.ide.mcu.externaltools.gnu-tools-for-stm32.12.3.rel1.win32_1.1.0.202410251130/tools/bin/../lib/gcc/arm-none-eabi/12.3.1/thumb/v8-m.main+fp/hard/crtbegin.o
 .ARM.attributes
                0x0000005e       0x3a ./Core/Src/main.o
 .ARM.attributes
                0x00000098       0x3a ./Core/Src/stm32u5xx_hal_msp.o
 .ARM.attributes
                0x000000d2       0x3a ./Core/Src/stm32u5xx_it.o
 .ARM.attributes
                0x0000010c       0x3a ./Core/Src/system_stm32u5xx.o
 .ARM.attributes
                0x00000146       0x24 ./Core/Startup/startup_stm32u575zitx.o
 .ARM.attributes
                0x0000016a       0x3a ./Device/Src/device_monitoring.o
 .ARM.attributes
                0x000001a4       0x3a ./Device/Src/device_registers.o
 .ARM.attributes
                0x000001de       0x3a ./Device/Src/device_sourcing.o
 .ARM.attributes
                0x00000218       0x3a ./Device/Src/measurement_routines.o
 .ARM.attributes
                0x00000252       0x3a ./Device/Src/run_device.o
 .ARM.attributes
                0x0000028c       0x3a ./Device/Src/switch_network.o
 .ARM.attributes
                0x000002c6       0x3a ./Drivers/STM32U5xx_HAL_Driver/Src/stm32u5xx_hal.o
 .ARM.attributes
                0x00000300       0x3a ./Drivers/STM32U5xx_HAL_Driver/Src/stm32u5xx_hal_cortex.o
 .ARM.attributes
                0x0000033a       0x3a ./Drivers/STM32U5xx_HAL_Driver/Src/stm32u5xx_hal_dma.o
 .ARM.attributes
                0x00000374       0x3a ./Drivers/STM32U5xx_HAL_Driver/Src/stm32u5xx_hal_gpio.o
 .ARM.attributes
                0x000003ae       0x3a ./Drivers/STM32U5xx_HAL_Driver/Src/stm32u5xx_hal_i2c.o
 .ARM.attributes
                0x000003e8       0x3a ./Drivers/STM32U5xx_HAL_Driver/Src/stm32u5xx_hal_i2c_ex.o
 .ARM.attributes
                0x00000422       0x3a ./Drivers/STM32U5xx_HAL_Driver/Src/stm32u5xx_hal_icache.o
 .ARM.attributes
                0x0000045c       0x3a ./Drivers/STM32U5xx_HAL_Driver/Src/stm32u5xx_hal_pcd.o
 .ARM.attributes
                0x00000496       0x3a ./Drivers/STM32U5xx_HAL_Driver/Src/stm32u5xx_hal_pcd_ex.o
 .ARM.attributes
                0x000004d0       0x3a ./Drivers/STM32U5xx_HAL_Driver/Src/stm32u5xx_hal_pwr_ex.o
 .ARM.attributes
                0x0000050a       0x3a ./Drivers/STM32U5xx_HAL_Driver/Src/stm32u5xx_hal_rcc.o
 .ARM.attributes
                0x00000544       0x3a ./Drivers/STM32U5xx_HAL_Driver/Src/stm32u5xx_hal_rcc_ex.o
 .ARM.attributes
                0x0000057e       0x3a ./Drivers/STM32U5xx_HAL_Driver/Src/stm32u5xx_hal_spi.o
 .ARM.attributes
                0x000005b8       0x3a ./Drivers/STM32U5xx_HAL_Driver/Src/stm32u5xx_hal_spi_ex.o
 .ARM.attributes
                0x000005f2       0x3a ./Drivers/STM32U5xx_HAL_Driver/Src/stm32u5xx_hal_tim.o
 .ARM.attributes
                0x0000062c       0x3a ./Drivers/STM32U5xx_HAL_Driver/Src/stm32u5xx_hal_tim_ex.o
 .ARM.attributes
                0x00000666       0x3a ./Drivers/STM32U5xx_HAL_Driver/Src/stm32u5xx_ll_usb.o
 .ARM.attributes
                0x000006a0       0x3a ./USB_Device/App/usb_device.o
 .ARM.attributes
                0x000006da       0x3a ./USB_Device/App/usbd_cdc_if.o
 .ARM.attributes
                0x00000714       0x3a ./USB_Device/App/usbd_desc.o
 .ARM.attributes
                0x0000074e       0x3a ./USB_Device/Target/usbd_conf.o
 .ARM.attributes
                0x00000788       0x3a ./USB_Lib/ST/STM32_USB_Device_Library/Class/CDC/Src/usbd_cdc.o
 .ARM.attributes
                0x000007c2       0x3a ./USB_Lib/ST/STM32_USB_Device_Library/Core/Src/usbd_core.o
 .ARM.attributes
                0x000007fc       0x3a ./USB_Lib/ST/STM32_USB_Device_Library/Core/Src/usbd_ctlreq.o
 .ARM.attributes
                0x00000836       0x3a ./USB_Lib/ST/STM32_USB_Device_Library/Core/Src/usbd_ioreq.o
 .ARM.attributes
                0x00000870       0x38 C:/ST/STM32CubeIDE_1.16.1/STM32CubeIDE/plugins/com.st.stm32cube.ide.mcu.externaltools.gnu-tools-for-stm32.12.3.rel1.win32_1.1.0.202410251130/tools/bin/../lib/gcc/arm-none-eabi/12.3.1/../../../../arm-none-eabi/lib/thumb/v8-m.main+fp/hard\libc_nano.a(libc_a-findfp.o)
 .ARM.attributes
                0x000008a8       0x38 C:/ST/STM32CubeIDE_1.16.1/STM32CubeIDE/plugins/com.st.stm32cube.ide.mcu.externaltools.gnu-tools-for-stm32.12.3.rel1.win32_1.1.0.202410251130/tools/bin/../lib/gcc/arm-none-eabi/12.3.1/../../../../arm-none-eabi/lib/thumb/v8-m.main+fp/hard\libc_nano.a(libc_a-memset.o)
 .ARM.attributes
                0x000008e0       0x38 C:/ST/STM32CubeIDE_1.16.1/STM32CubeIDE/plugins/com.st.stm32cube.ide.mcu.externaltools.gnu-tools-for-stm32.12.3.rel1.win32_1.1.0.202410251130/tools/bin/../lib/gcc/arm-none-eabi/12.3.1/../../../../arm-none-eabi/lib/thumb/v8-m.main+fp/hard\libc_nano.a(libc_a-impure.o)
 .ARM.attributes
                0x00000918       0x38 C:/ST/STM32CubeIDE_1.16.1/STM32CubeIDE/plugins/com.st.stm32cube.ide.mcu.externaltools.gnu-tools-for-stm32.12.3.rel1.win32_1.1.0.202410251130/tools/bin/../lib/gcc/arm-none-eabi/12.3.1/../../../../arm-none-eabi/lib/thumb/v8-m.main+fp/hard\libc_nano.a(libc_a-errno.o)
 .ARM.attributes
                0x00000950       0x38 C:/ST/STM32CubeIDE_1.16.1/STM32CubeIDE/plugins/com.st.stm32cube.ide.mcu.externaltools.gnu-tools-for-stm32.12.3.rel1.win32_1.1.0.202410251130/tools/bin/../lib/gcc/arm-none-eabi/12.3.1/../../../../arm-none-eabi/lib/thumb/v8-m.main+fp/hard\libc_nano.a(libc_a-init.o)
 .ARM.attributes
                0x00000988       0x38 C:/ST/STM32CubeIDE_1.16.1/STM32CubeIDE/plugins/com.st.stm32cube.ide.mcu.externaltools.gnu-tools-for-stm32.12.3.rel1.win32_1.1.0.202410251130/tools/bin/../lib/gcc/arm-none-eabi/12.3.1/../../../../arm-none-eabi/lib/thumb/v8-m.main+fp/hard\libm.a(libm_a-w_pow.o)
 .ARM.attributes
                0x000009c0       0x38 C:/ST/STM32CubeIDE_1.16.1/STM32CubeIDE/plugins/com.st.stm32cube.ide.mcu.externaltools.gnu-tools-for-stm32.12.3.rel1.win32_1.1.0.202410251130/tools/bin/../lib/gcc/arm-none-eabi/12.3.1/../../../../arm-none-eabi/lib/thumb/v8-m.main+fp/hard\libm.a(libm_a-s_finite.o)
 .ARM.attributes
                0x000009f8       0x38 C:/ST/STM32CubeIDE_1.16.1/STM32CubeIDE/plugins/com.st.stm32cube.ide.mcu.externaltools.gnu-tools-for-stm32.12.3.rel1.win32_1.1.0.202410251130/tools/bin/../lib/gcc/arm-none-eabi/12.3.1/../../../../arm-none-eabi/lib/thumb/v8-m.main+fp/hard\libm.a(libm_a-s_round.o)
 .ARM.attributes
                0x00000a30       0x38 C:/ST/STM32CubeIDE_1.16.1/STM32CubeIDE/plugins/com.st.stm32cube.ide.mcu.externaltools.gnu-tools-for-stm32.12.3.rel1.win32_1.1.0.202410251130/tools/bin/../lib/gcc/arm-none-eabi/12.3.1/../../../../arm-none-eabi/lib/thumb/v8-m.main+fp/hard\libm.a(libm_a-e_pow.o)
 .ARM.attributes
                0x00000a68       0x38 C:/ST/STM32CubeIDE_1.16.1/STM32CubeIDE/plugins/com.st.stm32cube.ide.mcu.externaltools.gnu-tools-for-stm32.12.3.rel1.win32_1.1.0.202410251130/tools/bin/../lib/gcc/arm-none-eabi/12.3.1/../../../../arm-none-eabi/lib/thumb/v8-m.main+fp/hard\libm.a(libm_a-s_fabs.o)
 .ARM.attributes
                0x00000aa0       0x38 C:/ST/STM32CubeIDE_1.16.1/STM32CubeIDE/plugins/com.st.stm32cube.ide.mcu.externaltools.gnu-tools-for-stm32.12.3.rel1.win32_1.1.0.202410251130/tools/bin/../lib/gcc/arm-none-eabi/12.3.1/../../../../arm-none-eabi/lib/thumb/v8-m.main+fp/hard\libm.a(libm_a-s_scalbn.o)
 .ARM.attributes
                0x00000ad8       0x38 C:/ST/STM32CubeIDE_1.16.1/STM32CubeIDE/plugins/com.st.stm32cube.ide.mcu.externaltools.gnu-tools-for-stm32.12.3.rel1.win32_1.1.0.202410251130/tools/bin/../lib/gcc/arm-none-eabi/12.3.1/../../../../arm-none-eabi/lib/thumb/v8-m.main+fp/hard\libm.a(libm_a-math_err.o)
 .ARM.attributes
                0x00000b10       0x38 C:/ST/STM32CubeIDE_1.16.1/STM32CubeIDE/plugins/com.st.stm32cube.ide.mcu.externaltools.gnu-tools-for-stm32.12.3.rel1.win32_1.1.0.202410251130/tools/bin/../lib/gcc/arm-none-eabi/12.3.1/../../../../arm-none-eabi/lib/thumb/v8-m.main+fp/hard\libm.a(libm_a-e_sqrt.o)
 .ARM.attributes
                0x00000b48       0x26 C:/ST/STM32CubeIDE_1.16.1/STM32CubeIDE/plugins/com.st.stm32cube.ide.mcu.externaltools.gnu-tools-for-stm32.12.3.rel1.win32_1.1.0.202410251130/tools/bin/../lib/gcc/arm-none-eabi/12.3.1/thumb/v8-m.main+fp/hard\libgcc.a(_arm_addsubdf3.o)
 .ARM.attributes
                0x00000b6e       0x26 C:/ST/STM32CubeIDE_1.16.1/STM32CubeIDE/plugins/com.st.stm32cube.ide.mcu.externaltools.gnu-tools-for-stm32.12.3.rel1.win32_1.1.0.202410251130/tools/bin/../lib/gcc/arm-none-eabi/12.3.1/thumb/v8-m.main+fp/hard\libgcc.a(_arm_muldivdf3.o)
 .ARM.attributes
                0x00000b94       0x26 C:/ST/STM32CubeIDE_1.16.1/STM32CubeIDE/plugins/com.st.stm32cube.ide.mcu.externaltools.gnu-tools-for-stm32.12.3.rel1.win32_1.1.0.202410251130/tools/bin/../lib/gcc/arm-none-eabi/12.3.1/thumb/v8-m.main+fp/hard\libgcc.a(_arm_cmpdf2.o)
 .ARM.attributes
                0x00000bba       0x26 C:/ST/STM32CubeIDE_1.16.1/STM32CubeIDE/plugins/com.st.stm32cube.ide.mcu.externaltools.gnu-tools-for-stm32.12.3.rel1.win32_1.1.0.202410251130/tools/bin/../lib/gcc/arm-none-eabi/12.3.1/thumb/v8-m.main+fp/hard\libgcc.a(_arm_unorddf2.o)
 .ARM.attributes
                0x00000be0       0x26 C:/ST/STM32CubeIDE_1.16.1/STM32CubeIDE/plugins/com.st.stm32cube.ide.mcu.externaltools.gnu-tools-for-stm32.12.3.rel1.win32_1.1.0.202410251130/tools/bin/../lib/gcc/arm-none-eabi/12.3.1/thumb/v8-m.main+fp/hard\libgcc.a(_arm_fixdfsi.o)
 .ARM.attributes
                0x00000c06       0x26 C:/ST/STM32CubeIDE_1.16.1/STM32CubeIDE/plugins/com.st.stm32cube.ide.mcu.externaltools.gnu-tools-for-stm32.12.3.rel1.win32_1.1.0.202410251130/tools/bin/../lib/gcc/arm-none-eabi/12.3.1/thumb/v8-m.main+fp/hard\libgcc.a(_arm_truncdfsf2.o)
 .ARM.attributes