Archive member included to satisfy reference by file (symbol)

C:/ST/STM32CubeIDE_1.16.1/STM32CubeIDE/plugins/com.st.stm32cube.ide.mcu.externaltools.gnu-tools-for-stm32.12.3.rel1.win32_1.1.0.202410251130/tools/bin/../lib/gcc/arm-none-eabi/12.3.1/../../../../arm-none-eabi/lib/thumb/v8-m.main+fp/hard\libc_nano.a(libc_a-exit.o)
                              C:/ST/STM32CubeIDE_1.16.1/STM32CubeIDE/plugins/com.st.stm32cube.ide.mcu.externaltools.gnu-tools-for-stm32.12.3.rel1.win32_1.1.0.202410251130/tools/bin/../lib/gcc/arm-none-eabi/12.3.1/../../../../arm-none-eabi/lib/thumb/v8-m.main+fp/hard/crt0.o (exit)
C:/ST/STM32CubeIDE_1.16.1/STM32CubeIDE/plugins/com.st.stm32cube.ide.mcu.externaltools.gnu-tools-for-stm32.12.3.rel1.win32_1.1.0.202410251130/tools/bin/../lib/gcc/arm-none-eabi/12.3.1/../../../../arm-none-eabi/lib/thumb/v8-m.main+fp/hard\libc_nano.a(libc_a-findfp.o)
                              C:/ST/STM32CubeIDE_1.16.1/STM32CubeIDE/plugins/com.st.stm32cube.ide.mcu.externaltools.gnu-tools-for-stm32.12.3.rel1.win32_1.1.0.202410251130/tools/bin/../lib/gcc/arm-none-eabi/12.3.1/../../../../arm-none-eabi/lib/thumb/v8-m.main+fp/hard\libc_nano.a(libc_a-exit.o) (__stdio_exit_handler)
C:/ST/STM32CubeIDE_1.16.1/STM32CubeIDE/plugins/com.st.stm32cube.ide.mcu.externaltools.gnu-tools-for-stm32.12.3.rel1.win32_1.1.0.202410251130/tools/bin/../lib/gcc/arm-none-eabi/12.3.1/../../../../arm-none-eabi/lib/thumb/v8-m.main+fp/hard\libc_nano.a(libc_a-fwalk.o)
                              C:/ST/STM32CubeIDE_1.16.1/STM32CubeIDE/plugins/com.st.stm32cube.ide.mcu.externaltools.gnu-tools-for-stm32.12.3.rel1.win32_1.1.0.202410251130/tools/bin/../lib/gcc/arm-none-eabi/12.3.1/../../../../arm-none-eabi/lib/thumb/v8-m.main+fp/hard\libc_nano.a(libc_a-findfp.o) (_fwalk_sglue)
C:/ST/STM32CubeIDE_1.16.1/STM32CubeIDE/plugins/com.st.stm32cube.ide.mcu.externaltools.gnu-tools-for-stm32.12.3.rel1.win32_1.1.0.202410251130/tools/bin/../lib/gcc/arm-none-eabi/12.3.1/../../../../arm-none-eabi/lib/thumb/v8-m.main+fp/hard\libc_nano.a(libc_a-stdio.o)
                              C:/ST/STM32CubeIDE_1.16.1/STM32CubeIDE/plugins/com.st.stm32cube.ide.mcu.externaltools.gnu-tools-for-stm32.12.3.rel1.win32_1.1.0.202410251130/tools/bin/../lib/gcc/arm-none-eabi/12.3.1/../../../../arm-none-eabi/lib/thumb/v8-m.main+fp/hard\libc_nano.a(libc_a-findfp.o) (__sread)
C:/ST/STM32CubeIDE_1.16.1/STM32CubeIDE/plugins/com.st.stm32cube.ide.mcu.externaltools.gnu-tools-for-stm32.12.3.rel1.win32_1.1.0.202410251130/tools/bin/../lib/gcc/arm-none-eabi/12.3.1/../../../../arm-none-eabi/lib/thumb/v8-m.main+fp/hard\libc_nano.a(libc_a-memset.o)
                              C:/ST/STM32CubeIDE_1.16.1/STM32CubeIDE/plugins/com.st.stm32cube.ide.mcu.externaltools.gnu-tools-for-stm32.12.3.rel1.win32_1.1.0.202410251130/tools/bin/../lib/gcc/arm-none-eabi/12.3.1/../../../../arm-none-eabi/lib/thumb/v8-m.main+fp/hard/crt0.o (memset)
C:/ST/STM32CubeIDE_1.16.1/STM32CubeIDE/plugins/com.st.stm32cube.ide.mcu.externaltools.gnu-tools-for-stm32.12.3.rel1.win32_1.1.0.202410251130/tools/bin/../lib/gcc/arm-none-eabi/12.3.1/../../../../arm-none-eabi/lib/thumb/v8-m.main+fp/hard\libc_nano.a(libc_a-closer.o)
                              C:/ST/STM32CubeIDE_1.16.1/STM32CubeIDE/plugins/com.st.stm32cube.ide.mcu.externaltools.gnu-tools-for-stm32.12.3.rel1.win32_1.1.0.202410251130/tools/bin/../lib/gcc/arm-none-eabi/12.3.1/../../../../arm-none-eabi/lib/thumb/v8-m.main+fp/hard\libc_nano.a(libc_a-stdio.o) (_close_r)
C:/ST/STM32CubeIDE_1.16.1/STM32CubeIDE/plugins/com.st.stm32cube.ide.mcu.externaltools.gnu-tools-for-stm32.12.3.rel1.win32_1.1.0.202410251130/tools/bin/../lib/gcc/arm-none-eabi/12.3.1/../../../../arm-none-eabi/lib/thumb/v8-m.main+fp/hard\libc_nano.a(libc_a-reent.o)
                              C:/ST/STM32CubeIDE_1.16.1/STM32CubeIDE/plugins/com.st.stm32cube.ide.mcu.externaltools.gnu-tools-for-stm32.12.3.rel1.win32_1.1.0.202410251130/tools/bin/../lib/gcc/arm-none-eabi/12.3.1/../../../../arm-none-eabi/lib/thumb/v8-m.main+fp/hard\libc_nano.a(libc_a-closer.o) (errno)
C:/ST/STM32CubeIDE_1.16.1/STM32CubeIDE/plugins/com.st.stm32cube.ide.mcu.externaltools.gnu-tools-for-stm32.12.3.rel1.win32_1.1.0.202410251130/tools/bin/../lib/gcc/arm-none-eabi/12.3.1/../../../../arm-none-eabi/lib/thumb/v8-m.main+fp/hard\libc_nano.a(libc_a-impure.o)
                              C:/ST/STM32CubeIDE_1.16.1/STM32CubeIDE/plugins/com.st.stm32cube.ide.mcu.externaltools.gnu-tools-for-stm32.12.3.rel1.win32_1.1.0.202410251130/tools/bin/../lib/gcc/arm-none-eabi/12.3.1/../../../../arm-none-eabi/lib/thumb/v8-m.main+fp/hard\libc_nano.a(libc_a-reent.o) (_impure_ptr)
C:/ST/STM32CubeIDE_1.16.1/STM32CubeIDE/plugins/com.st.stm32cube.ide.mcu.externaltools.gnu-tools-for-stm32.12.3.rel1.win32_1.1.0.202410251130/tools/bin/../lib/gcc/arm-none-eabi/12.3.1/../../../../arm-none-eabi/lib/thumb/v8-m.main+fp/hard\libc_nano.a(libc_a-lseekr.o)
[...]
Memory Configuration

Name             Origin             Length             Attributes
RAM              0x20000000         0x000c0000         xrw
SRAM4            0x28000000         0x00004000         xrw
FLASH            0x08000000         0x00200000         xr
*default*        0x00000000         0xffffffff

Linker script and memory map

LOAD C:/ST/STM32CubeIDE_1.16.1/STM32CubeIDE/plugins/com.st.stm32cube.ide.mcu.externaltools.gnu-tools-for-stm32.12.3.rel1.win32_1.1.0.202410251130/tools/bin/../lib/gcc/arm-none-eabi/12.3.1/thumb/v8-m.main+fp/hard/crti.o
LOAD C:/ST/STM32CubeIDE_1.16.1/STM32CubeIDE/plugins/com.st.stm32cube.ide.mcu.externaltools.gnu-tools-for-stm32.12.3.rel1.win32_1.1.0.202410251130/tools/bin/../lib/gcc/arm-none-eabi/12.3.1/thumb/v8-m.main+fp/hard/crtbegin.o
LOAD C:/ST/STM32CubeIDE_1.16.1/STM32CubeIDE/plugins/com.st.stm32cube.ide.mcu.externaltools.gnu-tools-for-stm32.12.3.rel1.win32_1.1.0.202410251130/tools/bin/../lib/gcc/arm-none-eabi/12.3.1/../../../../arm-none-eabi/lib/thumb/v8-m.main+fp/hard/crt0.o
LOAD ./Core/Src/main.o
LOAD ./Core/Src/stm32u5xx_hal_msp.o
LOAD ./Core/Src/stm32u5xx_it.o
LOAD ./Core/Src/syscalls.o
LOAD ./Core/Src/sysmem.o
LOAD ./Core/Src/system_stm32u5xx.o
LOAD ./Core/Startup/startup_stm32u575zitx.o
LOAD ./Device/Src/device_monitoring.o
LOAD ./Device/Src/device_registers.o
LOAD ./Device/Src/device_sourcing.o
LOAD ./Device/Src/measurement_routines.o
LOAD ./Device/Src/run_device.o
LOAD ./Device/Src/switch_network.o
LOAD ./Drivers/STM32U5xx_HAL_Driver/Src/stm32u5xx_hal.o
LOAD ./Drivers/STM32U5xx_HAL_Driver/Src/stm32u5xx_hal_cortex.o
LOAD ./Drivers/STM32U5xx_HAL_Driver/Src/stm32u5xx_hal_dma.o
LOAD ./Drivers/STM32U5xx_HAL_Driver/Src/stm32u5xx_hal_dma_ex.o
LOAD ./Drivers/STM32U5xx_HAL_Driver/Src/stm32u5xx_hal_exti.o
LOAD ./Drivers/STM32U5xx_HAL_Driver/Src/stm32u5xx_hal_flash.o
LOAD ./Drivers/STM32U5xx_HAL_Driver/Src/stm32u5xx_hal_flash_ex.o
LOAD ./Drivers/STM32U5xx_HAL_Driver/Src/stm32u5xx_hal_gpio.o
LOAD ./Drivers/STM32U5xx_HAL_Driver/Src/stm32u5xx_hal_gtzc.o
LOAD ./Drivers/STM32U5xx_HAL_Driver/Src/stm32u5xx_hal_i2c.o
LOAD ./Drivers/STM32U5xx_HAL_Driver/Src/stm32u5xx_hal_i2c_ex.o
LOAD ./Drivers/STM32U5xx_HAL_Driver/Src/stm32u5xx_hal_icache.o
LOAD ./Drivers/STM32U5xx_HAL_Driver/Src/stm32u5xx_hal_pcd.o
LOAD ./Drivers/STM32U5xx_HAL_Driver/Src/stm32u5xx_hal_pcd_ex.o
LOAD ./Drivers/STM32U5xx_HAL_Driver/Src/stm32u5xx_hal_pwr.o
LOAD ./Drivers/STM32U5xx_HAL_Driver/Src/stm32u5xx_hal_pwr_ex.o
LOAD ./Drivers/STM32U5xx_HAL_Driver/Src/stm32u5xx_hal_rcc.o
LOAD ./Drivers/STM32U5xx_HAL_Driver/Src/stm32u5xx_hal_rcc_ex.o
LOAD ./Drivers/STM32U5xx_HAL_Driver/Src/stm32u5xx_hal_spi.o
LOAD ./Drivers/STM32U5xx_HAL_Driver/Src/stm32u5xx_hal_spi_ex.o
LOAD ./Drivers/STM32U5xx_HAL_Driver/Src/stm32u5xx_hal_tim.o
LOAD ./Drivers/STM32U5xx_HAL_Driver/Src/stm32u5xx_hal_tim_ex.o
LOAD ./Drivers/STM32U5xx_HAL_Driver/Src/stm32u5xx_ll_usb.o
LOAD ./USB_Device/App/usb_device.o
LOAD ./USB_Device/App/usbd_cdc_if.o
LOAD ./USB_Device/App/usbd_desc.o
LOAD ./USB_Device/Target/usbd_conf.o
LOAD ./USB_Lib/ST/STM32_USB_Device_Library/Class/CDC/Src/usbd_cdc.o
LOAD ./USB_Lib/ST/STM32_USB_Device_Library/Core/Src/usbd_core.o
LOAD ./USB_Lib/ST/STM32_USB_Device_Library/Core/Src/usbd_ctlreq.o
LOAD ./USB_Lib/ST/STM32_USB_Device_Library/Core/Src/usbd_ioreq.o
START GROUP
LOAD C:/ST/STM32CubeIDE_1.16.1/STM32CubeIDE/plugins/com.st.stm32cube.ide.mcu.externaltools.gnu-tools-for-stm32.12.3.rel1.win32_1.1.0.202410251130/tools/bin/../lib/gcc/arm-none-eabi/12.3.1/../../../../arm-none-eabi/lib/thumb/v8-m.main+fp/hard\libc_nano.a
LOAD C:/ST/STM32CubeIDE_1.16.1/STM32CubeIDE/plugins/com.st.stm32cube.ide.mcu.externaltools.gnu-tools-for-stm32.12.3.rel1.win32_1.1.0.202410251130/tools/bin/../lib/gcc/arm-none-eabi/12.3.1/../../../../arm-none-eabi/lib/thumb/v8-m.main+fp/hard\libm.a
END GROUP
START GROUP
LOAD C:/ST/STM32CubeIDE_1.16.1/STM32CubeIDE/plugins/com.st.stm32cube.ide.mcu.externaltools.gnu-tools-for-stm32.12.3.rel1.win32_1.1.0.202410251130/tools/bin/../lib/gcc/arm-none-eabi/12.3.1/thumb/v8-m.main+fp/hard\libgcc.a
LOAD C:/ST/STM32CubeIDE_1.16.1/STM32CubeIDE/plugins/com.st.stm32cube.ide.mcu.externaltools.gnu-tools-for-stm32.12.3.rel1.win32_1.1.0.202410251130/tools/bin/../lib/gcc/arm-none-eabi/12.3.1/../../../../arm-none-eabi/lib/thumb/v8-m.main+fp/hard\libc_nano.a
END GROUP
START GROUP
LOAD C:/ST/STM32CubeIDE_1.16.1/STM32CubeIDE/plugins/com.st.stm32cube.ide.mcu.externaltools.gnu-tools-for-stm32.12.3.rel1.win32_1.1.0.202410251130/tools/bin/../lib/gcc/arm-none-eabi/12.3.1/thumb/v8-m.main+fp/hard\libgcc.a
LOAD C:/ST/STM32CubeIDE_1.16.1/STM32CubeIDE/plugins/com.st.stm32cube.ide.mcu.externaltools.gnu-tools-for-stm32.12.3.rel1.win32_1.1.0.202410251130/tools/bin/../lib/gcc/arm-none-eabi/12.3.1/../../../../arm-none-eabi/lib/thumb/v8-m.main+fp/hard\libc_nano.a
LOAD C:/ST/STM32CubeIDE_1.16.1/STM32CubeIDE/plugins/com.st.stm32cube.ide.mcu.externaltools.gnu-tools-for-stm32.12.3.rel1.win32_1.1.0.202410251130/tools/bin/../lib/gcc/arm-none-eabi/12.3.1/../../../../arm-none-eabi/lib/thumb/v8-m.main+fp/hard\libnosys.a
END GROUP
START GROUP
LOAD C:/ST/STM32CubeIDE_1.16.1/STM32CubeIDE/plugins/com.st.stm32cube.ide.mcu.externaltools.gnu-tools-for-stm32.12.3.rel1.win32_1.1.0.202410251130/tools/bin/../lib/gcc/arm-none-eabi/12.3.1/thumb/v8-m.main+fp/hard\libgcc.a
LOAD C:/ST/STM32CubeIDE_1.16.1/STM32CubeIDE/plugins/com.st.stm32cube.ide.mcu.externaltools.gnu-tools-for-stm32.12.3.rel1.win32_1.1.0.202410251130/tools/bin/../lib/gcc/arm-none-eabi/12.3.1/../../../../arm-none-eabi/lib/thumb/v8-m.main+fp/hard\libc_nano.a
LOAD C:/ST/STM32CubeIDE_1.16.1/STM32CubeIDE/plugins/com.st.stm32cube.ide.mcu.externaltools.gnu-tools-for-stm32.12.3.rel1.win32_1.1.0.202410251130/tools/bin/../lib/gcc/arm-none-eabi/12.3.1/../../../../arm-none-eabi/lib/thumb/v8-m.main+fp/hard\libnosys.a
END GROUP
LOAD C:/ST/STM32CubeIDE_1.16.1/STM32CubeIDE/plugins/com.st.stm32cube.ide.mcu.externaltools.gnu-tools-for-stm32.12.3.rel1.win32_1.1.0.202410251130/tools/bin/../lib/gcc/arm-none-eabi/12.3.1/thumb/v8-m.main+fp/hard/crtend.o
LOAD C:/ST/STM32CubeIDE_1.16.1/STM32CubeIDE/plugins/com.st.stm32cube.ide.mcu.externaltools.gnu-tools-for-stm32.12.3.rel1.win32_1.1.0.202410251130/tools/bin/../lib/gcc/arm-none-eabi/12.3.1/thumb/v8-m.main+fp/hard/crtn.o
                0x200c0000                        _estack = (ORIGIN (RAM) + LENGTH (RAM))
                0x00000200                        _Min_Heap_Size = 0x200
                0x00000400                        _Min_Stack_Size = 0x400

.isr_vector     0x08000000      0x238
 *(.isr_vector)
 .isr_vector    0x08000000      0x238 ./Core/Startup/startup_stm32u575zitx.o
                0x08000000                g_pfnVectors

.text           0x08000238     0xeec4
 *(.text)
 .text          0x08000238       0x40 C:/ST/STM32CubeIDE_1.16.1/STM32CubeIDE/plugins/com.st.stm32cube.ide.mcu.externaltools.gnu-tools-for-stm32.12.3.rel1.win32_1.1.0.202410251130/tools/bin/../lib/gcc/arm-none-eabi/12.3.1/thumb/v8-m.main+fp/hard/crtbegin.o
 .text          0x08000278      0x378 C:/ST/STM32CubeIDE_1.16.1/STM32CubeIDE/plugins/com.st.stm32cube.ide.mcu.externaltools.gnu-tools-for-stm32.12.3.rel1.win32_1.1.0.202410251130/tools/bin/../lib/gcc/arm-none-eabi/12.3.1/thumb/v8-m.main+fp/hard\libgcc.a(_arm_addsubdf3.o)
                0x08000278                __aeabi_drsub
                0x08000280                __aeabi_dsub
                0x08000280                __subdf3
                0x08000284                __aeabi_dadd
                0x08000284                __adddf3
                0x080004fc                __floatunsidf
                0x080004fc                __aeabi_ui2d
                0x0800051c                __floatsidf
                0x0800051c                __aeabi_i2d
                0x08000540                __aeabi_f2d
                0x08000540                __extendsfdf2
                0x08000584                __floatundidf
                0x08000584                __aeabi_ul2d
                0x08000594                __floatdidf
                0x08000594                __aeabi_l2d
 .text          0x080005f0      0x424 C:/ST/STM32CubeIDE_1.16.1/STM32CubeIDE/plugins/com.st.stm32cube.ide.mcu.externaltools.gnu-tools-for-stm32.12.3.rel1.win32_1.1.0.202410251130/tools/bin/../lib/gcc/arm-none-eabi/12.3.1/thumb/v8-m.main+fp/hard\libgcc.a(_arm_muldivdf3.o)
                0x080005f0                __aeabi_dmul
                0x080005f0                __muldf3
                0x08000844                __divdf3
                0x08000844                __aeabi_ddiv
 .text          0x08000a14      0x110 C:/ST/STM32CubeIDE_1.16.1/STM32CubeIDE/plugins/com.st.stm32cube.ide.mcu.externaltools.gnu-tools-for-stm32.12.3.rel1.win32_1.1.0.202410251130/tools/bin/../lib/gcc/arm-none-eabi/12.3.1/thumb/v8-m.main+fp/hard\libgcc.a(_arm_cmpdf2.o)
                0x08000a14                __gtdf2
                0x08000a14                __gedf2
                0x08000a1c                __ltdf2
                0x08000a1c                __ledf2
                0x08000a24                __nedf2
                0x08000a24                __eqdf2
                0x08000a24                __cmpdf2
                0x08000aa0                __aeabi_cdrcmple
                0x08000ab0                __aeabi_cdcmpeq
                0x08000ab0                __aeabi_cdcmple
                0x08000ac0                __aeabi_dcmpeq
                0x08000ad4                __aeabi_dcmplt
                0x08000ae8                __aeabi_dcmple
                0x08000afc                __aeabi_dcmpge
                0x08000b10                __aeabi_dcmpgt
 .text          0x08000b24       0x2c C:/ST/STM32CubeIDE_1.16.1/STM32CubeIDE/plugins/com.st.stm32cube.ide.mcu.externaltools.gnu-tools-for-stm32.12.3.rel1.win32_1.1.0.202410251130/tools/bin/../lib/gcc/arm-none-eabi/12.3.1/thumb/v8-m.main+fp/hard\libgcc.a(_arm_unorddf2.o)
                0x08000b24                __unorddf2
                0x08000b24                __aeabi_dcmpun
 .text          0x08000b50       0x50 C:/ST/STM32CubeIDE_1.16.1/STM32CubeIDE/plugins/com.st.stm32cube.ide.mcu.externaltools.gnu-tools-for-stm32.12.3.rel1.win32_1.1.0.202410251130/tools/bin/../lib/gcc/arm-none-eabi/12.3.1/thumb/v8-m.main+fp/hard\libgcc.a(_arm_fixdfsi.o)
                0x08000b50                __aeabi_d2iz
                0x08000b50                __fixdfsi
 .text          0x08000ba0       0xa0 C:/ST/STM32CubeIDE_1.16.1/STM32CubeIDE/plugins/com.st.stm32cube.ide.mcu.externaltools.gnu-tools-for-stm32.12.3.rel1.win32_1.1.0.202410251130/tools/bin/../lib/gcc/arm-none-eabi/12.3.1/thumb/v8-m.main+fp/hard\libgcc.a(_arm_truncdfsf2.o)
                0x08000ba0                __truncdfsf2
                0x08000ba0                __aeabi_d2f
 *(.text*)
 .text.main     0x08000c40       0x44 ./Core/Src/main.o
                0x08000c40                main
 .text.SystemClock_Config
                0x08000c84       0xc8 ./Core/Src/main.o
                0x08000c84                SystemClock_Config
 .text.MX_GPDMA1_Init
                0x08000d4c       0x60 ./Core/Src/main.o
 .text.MX_I2C2_Init
                0x08000dac       0x7c ./Core/Src/main.o
 .text.MX_I2C3_Init
                0x08000e28       0x7c ./Core/Src/main.o
 .text.MX_ICACHE_Init
                0x08000ea4       0x26 ./Core/Src/main.o
 *fill*         0x08000eca        0x2 
 .text.MX_SPI1_Init
                0x08000ecc       0xe0 ./Core/Src/main.o
 .text.MX_SPI2_Init
                0x08000fac       0xe0 ./Core/Src/main.o
 .text.MX_TIM8_Init
                0x0800108c      0x160 ./Core/Src/main.o
 .text.MX_USB_OTG_FS_PCD_Init
                0x080011ec       0x64 ./Core/Src/main.o
 .text.MX_GPIO_Init
                0x08001250      0x204 ./Core/Src/main.o
 .text.Error_Handler
                0x08001454        0xc ./Core/Src/main.o
                0x08001454                Error_Handler
 .text.HAL_MspInit
                0x08001460       0x38 ./Core/Src/stm32u5xx_hal_msp.o
                0x08001460                HAL_MspInit
 .text.HAL_I2C_MspInit
                0x08001498      0x174 ./Core/Src/stm32u5xx_hal_msp.o
                0x08001498                HAL_I2C_MspInit
 .text.HAL_SPI_MspInit
                0x0800160c      0x1ec ./Core/Src/stm32u5xx_hal_msp.o
                0x0800160c                HAL_SPI_MspInit
 .text.HAL_TIM_Base_MspInit
                0x080017f8      0x204 ./Core/Src/stm32u5xx_hal_msp.o
                0x080017f8                HAL_TIM_Base_MspInit
 .text.HAL_TIM_MspPostInit
                0x080019fc       0x74 ./Core/Src/stm32u5xx_hal_msp.o
                0x080019fc                HAL_TIM_MspPostInit
 .text.HAL_PCD_MspInit
                0x08001a70      0x128 ./Core/Src/stm32u5xx_hal_msp.o
                0x08001a70                HAL_PCD_MspInit
 .text.NMI_Handler
                0x08001b98        0x8 ./Core/Src/stm32u5xx_it.o
                0x08001b98                NMI_Handler
 .text.HardFault_Handler
                0x08001ba0        0x8 ./Core/Src/stm32u5xx_it.o
                0x08001ba0                HardFault_Handler
 .text.MemManage_Handler
                0x08001ba8        0x8 ./Core/Src/stm32u5xx_it.o
                0x08001ba8                MemManage_Handler
 .text.BusFault_Handler
                0x08001bb0        0x8 ./Core/Src/stm32u5xx_it.o
                0x08001bb0                BusFault_Handler
 .text.UsageFault_Handler
                0x08001bb8        0x8 ./Core/Src/stm32u5xx_it.o
                0x08001bb8                UsageFault_Handler
 .text.SVC_Handler
                0x08001bc0        0xe ./Core/Src/stm32u5xx_it.o
                0x08001bc0                SVC_Handler
 .text.DebugMon_Handler
                0x08001bce        0xe ./Core/Src/stm32u5xx_it.o
                0x08001bce                DebugMon_Handler
 .text.PendSV_Handler
                0x08001bdc        0xe ./Core/Src/stm32u5xx_it.o
                0x08001bdc                PendSV_Handler
 .text.SysTick_Handler
                0x08001bea        0xc ./Core/Src/stm32u5xx_it.o
                0x08001bea                SysTick_Handler
 *fill*         0x08001bf6        0x2 
 .text.TIM8_UP_IRQHandler
                0x08001bf8       0x14 ./Core/Src/stm32u5xx_it.o
                0x08001bf8                TIM8_UP_IRQHandler
 .text.OTG_FS_IRQHandler
                0x08001c0c       0x14 ./Core/Src/stm32u5xx_it.o
                0x08001c0c                OTG_FS_IRQHandler
 .text.GPDMA1_Channel12_IRQHandler
                0x08001c20       0x14 ./Core/Src/stm32u5xx_it.o
                0x08001c20                GPDMA1_Channel12_IRQHandler
 .text.GPDMA1_Channel13_IRQHandler
                0x08001c34       0x14 ./Core/Src/stm32u5xx_it.o
                0x08001c34                GPDMA1_Channel13_IRQHandler
 .text.GPDMA1_Channel14_IRQHandler
                0x08001c48       0x14 ./Core/Src/stm32u5xx_it.o
                0x08001c48                GPDMA1_Channel14_IRQHandler
 .text.SystemInit
                0x08001c5c       0x70 ./Core/Src/system_stm32u5xx.o
                0x08001c5c                SystemInit
 .text.Reset_Handler
                0x08001ccc       0x50 ./Core/Startup/startup_stm32u575zitx.o
                0x08001ccc                Reset_Handler
 .text.Default_Handler
                0x08001d1c        0x2 ./Core/Startup/startup_stm32u575zitx.o
                0x08001d1c                EXTI2_IRQHandler
                0x08001d1c                TIM8_TRG_COM_IRQHandler
                0x08001d1c                TIM8_CC_IRQHandler
                0x08001d1c                EXTI5_IRQHandler
                0x08001d1c                FLASH_S_IRQHandler
                0x08001d1c                EXTI13_IRQHandler
                0x08001d1c                TIM1_CC_IRQHandler
                0x08001d1c                TSC_IRQHandler
                0x08001d1c                TAMP_IRQHandler
                0x08001d1c                TIM6_IRQHandler
                0x08001d1c                EXTI12_IRQHandler
                0x08001d1c                CORDIC_IRQHandler
                0x08001d1c                EXTI3_IRQHandler
                0x08001d1c                LPTIM4_IRQHandler
                0x08001d1c                GPDMA1_Channel5_IRQHandler
                0x08001d1c                EXTI8_IRQHandler
                0x08001d1c                LPTIM2_IRQHandler
                0x08001d1c                I2C3_ER_IRQHandler
                0x08001d1c                PWR_S3WU_IRQHandler
                0x08001d1c                MDF1_FLT2_IRQHandler
                0x08001d1c                LPDMA1_Channel3_IRQHandler
                0x08001d1c                LPTIM3_IRQHandler
                0x08001d1c                EXTI0_IRQHandler
                0x08001d1c                I2C2_EV_IRQHandler
                0x08001d1c                FPU_IRQHandler
                0x08001d1c                GPDMA1_Channel3_IRQHandler
                0x08001d1c                GPDMA1_Channel7_IRQHandler
                0x08001d1c                MDF1_FLT4_IRQHandler
                0x08001d1c                FDCAN1_IT1_IRQHandler
                0x08001d1c                RAMCFG_IRQHandler
                0x08001d1c                GPDMA1_Channel9_IRQHandler
                0x08001d1c                DCACHE1_IRQHandler
                0x08001d1c                SPI1_IRQHandler
                0x08001d1c                OCTOSPI1_IRQHandler
                0x08001d1c                GPDMA1_Channel2_IRQHandler
                0x08001d1c                RCC_S_IRQHandler
                0x08001d1c                OCTOSPI2_IRQHandler
                0x08001d1c                SAI2_IRQHandler
                0x08001d1c                MDF1_FLT1_IRQHandler
                0x08001d1c                ADC1_IRQHandler
                0x08001d1c                MDF1_FLT5_IRQHandler
                0x08001d1c                EXTI15_IRQHandler
                0x08001d1c                TIM17_IRQHandler
                0x08001d1c                USART3_IRQHandler
                0x08001d1c                RTC_IRQHandler
                0x08001d1c                EXTI9_IRQHandler
                0x08001d1c                UART5_IRQHandler
                0x08001d1c                TIM4_IRQHandler
                0x08001d1c                I2C1_EV_IRQHandler
                0x08001d1c                GPDMA1_Channel1_IRQHandler
                0x08001d1c                TIM16_IRQHandler
                0x08001d1c                GPDMA1_Channel15_IRQHandler
                0x08001d1c                UART4_IRQHandler
                0x08001d1c                SecureFault_Handler
                0x08001d1c                TIM3_IRQHandler
                0x08001d1c                RCC_IRQHandler
                0x08001d1c                TIM1_TRG_COM_IRQHandler
                0x08001d1c                Default_Handler
                0x08001d1c                GPDMA1_Channel8_IRQHandler
                0x08001d1c                FMAC_IRQHandler
                0x08001d1c                GPDMA1_Channel11_IRQHandler
                0x08001d1c                TIM7_IRQHandler
                0x08001d1c                SDMMC1_IRQHandler
                0x08001d1c                TIM5_IRQHandler
                0x08001d1c                UCPD1_IRQHandler
                0x08001d1c                GPDMA1_Channel0_IRQHandler
                0x08001d1c                TIM15_IRQHandler
                0x08001d1c                I2C3_EV_IRQHandler
                0x08001d1c                LPDMA1_Channel0_IRQHandler
                0x08001d1c                PVD_PVM_IRQHandler
                0x08001d1c                SPI2_IRQHandler
                0x08001d1c                LPDMA1_Channel1_IRQHandler
                0x08001d1c                EXTI14_IRQHandler
                0x08001d1c                EXTI11_IRQHandler
                0x08001d1c                CRS_IRQHandler
                0x08001d1c                LSECSSD_IRQHandler
                0x08001d1c                EXTI4_IRQHandler
                0x08001d1c                RTC_S_IRQHandler
                0x08001d1c                RNG_IRQHandler
                0x08001d1c                COMP_IRQHandler
                0x08001d1c                TIM1_UP_IRQHandler
                0x08001d1c                ADC4_IRQHandler
                0x08001d1c                WWDG_IRQHandler
                0x08001d1c                I2C4_EV_IRQHandler
                0x08001d1c                ADF1_IRQHandler
                0x08001d1c                IWDG_IRQHandler
                0x08001d1c                LPUART1_IRQHandler
                0x08001d1c                MDF1_FLT0_IRQHandler
                0x08001d1c                FDCAN1_IT0_IRQHandler
                0x08001d1c                TIM2_IRQHandler
                0x08001d1c                GPDMA1_Channel4_IRQHandler
                0x08001d1c                EXTI7_IRQHandler
                0x08001d1c                DMA2D_IRQHandler
                0x08001d1c                TIM1_BRK_IRQHandler
                0x08001d1c                EXTI1_IRQHandler
                0x08001d1c                SDMMC2_IRQHandler
                0x08001d1c                DAC1_IRQHandler
                0x08001d1c                GTZC_IRQHandler
                0x08001d1c                MDF1_FLT3_IRQHandler
                0x08001d1c                USART2_IRQHandler
                0x08001d1c                GPDMA1_Channel6_IRQHandler
                0x08001d1c                I2C2_ER_IRQHandler
                0x08001d1c                TIM8_BRK_IRQHandler
                0x08001d1c                FLASH_IRQHandler
                0x08001d1c                USART1_IRQHandler
                0x08001d1c                EXTI10_IRQHandler
                0x08001d1c                SPI3_IRQHandler
                0x08001d1c                LPDMA1_Channel2_IRQHandler
                0x08001d1c                I2C1_ER_IRQHandler
                0x08001d1c                FMC_IRQHandler
                0x08001d1c                EXTI6_IRQHandler
                0x08001d1c                LPTIM1_IRQHandler
                0x08001d1c                DCMI_PSSI_IRQHandler
                0x08001d1c                I2C4_ER_IRQHandler
                0x08001d1c                GPDMA1_Channel10_IRQHandler
                0x08001d1c                ICACHE_IRQHandler
                0x08001d1c                SAI1_IRQHandler
                0x08001d1c                HASH_IRQHandler
 *fill*         0x08001d1e        0x2 
 .text.set_adc_sampling_freq
                0x08001d20       0x84 ./Device/Src/device_monitoring.o
                0x08001d20                set_adc_sampling_freq
 .text.set_adc_dma_callback_routines
                0x08001da4       0x58 ./Device/Src/device_monitoring.o
                0x08001da4                set_adc_dma_callback_routines
 .text.collect_adc_samples2
                0x08001dfc       0xd4 ./Device/Src/device_monitoring.o
                0x08001dfc                collect_adc_samples2
 .text.reverse_bits_16
                0x08001ed0       0x50 ./Device/Src/device_monitoring.o
                0x08001ed0                reverse_bits_16
 .text.reverse_buffer_bits_16
                0x08001f20       0x44 ./Device/Src/device_monitoring.o
                0x08001f20                reverse_buffer_bits_16
 .text.dma_adc_1_cplt_callback
                0x08001f64       0x34 ./Device/Src/device_monitoring.o
                0x08001f64                dma_adc_1_cplt_callback
 .text.dma_adc_2_cplt_callback
                0x08001f98       0x28 ./Device/Src/device_monitoring.o
                0x08001f98                dma_adc_2_cplt_callback
 .text.dma_adc_3_cplt_callback
                0x08001fc0       0x28 ./Device/Src/device_monitoring.o
                0x08001fc0                dma_adc_3_cplt_callback
 .text.init_register_map
                0x08001fe8       0x32 ./Device/Src/device_registers.o
                0x08001fe8                init_register_map
 .text.get_register
                0x0800201a       0x22 ./Device/Src/device_registers.o
                0x0800201a                get_register
 .text.set_register
                0x0800203c       0x26 ./Device/Src/device_registers.o
                0x0800203c                set_register
 .text.set_ad9833_dds_buffer
                0x08002062       0x8a ./Device/Src/device_sourcing.o
                0x08002062                set_ad9833_dds_buffer
 .text.set_pot_buffer
                0x080020ec       0x2a ./Device/Src/device_sourcing.o
                0x080020ec                set_pot_buffer
 *fill*         0x08002116        0x2 
 .text.calculate_pot_value_curr_mirr
                0x08002118       0xac ./Device/Src/device_sourcing.o
                0x08002118                calculate_pot_value_curr_mirr
 .text.config_dds_freq
                0x080021c4       0x2c ./Device/Src/device_sourcing.o
                0x080021c4                config_dds_freq
 .text.config_volt_src_gain
                0x080021f0       0x34 ./Device/Src/device_sourcing.o
                0x080021f0                config_volt_src_gain
 .text.config_volt_src_offset
                0x08002224       0x34 ./Device/Src/device_sourcing.o
                0x08002224                config_volt_src_offset
 .text.config_current_mirror
                0x08002258       0x34 ./Device/Src/device_sourcing.o
                0x08002258                config_current_mirror
 .text.dvc_exec_msr_dc_resistance_2p
                0x0800228c       0xa8 ./Device/Src/measurement_routines.o
                0x0800228c                dvc_exec_msr_dc_resistance_2p
 .text.dvc_exec_msr_current_voltage
                0x08002334      0x1a8 ./Device/Src/measurement_routines.o
                0x08002334                dvc_exec_msr_current_voltage
 .text.dvc_exec_msr_capacitance_voltage_2p
                0x080024dc        0xe ./Device/Src/measurement_routines.o
                0x080024dc                dvc_exec_msr_capacitance_voltage_2p
 *fill*         0x080024ea        0x2 
 .text.dvc_exec_msr_impedance_spectroscopy_2p
                0x080024ec      0x1b8 ./Device/Src/measurement_routines.o
                0x080024ec                dvc_exec_msr_impedance_spectroscopy_2p
 .text.dvc_exec_msr_transfer_characteristics
                0x080026a4        0xe ./Device/Src/measurement_routines.o
                0x080026a4                dvc_exec_msr_transfer_characteristics
 .text.dvc_exec_msr_output_characteristics
                0x080026b2        0xe ./Device/Src/measurement_routines.o
                0x080026b2                dvc_exec_msr_output_characteristics
 .text.dvc_exec_msr_capacitance_voltage_3p
                0x080026c0        0xe ./Device/Src/measurement_routines.o
                0x080026c0                dvc_exec_msr_capacitance_voltage_3p
 .text.dvc_exec_msr_electrochemical
                0x080026ce        0xe ./Device/Src/measurement_routines.o
                0x080026ce                dvc_exec_msr_electrochemical
 .text.dvc_exec_msr_low_resistance
                0x080026dc        0xe ./Device/Src/measurement_routines.o
                0x080026dc                dvc_exec_msr_low_resistance
 *fill*         0x080026ea        0x2 
 .text.dvc_exec_msr_dc_resistance_4p
                0x080026ec       0xa8 ./Device/Src/measurement_routines.o
                0x080026ec                dvc_exec_msr_dc_resistance_4p
 .text.dvc_exec_msr_impedance_spectroscopy_4p
                0x08002794        0xe ./Device/Src/measurement_routines.o
                0x08002794                dvc_exec_msr_impedance_spectroscopy_4p
 *fill*         0x080027a2        0x2 
 .text.run_device
                0x080027a4      0x13c ./Device/Src/run_device.o
                0x080027a4                run_device
 .text.init_switch_network
                0x080028e0       0xb0 ./Device/Src/switch_network.o
                0x080028e0                init_switch_network
 .text.clear_switch_network
                0x08002990       0x74 ./Device/Src/switch_network.o
                0x08002990                clear_switch_network
 .text.set_switch_network
                0x08002a04       0x6c ./Device/Src/switch_network.o
                0x08002a04                set_switch_network
 .text.map_switch_network
                0x08002a70      0x362 ./Device/Src/switch_network.o
                0x08002a70                map_switch_network
 *fill*         0x08002dd2        0x2 
 .text.HAL_Init
                0x08002dd4       0x60 ./Drivers/STM32U5xx_HAL_Driver/Src/stm32u5xx_hal.o
                0x08002dd4                HAL_Init
 .text.HAL_InitTick
                0x08002e34       0xec ./Drivers/STM32U5xx_HAL_Driver/Src/stm32u5xx_hal.o
                0x08002e34                HAL_InitTick
 .text.HAL_IncTick
                0x08002f20       0x28 ./Drivers/STM32U5xx_HAL_Driver/Src/stm32u5xx_hal.o
                0x08002f20                HAL_IncTick
 .text.HAL_GetTick
                0x08002f48       0x18 ./Drivers/STM32U5xx_HAL_Driver/Src/stm32u5xx_hal.o
                0x08002f48                HAL_GetTick
 .text.HAL_Delay
                0x08002f60       0x48 ./Drivers/STM32U5xx_HAL_Driver/Src/stm32u5xx_hal.o
                0x08002f60                HAL_Delay
 .text.__NVIC_SetPriorityGrouping
                0x08002fa8       0x48 ./Drivers/STM32U5xx_HAL_Driver/Src/stm32u5xx_hal_cortex.o
 .text.__NVIC_GetPriorityGrouping
                0x08002ff0       0x1c ./Drivers/STM32U5xx_HAL_Driver/Src/stm32u5xx_hal_cortex.o
 .text.__NVIC_EnableIRQ
                0x0800300c       0x3c ./Drivers/STM32U5xx_HAL_Driver/Src/stm32u5xx_hal_cortex.o
 .text.__NVIC_SetPriority
                0x08003048       0x54 ./Drivers/STM32U5xx_HAL_Driver/Src/stm32u5xx_hal_cortex.o
 .text.NVIC_EncodePriority
                0x0800309c       0x66 ./Drivers/STM32U5xx_HAL_Driver/Src/stm32u5xx_hal_cortex.o
 .text.HAL_NVIC_SetPriorityGrouping
                0x08003102       0x16 ./Drivers/STM32U5xx_HAL_Driver/Src/stm32u5xx_hal_cortex.o
                0x08003102                HAL_NVIC_SetPriorityGrouping
 .text.HAL_NVIC_SetPriority
                0x08003118       0x34 ./Drivers/STM32U5xx_HAL_Driver/Src/stm32u5xx_hal_cortex.o
                0x08003118                HAL_NVIC_SetPriority
 .text.HAL_NVIC_EnableIRQ
                0x0800314c       0x1c ./Drivers/STM32U5xx_HAL_Driver/Src/stm32u5xx_hal_cortex.o
                0x0800314c                HAL_NVIC_EnableIRQ
 .text.HAL_SYSTICK_Config
                0x08003168       0x44 ./Drivers/STM32U5xx_HAL_Driver/Src/stm32u5xx_hal_cortex.o
                0x08003168                HAL_SYSTICK_Config
 .text.HAL_SYSTICK_CLKSourceConfig
                0x080031ac       0xb0 ./Drivers/STM32U5xx_HAL_Driver/Src/stm32u5xx_hal_cortex.o
                0x080031ac                HAL_SYSTICK_CLKSourceConfig
 .text.HAL_SYSTICK_GetCLKSourceConfig
                0x0800325c       0x74 ./Drivers/STM32U5xx_HAL_Driver/Src/stm32u5xx_hal_cortex.o
                0x0800325c                HAL_SYSTICK_GetCLKSourceConfig
 .text.HAL_DMA_Init
                0x080032d0      0x258 ./Drivers/STM32U5xx_HAL_Driver/Src/stm32u5xx_hal_dma.o
                0x080032d0                HAL_DMA_Init
 .text.HAL_DMA_Start_IT
                0x08003528       0xc0 ./Drivers/STM32U5xx_HAL_Driver/Src/stm32u5xx_hal_dma.o
                0x08003528                HAL_DMA_Start_IT
 .text.HAL_DMA_IRQHandler
                0x080035e8      0x2c2 ./Drivers/STM32U5xx_HAL_Driver/Src/stm32u5xx_hal_dma.o
                0x080035e8                HAL_DMA_IRQHandler
 .text.HAL_DMA_ConfigChannelAttributes
                0x080038aa       0x78 ./Drivers/STM32U5xx_HAL_Driver/Src/stm32u5xx_hal_dma.o
                0x080038aa                HAL_DMA_ConfigChannelAttributes
 .text.DMA_SetConfig
                0x08003922       0x4a ./Drivers/STM32U5xx_HAL_Driver/Src/stm32u5xx_hal_dma.o
 .text.DMA_Init
                0x0800396c      0x500 ./Drivers/STM32U5xx_HAL_Driver/Src/stm32u5xx_hal_dma.o
 .text.HAL_GPIO_Init
                0x08003e6c      0x3b0 ./Drivers/STM32U5xx_HAL_Driver/Src/stm32u5xx_hal_gpio.o
                0x08003e6c                HAL_GPIO_Init
 .text.HAL_GPIO_WritePin
                0x0800421c       0x30 ./Drivers/STM32U5xx_HAL_Driver/Src/stm32u5xx_hal_gpio.o
                0x0800421c                HAL_GPIO_WritePin
 .text.HAL_I2C_Init
                0x0800424c      0x136 ./Drivers/STM32U5xx_HAL_Driver/Src/stm32u5xx_hal_i2c.o
                0x0800424c                HAL_I2C_Init
 *fill*         0x08004382        0x2 
 .text.HAL_I2C_Master_Transmit
                0x08004384      0x1e8 ./Drivers/STM32U5xx_HAL_Driver/Src/stm32u5xx_hal_i2c.o
                0x08004384                HAL_I2C_Master_Transmit
 .text.I2C_Flush_TXDR
                0x0800456c       0x48 ./Drivers/STM32U5xx_HAL_Driver/Src/stm32u5xx_hal_i2c.o
 .text.I2C_WaitOnFlagUntilTimeout
                0x080045b4       0xb2 ./Drivers/STM32U5xx_HAL_Driver/Src/stm32u5xx_hal_i2c.o
 .text.I2C_WaitOnTXISFlagUntilTimeout
                0x08004666       0x8e ./Drivers/STM32U5xx_HAL_Driver/Src/stm32u5xx_hal_i2c.o
 .text.I2C_WaitOnSTOPFlagUntilTimeout
                0x080046f4       0x86 ./Drivers/STM32U5xx_HAL_Driver/Src/stm32u5xx_hal_i2c.o
 *fill*         0x0800477a        0x2 
 .text.I2C_IsErrorOccurred
                0x0800477c      0x1c0 ./Drivers/STM32U5xx_HAL_Driver/Src/stm32u5xx_hal_i2c.o
 .text.I2C_TransferConfig
                0x0800493c       0x64 ./Drivers/STM32U5xx_HAL_Driver/Src/stm32u5xx_hal_i2c.o
 .text.HAL_I2CEx_ConfigAnalogFilter
                0x080049a0       0x96 ./Drivers/STM32U5xx_HAL_Driver/Src/stm32u5xx_hal_i2c_ex.o
                0x080049a0                HAL_I2CEx_ConfigAnalogFilter
 .text.HAL_I2CEx_ConfigDigitalFilter
                0x08004a36       0x98 ./Drivers/STM32U5xx_HAL_Driver/Src/stm32u5xx_hal_i2c_ex.o
                0x08004a36                HAL_I2CEx_ConfigDigitalFilter
 *fill*         0x08004ace        0x2 
 .text.HAL_ICACHE_ConfigAssociativityMode
                0x08004ad0       0x40 ./Drivers/STM32U5xx_HAL_Driver/Src/stm32u5xx_hal_icache.o
                0x08004ad0                HAL_ICACHE_ConfigAssociativityMode
 .text.HAL_ICACHE_Enable
                0x08004b10       0x20 ./Drivers/STM32U5xx_HAL_Driver/Src/stm32u5xx_hal_icache.o
                0x08004b10                HAL_ICACHE_Enable
 .text.HAL_PCD_Init
                0x08004b30      0x230 ./Drivers/STM32U5xx_HAL_Driver/Src/stm32u5xx_hal_pcd.o
                0x08004b30                HAL_PCD_Init
 .text.HAL_PCD_Start
                0x08004d60       0x5e ./Drivers/STM32U5xx_HAL_Driver/Src/stm32u5xx_hal_pcd.o
                0x08004d60                HAL_PCD_Start
 .text.HAL_PCD_IRQHandler
                0x08004dbe      0x99c ./Drivers/STM32U5xx_HAL_Driver/Src/stm32u5xx_hal_pcd.o
                0x08004dbe                HAL_PCD_IRQHandler
 .text.HAL_PCD_SetAddress
                0x0800575a       0x48 ./Drivers/STM32U5xx_HAL_Driver/Src/stm32u5xx_hal_pcd.o
                0x0800575a                HAL_PCD_SetAddress
 .text.HAL_PCD_EP_Open
                0x080057a2       0xd4 ./Drivers/STM32U5xx_HAL_Driver/Src/stm32u5xx_hal_pcd.o
                0x080057a2                HAL_PCD_EP_Open
 .text.HAL_PCD_EP_Close
                0x08005876       0x94 ./Drivers/STM32U5xx_HAL_Driver/Src/stm32u5xx_hal_pcd.o
                0x08005876                HAL_PCD_EP_Close
 .text.HAL_PCD_EP_Receive
                0x0800590a       0x76 ./Drivers/STM32U5xx_HAL_Driver/Src/stm32u5xx_hal_pcd.o
                0x0800590a                HAL_PCD_EP_Receive
 .text.HAL_PCD_EP_GetRxCount
                0x08005980       0x30 ./Drivers/STM32U5xx_HAL_Driver/Src/stm32u5xx_hal_pcd.o
                0x08005980                HAL_PCD_EP_GetRxCount
 .text.HAL_PCD_EP_Transmit
                0x080059b0       0x74 ./Drivers/STM32U5xx_HAL_Driver/Src/stm32u5xx_hal_pcd.o
                0x080059b0                HAL_PCD_EP_Transmit
 .text.HAL_PCD_EP_SetStall
                0x08005a24       0xc6 ./Drivers/STM32U5xx_HAL_Driver/Src/stm32u5xx_hal_pcd.o
                0x08005a24                HAL_PCD_EP_SetStall
 .text.HAL_PCD_EP_ClrStall
                0x08005aea       0xac ./Drivers/STM32U5xx_HAL_Driver/Src/stm32u5xx_hal_pcd.o
                0x08005aea                HAL_PCD_EP_ClrStall
 .text.HAL_PCD_EP_Abort
                0x08005b96       0x62 ./Drivers/STM32U5xx_HAL_Driver/Src/stm32u5xx_hal_pcd.o
                0x08005b96                HAL_PCD_EP_Abort
 .text.PCD_WriteEmptyTxFifo
                0x08005bf8      0x118 ./Drivers/STM32U5xx_HAL_Driver/Src/stm32u5xx_hal_pcd.o
 .text.PCD_EP_OutXfrComplete_int
                0x08005d10      0x1d0 ./Drivers/STM32U5xx_HAL_Driver/Src/stm32u5xx_hal_pcd.o
 .text.PCD_EP_OutSetupPacket_int
                0x08005ee0       0x8c ./Drivers/STM32U5xx_HAL_Driver/Src/stm32u5xx_hal_pcd.o
 .text.HAL_PCDEx_SetTxFiFo
                0x08005f6c       0x8e ./Drivers/STM32U5xx_HAL_Driver/Src/stm32u5xx_hal_pcd_ex.o
                0x08005f6c                HAL_PCDEx_SetTxFiFo
 .text.HAL_PCDEx_SetRxFiFo
                0x08005ffa       0x22 ./Drivers/STM32U5xx_HAL_Driver/Src/stm32u5xx_hal_pcd_ex.o
                0x08005ffa                HAL_PCDEx_SetRxFiFo
 .text.HAL_PCDEx_ActivateLPM
                0x0800601c       0x48 ./Drivers/STM32U5xx_HAL_Driver/Src/stm32u5xx_hal_pcd_ex.o
                0x0800601c                HAL_PCDEx_ActivateLPM
 .text.HAL_PWREx_ControlVoltageScaling
                0x08006064       0xfc ./Drivers/STM32U5xx_HAL_Driver/Src/stm32u5xx_hal_pwr_ex.o
                0x08006064                HAL_PWREx_ControlVoltageScaling
 .text.HAL_PWREx_GetVoltageRange
                0x08006160       0x1c ./Drivers/STM32U5xx_HAL_Driver/Src/stm32u5xx_hal_pwr_ex.o
                0x08006160                HAL_PWREx_GetVoltageRange
 .text.HAL_PWREx_EnableVddUSB
                0x0800617c       0x20 ./Drivers/STM32U5xx_HAL_Driver/Src/stm32u5xx_hal_pwr_ex.o
                0x0800617c                HAL_PWREx_EnableVddUSB
 .text.HAL_PWREx_EnableVddIO2
                0x0800619c       0x20 ./Drivers/STM32U5xx_HAL_Driver/Src/stm32u5xx_hal_pwr_ex.o
                0x0800619c                HAL_PWREx_EnableVddIO2
 .text.HAL_RCC_OscConfig
                0x080061bc      0xdb8 ./Drivers/STM32U5xx_HAL_Driver/Src/stm32u5xx_hal_rcc.o
                0x080061bc                HAL_RCC_OscConfig
 .text.HAL_RCC_ClockConfig
                0x08006f74      0x3e4 ./Drivers/STM32U5xx_HAL_Driver/Src/stm32u5xx_hal_rcc.o
                0x08006f74                HAL_RCC_ClockConfig
 .text.HAL_RCC_GetSysClockFreq
                0x08007358      0x204 ./Drivers/STM32U5xx_HAL_Driver/Src/stm32u5xx_hal_rcc.o
                0x08007358                HAL_RCC_GetSysClockFreq
 .text.HAL_RCC_GetHCLKFreq
                0x0800755c       0x34 ./Drivers/STM32U5xx_HAL_Driver/Src/stm32u5xx_hal_rcc.o
                0x0800755c                HAL_RCC_GetHCLKFreq
 .text.RCC_SetFlashLatencyFromMSIRange
                0x08007590      0x10c ./Drivers/STM32U5xx_HAL_Driver/Src/stm32u5xx_hal_rcc.o
 .text.HAL_RCCEx_PeriphCLKConfig
                0x0800769c      0xb48 ./Drivers/STM32U5xx_HAL_Driver/Src/stm32u5xx_hal_rcc_ex.o
                0x0800769c                HAL_RCCEx_PeriphCLKConfig
 .text.RCCEx_PLL2_Config
                0x080081e4      0x130 ./Drivers/STM32U5xx_HAL_Driver/Src/stm32u5xx_hal_rcc_ex.o
 .text.RCCEx_PLL3_Config
                0x08008314      0x130 ./Drivers/STM32U5xx_HAL_Driver/Src/stm32u5xx_hal_rcc_ex.o
 .text.HAL_SPI_Init
                0x08008444      0x22c ./Drivers/STM32U5xx_HAL_Driver/Src/stm32u5xx_hal_spi.o
                0x08008444                HAL_SPI_Init
 .text.HAL_SPI_Transmit
                0x08008670      0x428 ./Drivers/STM32U5xx_HAL_Driver/Src/stm32u5xx_hal_spi.o
                0x08008670                HAL_SPI_Transmit
 .text.SPI_CloseTransfer
                0x08008a98      0x140 ./Drivers/STM32U5xx_HAL_Driver/Src/stm32u5xx_hal_spi.o
 .text.SPI_WaitOnFlagUntilTimeout
                0x08008bd8       0x5c ./Drivers/STM32U5xx_HAL_Driver/Src/stm32u5xx_hal_spi.o
 .text.SPI_GetPacketSize
                0x08008c34       0x36 ./Drivers/STM32U5xx_HAL_Driver/Src/stm32u5xx_hal_spi.o
 .text.HAL_SPIEx_SetConfigAutonomousMode
                0x08008c6a       0x82 ./Drivers/STM32U5xx_HAL_Driver/Src/stm32u5xx_hal_spi_ex.o
                0x08008c6a                HAL_SPIEx_SetConfigAutonomousMode
 .text.HAL_TIM_Base_Init
                0x08008cec       0xae ./Drivers/STM32U5xx_HAL_Driver/Src/stm32u5xx_hal_tim.o
                0x08008cec                HAL_TIM_Base_Init
 *fill*         0x08008d9a        0x2 
 .text.HAL_TIM_Base_Start
                0x08008d9c      0x130 ./Drivers/STM32U5xx_HAL_Driver/Src/stm32u5xx_hal_tim.o
                0x08008d9c                HAL_TIM_Base_Start
 .text.HAL_TIM_PWM_Init
                0x08008ecc       0xae ./Drivers/STM32U5xx_HAL_Driver/Src/stm32u5xx_hal_tim.o
                0x08008ecc                HAL_TIM_PWM_Init
 .text.HAL_TIM_PWM_MspInit
                0x08008f7a       0x14 ./Drivers/STM32U5xx_HAL_Driver/Src/stm32u5xx_hal_tim.o
                0x08008f7a                HAL_TIM_PWM_MspInit
 *fill*         0x08008f8e        0x2 
 .text.HAL_TIM_PWM_Start
                0x08008f90      0x2a4 ./Drivers/STM32U5xx_HAL_Driver/Src/stm32u5xx_hal_tim.o
                0x08008f90                HAL_TIM_PWM_Start
 .text.HAL_TIM_IRQHandler
                0x08009234      0x29e ./Drivers/STM32U5xx_HAL_Driver/Src/stm32u5xx_hal_tim.o
                0x08009234                HAL_TIM_IRQHandler
 *fill*         0x080094d2        0x2 
 .text.HAL_TIM_PWM_ConfigChannel
                0x080094d4      0x228 ./Drivers/STM32U5xx_HAL_Driver/Src/stm32u5xx_hal_tim.o
                0x080094d4                HAL_TIM_PWM_ConfigChannel
 .text.HAL_TIM_ConfigClockSource
                0x080096fc      0x204 ./Drivers/STM32U5xx_HAL_Driver/Src/stm32u5xx_hal_tim.o
                0x080096fc                HAL_TIM_ConfigClockSource
 .text.HAL_TIM_PeriodElapsedCallback
                0x08009900       0x14 ./Drivers/STM32U5xx_HAL_Driver/Src/stm32u5xx_hal_tim.o
                0x08009900                HAL_TIM_PeriodElapsedCallback
 .text.HAL_TIM_OC_DelayElapsedCallback
                0x08009914       0x14 ./Drivers/STM32U5xx_HAL_Driver/Src/stm32u5xx_hal_tim.o
                0x08009914                HAL_TIM_OC_DelayElapsedCallback
 .text.HAL_TIM_IC_CaptureCallback
                0x08009928       0x14 ./Drivers/STM32U5xx_HAL_Driver/Src/stm32u5xx_hal_tim.o
                0x08009928                HAL_TIM_IC_CaptureCallback
 .text.HAL_TIM_PWM_PulseFinishedCallback
                0x0800993c       0x14 ./Drivers/STM32U5xx_HAL_Driver/Src/stm32u5xx_hal_tim.o
                0x0800993c                HAL_TIM_PWM_PulseFinishedCallback
 .text.HAL_TIM_TriggerCallback
                0x08009950       0x14 ./Drivers/STM32U5xx_HAL_Driver/Src/stm32u5xx_hal_tim.o
                0x08009950                HAL_TIM_TriggerCallback
 .text.TIM_Base_SetConfig
                0x08009964      0x200 ./Drivers/STM32U5xx_HAL_Driver/Src/stm32u5xx_hal_tim.o
                0x08009964                TIM_Base_SetConfig
 .text.TIM_OC1_SetConfig
                0x08009b64      0x184 ./Drivers/STM32U5xx_HAL_Driver/Src/stm32u5xx_hal_tim.o
 .text.TIM_OC2_SetConfig
                0x08009ce8      0x160 ./Drivers/STM32U5xx_HAL_Driver/Src/stm32u5xx_hal_tim.o
                0x08009ce8                TIM_OC2_SetConfig
 .text.TIM_OC3_SetConfig
                0x08009e48      0x15c ./Drivers/STM32U5xx_HAL_Driver/Src/stm32u5xx_hal_tim.o
 .text.TIM_OC4_SetConfig
                0x08009fa4      0x160 ./Drivers/STM32U5xx_HAL_Driver/Src/stm32u5xx_hal_tim.o
 .text.TIM_OC5_SetConfig
                0x0800a104      0x104 ./Drivers/STM32U5xx_HAL_Driver/Src/stm32u5xx_hal_tim.o
 .text.TIM_OC6_SetConfig
                0x0800a208      0x108 ./Drivers/STM32U5xx_HAL_Driver/Src/stm32u5xx_hal_tim.o
 .text.TIM_TI1_ConfigInputStage
                0x0800a310       0x5e ./Drivers/STM32U5xx_HAL_Driver/Src/stm32u5xx_hal_tim.o
 .text.TIM_TI2_ConfigInputStage
                0x0800a36e       0x60 ./Drivers/STM32U5xx_HAL_Driver/Src/stm32u5xx_hal_tim.o
 .text.TIM_ITRx_SetConfig
                0x0800a3ce       0x3a ./Drivers/STM32U5xx_HAL_Driver/Src/stm32u5xx_hal_tim.o
 .text.TIM_ETR_SetConfig
                0x0800a408       0x40 ./Drivers/STM32U5xx_HAL_Driver/Src/stm32u5xx_hal_tim.o
                0x0800a408                TIM_ETR_SetConfig
 .text.TIM_CCxChannelCmd
                0x0800a448       0x4a ./Drivers/STM32U5xx_HAL_Driver/Src/stm32u5xx_hal_tim.o
                0x0800a448                TIM_CCxChannelCmd
 *fill*         0x0800a492        0x2 
 .text.HAL_TIMEx_MasterConfigSynchronization
                0x0800a494      0x184 ./Drivers/STM32U5xx_HAL_Driver/Src/stm32u5xx_hal_tim_ex.o
                0x0800a494                HAL_TIMEx_MasterConfigSynchronization
 .text.HAL_TIMEx_ConfigBreakDeadTime
                0x0800a618      0x134 ./Drivers/STM32U5xx_HAL_Driver/Src/stm32u5xx_hal_tim_ex.o
                0x0800a618                HAL_TIMEx_ConfigBreakDeadTime
 .text.HAL_TIMEx_CommutCallback
                0x0800a74c       0x14 ./Drivers/STM32U5xx_HAL_Driver/Src/stm32u5xx_hal_tim_ex.o
                0x0800a74c                HAL_TIMEx_CommutCallback
 .text.HAL_TIMEx_BreakCallback
                0x0800a760       0x14 ./Drivers/STM32U5xx_HAL_Driver/Src/stm32u5xx_hal_tim_ex.o
                0x0800a760                HAL_TIMEx_BreakCallback
 .text.HAL_TIMEx_Break2Callback
                0x0800a774       0x14 ./Drivers/STM32U5xx_HAL_Driver/Src/stm32u5xx_hal_tim_ex.o
                0x0800a774                HAL_TIMEx_Break2Callback
 .text.HAL_TIMEx_EncoderIndexCallback
                0x0800a788       0x14 ./Drivers/STM32U5xx_HAL_Driver/Src/stm32u5xx_hal_tim_ex.o
                0x0800a788                HAL_TIMEx_EncoderIndexCallback
 .text.HAL_TIMEx_DirectionChangeCallback
                0x0800a79c       0x14 ./Drivers/STM32U5xx_HAL_Driver/Src/stm32u5xx_hal_tim_ex.o
                0x0800a79c                HAL_TIMEx_DirectionChangeCallback
 .text.HAL_TIMEx_IndexErrorCallback
                0x0800a7b0       0x14 ./Drivers/STM32U5xx_HAL_Driver/Src/stm32u5xx_hal_tim_ex.o
                0x0800a7b0                HAL_TIMEx_IndexErrorCallback
 .text.HAL_TIMEx_TransitionErrorCallback
                0x0800a7c4       0x14 ./Drivers/STM32U5xx_HAL_Driver/Src/stm32u5xx_hal_tim_ex.o
                0x0800a7c4                HAL_TIMEx_TransitionErrorCallback
 .text.USB_CoreInit
                0x0800a7d8       0x5a ./Drivers/STM32U5xx_HAL_Driver/Src/stm32u5xx_ll_usb.o
                0x0800a7d8                USB_CoreInit
 *fill*         0x0800a832        0x2 
 .text.USB_SetTurnaroundTime
                0x0800a834      0x144 ./Drivers/STM32U5xx_HAL_Driver/Src/stm32u5xx_ll_usb.o
                0x0800a834                USB_SetTurnaroundTime
 .text.USB_EnableGlobalInt
                0x0800a978       0x22 ./Drivers/STM32U5xx_HAL_Driver/Src/stm32u5xx_ll_usb.o
                0x0800a978                USB_EnableGlobalInt
 .text.USB_DisableGlobalInt
                0x0800a99a       0x22 ./Drivers/STM32U5xx_HAL_Driver/Src/stm32u5xx_ll_usb.o
                0x0800a99a                USB_DisableGlobalInt
 .text.USB_SetCurrentMode
                0x0800a9bc       0x98 ./Drivers/STM32U5xx_HAL_Driver/Src/stm32u5xx_ll_usb.o
                0x0800a9bc                USB_SetCurrentMode
 .text.USB_DevInit
                0x0800aa54      0x298 ./Drivers/STM32U5xx_HAL_Driver/Src/stm32u5xx_ll_usb.o
                0x0800aa54                USB_DevInit
 .text.USB_FlushTxFifo
                0x0800acec       0x64 ./Drivers/STM32U5xx_HAL_Driver/Src/stm32u5xx_ll_usb.o
                0x0800acec                USB_FlushTxFifo
 .text.USB_FlushRxFifo
                0x0800ad50       0x5c ./Drivers/STM32U5xx_HAL_Driver/Src/stm32u5xx_ll_usb.o
                0x0800ad50                USB_FlushRxFifo
 .text.USB_SetDevSpeed
                0x0800adac       0x32 ./Drivers/STM32U5xx_HAL_Driver/Src/stm32u5xx_ll_usb.o
                0x0800adac                USB_SetDevSpeed
 .text.USB_GetDevSpeed
                0x0800adde       0x4a ./Drivers/STM32U5xx_HAL_Driver/Src/stm32u5xx_ll_usb.o
                0x0800adde                USB_GetDevSpeed
 .text.USB_ActivateEndpoint
                0x0800ae28      0x10e ./Drivers/STM32U5xx_HAL_Driver/Src/stm32u5xx_ll_usb.o
                0x0800ae28                USB_ActivateEndpoint
 *fill*         0x0800af36        0x2 
 .text.USB_DeactivateEndpoint
                0x0800af38      0x1b8 ./Drivers/STM32U5xx_HAL_Driver/Src/stm32u5xx_ll_usb.o
                0x0800af38                USB_DeactivateEndpoint
 .text.USB_EPStartXfer
                0x0800b0f0      0x53c ./Drivers/STM32U5xx_HAL_Driver/Src/stm32u5xx_ll_usb.o
                0x0800b0f0                USB_EPStartXfer
 .text.USB_EPStopXfer
                0x0800b62c      0x154 ./Drivers/STM32U5xx_HAL_Driver/Src/stm32u5xx_ll_usb.o
                0x0800b62c                USB_EPStopXfer
 .text.USB_WritePacket
                0x0800b780       0x7c ./Drivers/STM32U5xx_HAL_Driver/Src/stm32u5xx_ll_usb.o
                0x0800b780                USB_WritePacket
 .text.USB_ReadPacket
                0x0800b7fc       0xb0 ./Drivers/STM32U5xx_HAL_Driver/Src/stm32u5xx_ll_usb.o
                0x0800b7fc                USB_ReadPacket
 .text.USB_EPSetStall
                0x0800b8ac       0xdc ./Drivers/STM32U5xx_HAL_Driver/Src/stm32u5xx_ll_usb.o
                0x0800b8ac                USB_EPSetStall
 .text.USB_EPClearStall
                0x0800b988       0xcc ./Drivers/STM32U5xx_HAL_Driver/Src/stm32u5xx_ll_usb.o
                0x0800b988                USB_EPClearStall
 .text.USB_SetDevAddress
                0x0800ba54       0x4c ./Drivers/STM32U5xx_HAL_Driver/Src/stm32u5xx_ll_usb.o
                0x0800ba54                USB_SetDevAddress
 .text.USB_DevConnect
                0x0800baa0       0x42 ./Drivers/STM32U5xx_HAL_Driver/Src/stm32u5xx_ll_usb.o
                0x0800baa0                USB_DevConnect
 .text.USB_DevDisconnect
                0x0800bae2       0x42 ./Drivers/STM32U5xx_HAL_Driver/Src/stm32u5xx_ll_usb.o
                0x0800bae2                USB_DevDisconnect
 .text.USB_ReadInterrupts
                0x0800bb24       0x26 ./Drivers/STM32U5xx_HAL_Driver/Src/stm32u5xx_ll_usb.o
                0x0800bb24                USB_ReadInterrupts
 .text.USB_ReadDevAllOutEpInterrupt
                0x0800bb4a       0x34 ./Drivers/STM32U5xx_HAL_Driver/Src/stm32u5xx_ll_usb.o
                0x0800bb4a                USB_ReadDevAllOutEpInterrupt
 .text.USB_ReadDevAllInEpInterrupt
                0x0800bb7e       0x34 ./Drivers/STM32U5xx_HAL_Driver/Src/stm32u5xx_ll_usb.o
                0x0800bb7e                USB_ReadDevAllInEpInterrupt
 .text.USB_ReadDevOutEPInterrupt
                0x0800bbb2       0x3c ./Drivers/STM32U5xx_HAL_Driver/Src/stm32u5xx_ll_usb.o
                0x0800bbb2                USB_ReadDevOutEPInterrupt
 .text.USB_ReadDevInEPInterrupt
                0x0800bbee       0x5c ./Drivers/STM32U5xx_HAL_Driver/Src/stm32u5xx_ll_usb.o
                0x0800bbee                USB_ReadDevInEPInterrupt
 .text.USB_GetMode
                0x0800bc4a       0x1c ./Drivers/STM32U5xx_HAL_Driver/Src/stm32u5xx_ll_usb.o
                0x0800bc4a                USB_GetMode
 .text.USB_ActivateSetup
                0x0800bc66       0x46 ./Drivers/STM32U5xx_HAL_Driver/Src/stm32u5xx_ll_usb.o
                0x0800bc66                USB_ActivateSetup
 .text.USB_EP0_OutStart
                0x0800bcac       0xbc ./Drivers/STM32U5xx_HAL_Driver/Src/stm32u5xx_ll_usb.o
                0x0800bcac                USB_EP0_OutStart
 .text.USB_CoreReset
                0x0800bd68       0x62 ./Drivers/STM32U5xx_HAL_Driver/Src/stm32u5xx_ll_usb.o
 *fill*         0x0800bdca        0x2 
 .text.MX_USB_Device_Init
                0x0800bdcc       0x60 ./USB_Device/App/usb_device.o
                0x0800bdcc                MX_USB_Device_Init
 .text.CDC_Init_FS
                0x0800be2c       0x28 ./USB_Device/App/usbd_cdc_if.o
 .text.CDC_DeInit_FS
                0x0800be54       0x10 ./USB_Device/App/usbd_cdc_if.o
 .text.CDC_Control_FS
                0x0800be64       0xbc ./USB_Device/App/usbd_cdc_if.o
 .text.CDC_Receive_FS
                0x0800bf20      0x104 ./USB_Device/App/usbd_cdc_if.o
 .text.CDC_Transmit_FS
                0x0800c024       0x4c ./USB_Device/App/usbd_cdc_if.o
                0x0800c024                CDC_Transmit_FS
 .text.CDC_TransmitCplt_FS
                0x0800c070       0x22 ./USB_Device/App/usbd_cdc_if.o
 *fill*         0x0800c092        0x2 
 .text.USBD_CDC_DeviceDescriptor
                0x0800c094       0x24 ./USB_Device/App/usbd_desc.o
                0x0800c094                USBD_CDC_DeviceDescriptor
 .text.USBD_CDC_LangIDStrDescriptor
                0x0800c0b8       0x24 ./USB_Device/App/usbd_desc.o
                0x0800c0b8                USBD_CDC_LangIDStrDescriptor
 .text.USBD_CDC_ProductStrDescriptor
                0x0800c0dc       0x3c ./USB_Device/App/usbd_desc.o
                0x0800c0dc                USBD_CDC_ProductStrDescriptor
 .text.USBD_CDC_ManufacturerStrDescriptor
                0x0800c118       0x28 ./USB_Device/App/usbd_desc.o
                0x0800c118                USBD_CDC_ManufacturerStrDescriptor
 .text.USBD_CDC_SerialStrDescriptor
                0x0800c140       0x24 ./USB_Device/App/usbd_desc.o
                0x0800c140                USBD_CDC_SerialStrDescriptor
 .text.USBD_CDC_ConfigStrDescriptor
                0x0800c164       0x3c ./USB_Device/App/usbd_desc.o
                0x0800c164                USBD_CDC_ConfigStrDescriptor
 .text.USBD_CDC_InterfaceStrDescriptor
                0x0800c1a0       0x3c ./USB_Device/App/usbd_desc.o
                0x0800c1a0                USBD_CDC_InterfaceStrDescriptor
 .text.Get_SerialNum
                0x0800c1dc       0x58 ./USB_Device/App/usbd_desc.o
 .text.IntToUnicode
                0x0800c234       0x7e ./USB_Device/App/usbd_desc.o
 .text.HAL_PCD_SetupStageCallback
                0x0800c2b2       0x24 ./USB_Device/Target/usbd_conf.o
                0x0800c2b2                HAL_PCD_SetupStageCallback
 .text.HAL_PCD_DataOutStageCallback
                0x0800c2d6       0x36 ./USB_Device/Target/usbd_conf.o
                0x0800c2d6                HAL_PCD_DataOutStageCallback
 .text.HAL_PCD_DataInStageCallback
                0x0800c30c       0x34 ./USB_Device/Target/usbd_conf.o
                0x0800c30c                HAL_PCD_DataInStageCallback
 .text.HAL_PCD_SOFCallback
                0x0800c340       0x1c ./USB_Device/Target/usbd_conf.o
                0x0800c340                HAL_PCD_SOFCallback
 .text.HAL_PCD_ResetCallback
                0x0800c35c       0x3c ./USB_Device/Target/usbd_conf.o
                0x0800c35c                HAL_PCD_ResetCallback
 .text.HAL_PCD_SuspendCallback
                0x0800c398       0x34 ./USB_Device/Target/usbd_conf.o
                0x0800c398                HAL_PCD_SuspendCallback
 .text.HAL_PCD_ResumeCallback
                0x0800c3cc       0x38 ./USB_Device/Target/usbd_conf.o
                0x0800c3cc                HAL_PCD_ResumeCallback
 .text.HAL_PCD_ISOOUTIncompleteCallback
                0x0800c404       0x24 ./USB_Device/Target/usbd_conf.o
                0x0800c404                HAL_PCD_ISOOUTIncompleteCallback
 .text.HAL_PCD_ISOINIncompleteCallback
                0x0800c428       0x24 ./USB_Device/Target/usbd_conf.o
                0x0800c428                HAL_PCD_ISOINIncompleteCallback
 .text.HAL_PCD_ConnectCallback
                0x0800c44c       0x1c ./USB_Device/Target/usbd_conf.o
                0x0800c44c                HAL_PCD_ConnectCallback
 .text.HAL_PCD_DisconnectCallback
                0x0800c468       0x1c ./USB_Device/Target/usbd_conf.o
                0x0800c468                HAL_PCD_DisconnectCallback
 .text.USBD_LL_Init
                0x0800c484       0xa4 ./USB_Device/Target/usbd_conf.o
                0x0800c484                USBD_LL_Init
 .text.USBD_LL_Start
                0x0800c528       0x36 ./USB_Device/Target/usbd_conf.o
                0x0800c528                USBD_LL_Start
 .text.USBD_LL_OpenEP
                0x0800c55e       0x4c ./USB_Device/Target/usbd_conf.o
                0x0800c55e                USBD_LL_OpenEP
 .text.USBD_LL_CloseEP
                0x0800c5aa       0x3e ./USB_Device/Target/usbd_conf.o
                0x0800c5aa                USBD_LL_CloseEP
 .text.USBD_LL_StallEP
                0x0800c5e8       0x3e ./USB_Device/Target/usbd_conf.o
                0x0800c5e8                USBD_LL_StallEP
 .text.USBD_LL_ClearStallEP
                0x0800c626       0x3e ./USB_Device/Target/usbd_conf.o
                0x0800c626                USBD_LL_ClearStallEP
 .text.USBD_LL_IsStallEP
                0x0800c664       0x58 ./USB_Device/Target/usbd_conf.o
                0x0800c664                USBD_LL_IsStallEP
 .text.USBD_LL_SetUSBAddress
                0x0800c6bc       0x3e ./USB_Device/Target/usbd_conf.o
                0x0800c6bc                USBD_LL_SetUSBAddress
 .text.USBD_LL_Transmit
                0x0800c6fa       0x42 ./USB_Device/Target/usbd_conf.o
                0x0800c6fa                USBD_LL_Transmit
 .text.USBD_LL_PrepareReceive
                0x0800c73c       0x42 ./USB_Device/Target/usbd_conf.o
                0x0800c73c                USBD_LL_PrepareReceive
 .text.USBD_LL_GetRxDataSize
                0x0800c77e       0x26 ./USB_Device/Target/usbd_conf.o
                0x0800c77e                USBD_LL_GetRxDataSize
 .text.HAL_PCDEx_LPM_Callback
                0x0800c7a4       0x6c ./USB_Device/Target/usbd_conf.o
                0x0800c7a4                HAL_PCDEx_LPM_Callback
 .text.USBD_static_malloc
                0x0800c810       0x1c ./USB_Device/Target/usbd_conf.o
                0x0800c810                USBD_static_malloc
 .text.USBD_static_free
                0x0800c82c       0x14 ./USB_Device/Target/usbd_conf.o
                0x0800c82c                USBD_static_free
 .text.SystemClockConfig_Resume
                0x0800c840        0xc ./USB_Device/Target/usbd_conf.o
 .text.USBD_Get_USB_Status
                0x0800c84c       0x58 ./USB_Device/Target/usbd_conf.o
 .text.USBD_CDC_Init
                0x0800c8a4       0xfe ./USB_Lib/ST/STM32_USB_Device_Library/Class/CDC/Src/usbd_cdc.o
 .text.USBD_CDC_DeInit
                0x0800c9a2       0x74 ./USB_Lib/ST/STM32_USB_Device_Library/Class/CDC/Src/usbd_cdc.o
 *fill*         0x0800ca16        0x2 
 .text.USBD_CDC_Setup
                0x0800ca18      0x178 ./USB_Lib/ST/STM32_USB_Device_Library/Class/CDC/Src/usbd_cdc.o
 .text.USBD_CDC_DataIn
                0x0800cb90       0xca ./USB_Lib/ST/STM32_USB_Device_Library/Class/CDC/Src/usbd_cdc.o
 .text.USBD_CDC_DataOut
                0x0800cc5a       0x56 ./USB_Lib/ST/STM32_USB_Device_Library/Class/CDC/Src/usbd_cdc.o
 .text.USBD_CDC_EP0_RxReady
                0x0800ccb0       0x4e ./USB_Lib/ST/STM32_USB_Device_Library/Class/CDC/Src/usbd_cdc.o
 *fill*         0x0800ccfe        0x2 
 .text.USBD_CDC_GetFSCfgDesc
                0x0800cd00       0x20 ./USB_Lib/ST/STM32_USB_Device_Library/Class/CDC/Src/usbd_cdc.o
 .text.USBD_CDC_GetHSCfgDesc
                0x0800cd20       0x20 ./USB_Lib/ST/STM32_USB_Device_Library/Class/CDC/Src/usbd_cdc.o
 .text.USBD_CDC_GetOtherSpeedCfgDesc
                0x0800cd40       0x20 ./USB_Lib/ST/STM32_USB_Device_Library/Class/CDC/Src/usbd_cdc.o
 .text.USBD_CDC_GetDeviceQualifierDescriptor
                0x0800cd60       0x20 ./USB_Lib/ST/STM32_USB_Device_Library/Class/CDC/Src/usbd_cdc.o
                0x0800cd60                USBD_CDC_GetDeviceQualifierDescriptor
 .text.USBD_CDC_RegisterInterface
                0x0800cd80       0x2a ./USB_Lib/ST/STM32_USB_Device_Library/Class/CDC/Src/usbd_cdc.o
                0x0800cd80                USBD_CDC_RegisterInterface
 .text.USBD_CDC_SetTxBuffer
                0x0800cdaa       0x32 ./USB_Lib/ST/STM32_USB_Device_Library/Class/CDC/Src/usbd_cdc.o
                0x0800cdaa                USBD_CDC_SetTxBuffer
 .text.USBD_CDC_SetRxBuffer
                0x0800cddc       0x28 ./USB_Lib/ST/STM32_USB_Device_Library/Class/CDC/Src/usbd_cdc.o
                0x0800cddc                USBD_CDC_SetRxBuffer
 .text.USBD_CDC_TransmitPacket
                0x0800ce04       0x60 ./USB_Lib/ST/STM32_USB_Device_Library/Class/CDC/Src/usbd_cdc.o
                0x0800ce04                USBD_CDC_TransmitPacket
 .text.USBD_CDC_ReceivePacket
                0x0800ce64       0x54 ./USB_Lib/ST/STM32_USB_Device_Library/Class/CDC/Src/usbd_cdc.o
                0x0800ce64                USBD_CDC_ReceivePacket
 .text.USBD_Init
                0x0800ceb8       0x60 ./USB_Lib/ST/STM32_USB_Device_Library/Core/Src/usbd_core.o
                0x0800ceb8                USBD_Init
 .text.USBD_RegisterClass
                0x0800cf18       0x4e ./USB_Lib/ST/STM32_USB_Device_Library/Core/Src/usbd_core.o
                0x0800cf18                USBD_RegisterClass
 .text.USBD_Start
                0x0800cf66       0x18 ./USB_Lib/ST/STM32_USB_Device_Library/Core/Src/usbd_core.o
                0x0800cf66                USBD_Start
 .text.USBD_RunTestMode
                0x0800cf7e       0x16 ./USB_Lib/ST/STM32_USB_Device_Library/Core/Src/usbd_core.o
                0x0800cf7e                USBD_RunTestMode
 .text.USBD_SetClassConfig
                0x0800cf94       0x38 ./USB_Lib/ST/STM32_USB_Device_Library/Core/Src/usbd_core.o
                0x0800cf94                USBD_SetClassConfig
 .text.USBD_ClrClassConfig
                0x0800cfcc       0x30 ./USB_Lib/ST/STM32_USB_Device_Library/Core/Src/usbd_core.o
                0x0800cfcc                USBD_ClrClassConfig
 .text.USBD_LL_SetupStage
                0x0800cffc       0xaa ./USB_Lib/ST/STM32_USB_Device_Library/Core/Src/usbd_core.o
                0x0800cffc                USBD_LL_SetupStage
 .text.USBD_LL_DataOutStage
                0x0800d0a6       0xc6 ./USB_Lib/ST/STM32_USB_Device_Library/Core/Src/usbd_core.o
                0x0800d0a6                USBD_LL_DataOutStage
 .text.USBD_LL_DataInStage
                0x0800d16c      0x12c ./USB_Lib/ST/STM32_USB_Device_Library/Core/Src/usbd_core.o
                0x0800d16c                USBD_LL_DataInStage
 .text.USBD_LL_Reset
                0x0800d298       0x82 ./USB_Lib/ST/STM32_USB_Device_Library/Core/Src/usbd_core.o
                0x0800d298                USBD_LL_Reset
 .text.USBD_LL_SetSpeed
                0x0800d31a       0x20 ./USB_Lib/ST/STM32_USB_Device_Library/Core/Src/usbd_core.o
                0x0800d31a                USBD_LL_SetSpeed
 .text.USBD_LL_Suspend
                0x0800d33a       0x2a ./USB_Lib/ST/STM32_USB_Device_Library/Core/Src/usbd_core.o
                0x0800d33a                USBD_LL_Suspend
 .text.USBD_LL_Resume
                0x0800d364       0x2c ./USB_Lib/ST/STM32_USB_Device_Library/Core/Src/usbd_core.o
                0x0800d364                USBD_LL_Resume
 .text.USBD_LL_SOF
                0x0800d390       0x34 ./USB_Lib/ST/STM32_USB_Device_Library/Core/Src/usbd_core.o
                0x0800d390                USBD_LL_SOF
 .text.USBD_LL_IsoINIncomplete
                0x0800d3c4       0x1a ./USB_Lib/ST/STM32_USB_Device_Library/Core/Src/usbd_core.o
                0x0800d3c4                USBD_LL_IsoINIncomplete
 .text.USBD_LL_IsoOUTIncomplete
                0x0800d3de       0x1a ./USB_Lib/ST/STM32_USB_Device_Library/Core/Src/usbd_core.o
                0x0800d3de                USBD_LL_IsoOUTIncomplete
 .text.USBD_LL_DevConnected
                0x0800d3f8       0x16 ./USB_Lib/ST/STM32_USB_Device_Library/Core/Src/usbd_core.o
                0x0800d3f8                USBD_LL_DevConnected
 .text.USBD_LL_DevDisconnected
                0x0800d40e       0x38 ./USB_Lib/ST/STM32_USB_Device_Library/Core/Src/usbd_core.o
                0x0800d40e                USBD_LL_DevDisconnected
 .text.SWAPBYTE
                0x0800d446       0x3c ./USB_Lib/ST/STM32_USB_Device_Library/Core/Src/usbd_ctlreq.o
 *fill*         0x0800d482        0x2 
 .text.USBD_StdDevReq
                0x0800d484       0xdc ./USB_Lib/ST/STM32_USB_Device_Library/Core/Src/usbd_ctlreq.o
                0x0800d484                USBD_StdDevReq
 .text.USBD_StdItfReq
                0x0800d560       0x90 ./USB_Lib/ST/STM32_USB_Device_Library/Core/Src/usbd_ctlreq.o
                0x0800d560                USBD_StdItfReq
 .text.USBD_StdEPReq
                0x0800d5f0      0x2be ./USB_Lib/ST/STM32_USB_Device_Library/Core/Src/usbd_ctlreq.o
                0x0800d5f0                USBD_StdEPReq
 *fill*         0x0800d8ae        0x2 
 .text.USBD_GetDescriptor
                0x0800d8b0      0x328 ./USB_Lib/ST/STM32_USB_Device_Library/Core/Src/usbd_ctlreq.o
 .text.USBD_SetAddress
                0x0800dbd8       0x86 ./USB_Lib/ST/STM32_USB_Device_Library/Core/Src/usbd_ctlreq.o
 *fill*         0x0800dc5e        0x2 
 .text.USBD_SetConfig
                0x0800dc60      0x148 ./USB_Lib/ST/STM32_USB_Device_Library/Core/Src/usbd_ctlreq.o
 .text.USBD_GetConfig
                0x0800dda8       0x6a ./USB_Lib/ST/STM32_USB_Device_Library/Core/Src/usbd_ctlreq.o
 .text.USBD_GetStatus
                0x0800de12       0x66 ./USB_Lib/ST/STM32_USB_Device_Library/Core/Src/usbd_ctlreq.o
 .text.USBD_SetFeature
                0x0800de78       0x28 ./USB_Lib/ST/STM32_USB_Device_Library/Core/Src/usbd_ctlreq.o
 .text.USBD_ClrFeature
                0x0800dea0       0x42 ./USB_Lib/ST/STM32_USB_Device_Library/Core/Src/usbd_ctlreq.o
 .text.USBD_ParseSetupRequest
                0x0800dee2       0x74 ./USB_Lib/ST/STM32_USB_Device_Library/Core/Src/usbd_ctlreq.o
                0x0800dee2                USBD_ParseSetupRequest
 .text.USBD_CtlError
                0x0800df56       0x22 ./USB_Lib/ST/STM32_USB_Device_Library/Core/Src/usbd_ctlreq.o
                0x0800df56                USBD_CtlError
 .text.USBD_GetString
                0x0800df78       0x8c ./USB_Lib/ST/STM32_USB_Device_Library/Core/Src/usbd_ctlreq.o
                0x0800df78                USBD_GetString
 .text.USBD_GetLen
                0x0800e004       0x34 ./USB_Lib/ST/STM32_USB_Device_Library/Core/Src/usbd_ctlreq.o
 .text.USBD_CtlSendData
                0x0800e038       0x36 ./USB_Lib/ST/STM32_USB_Device_Library/Core/Src/usbd_ioreq.o
                0x0800e038                USBD_CtlSendData
 .text.USBD_CtlContinueSendData
                0x0800e06e       0x22 ./USB_Lib/ST/STM32_USB_Device_Library/Core/Src/usbd_ioreq.o
                0x0800e06e                USBD_CtlContinueSendData
 .text.USBD_CtlPrepareRx
                0x0800e090       0x3a ./USB_Lib/ST/STM32_USB_Device_Library/Core/Src/usbd_ioreq.o
                0x0800e090                USBD_CtlPrepareRx
 .text.USBD_CtlContinueRx
                0x0800e0ca       0x22 ./USB_Lib/ST/STM32_USB_Device_Library/Core/Src/usbd_ioreq.o
                0x0800e0ca                USBD_CtlContinueRx
 .text.USBD_CtlSendStatus
                0x0800e0ec       0x26 ./USB_Lib/ST/STM32_USB_Device_Library/Core/Src/usbd_ioreq.o
                0x0800e0ec                USBD_CtlSendStatus
 .text.USBD_CtlReceiveStatus
                0x0800e112       0x26 ./USB_Lib/ST/STM32_USB_Device_Library/Core/Src/usbd_ioreq.o
                0x0800e112                USBD_CtlReceiveStatus
 .text.memset   0x0800e138       0x10 C:/ST/STM32CubeIDE_1.16.1/STM32CubeIDE/plugins/com.st.stm32cube.ide.mcu.externaltools.gnu-tools-for-stm32.12.3.rel1.win32_1.1.0.202410251130/tools/bin/../lib/gcc/arm-none-eabi/12.3.1/../../../../arm-none-eabi/lib/thumb/v8-m.main+fp/hard\libc_nano.a(libc_a-memset.o)
                0x0800e138                memset
 .text.__errno  0x0800e148        0xc C:/ST/STM32CubeIDE_1.16.1/STM32CubeIDE/plugins/com.st.stm32cube.ide.mcu.externaltools.gnu-tools-for-stm32.12.3.rel1.win32_1.1.0.202410251130/tools/bin/../lib/gcc/arm-none-eabi/12.3.1/../../../../arm-none-eabi/lib/thumb/v8-m.main+fp/hard\libc_nano.a(libc_a-errno.o)
                0x0800e148                __errno
 .text.__libc_init_array
                0x0800e154       0x48 C:/ST/STM32CubeIDE_1.16.1/STM32CubeIDE/plugins/com.st.stm32cube.ide.mcu.externaltools.gnu-tools-for-stm32.12.3.rel1.win32_1.1.0.202410251130/tools/bin/../lib/gcc/arm-none-eabi/12.3.1/../../../../arm-none-eabi/lib/thumb/v8-m.main+fp/hard\libc_nano.a(libc_a-init.o)
                0x0800e154                __libc_init_array
 .text.pow      0x0800e19c       0xe0 C:/ST/STM32CubeIDE_1.16.1/STM32CubeIDE/plugins/com.st.stm32cube.ide.mcu.externaltools.gnu-tools-for-stm32.12.3.rel1.win32_1.1.0.202410251130/tools/bin/../lib/gcc/arm-none-eabi/12.3.1/../../../../arm-none-eabi/lib/thumb/v8-m.main+fp/hard\libm.a(libm_a-w_pow.o)
                0x0800e19c                pow
 .text.finite   0x0800e27c       0x16 C:/ST/STM32CubeIDE_1.16.1/STM32CubeIDE/plugins/com.st.stm32cube.ide.mcu.externaltools.gnu-tools-for-stm32.12.3.rel1.win32_1.1.0.202410251130/tools/bin/../lib/gcc/arm-none-eabi/12.3.1/../../../../arm-none-eabi/lib/thumb/v8-m.main+fp/hard\libm.a(libm_a-s_finite.o)
                0x0800e27c                finite
 *fill*         0x0800e292        0x2 
 .text.round    0x0800e294       0x8c C:/ST/STM32CubeIDE_1.16.1/STM32CubeIDE/plugins/com.st.stm32cube.ide.mcu.externaltools.gnu-tools-for-stm32.12.3.rel1.win32_1.1.0.202410251130/tools/bin/../lib/gcc/arm-none-eabi/12.3.1/../../../../arm-none-eabi/lib/thumb/v8-m.main+fp/hard\libm.a(libm_a-s_round.o)
                0x0800e294                round
 .text.__ieee754_pow
                0x0800e320      0xa80 C:/ST/STM32CubeIDE_1.16.1/STM32CubeIDE/plugins/com.st.stm32cube.ide.mcu.externaltools.gnu-tools-for-stm32.12.3.rel1.win32_1.1.0.202410251130/tools/bin/../lib/gcc/arm-none-eabi/12.3.1/../../../../arm-none-eabi/lib/thumb/v8-m.main+fp/hard\libm.a(libm_a-e_pow.o)
                0x0800e320                __ieee754_pow
 .text.fabs     0x0800eda0       0x10 C:/ST/STM32CubeIDE_1.16.1/STM32CubeIDE/plugins/com.st.stm32cube.ide.mcu.externaltools.gnu-tools-for-stm32.12.3.rel1.win32_1.1.0.202410251130/tools/bin/../lib/gcc/arm-none-eabi/12.3.1/../../../../arm-none-eabi/lib/thumb/v8-m.main+fp/hard\libm.a(libm_a-s_fabs.o)
                0x0800eda0                fabs
 .text.scalbn   0x0800edb0       0xfc C:/ST/STM32CubeIDE_1.16.1/STM32CubeIDE/plugins/com.st.stm32cube.ide.mcu.externaltools.gnu-tools-for-stm32.12.3.rel1.win32_1.1.0.202410251130/tools/bin/../lib/gcc/arm-none-eabi/12.3.1/../../../../arm-none-eabi/lib/thumb/v8-m.main+fp/hard\libm.a(libm_a-s_scalbn.o)
                0x0800edb0                scalbn
 .text.with_errno
                0x0800eeac       0x24 C:/ST/STM32CubeIDE_1.16.1/STM32CubeIDE/plugins/com.st.stm32cube.ide.mcu.externaltools.gnu-tools-for-stm32.12.3.rel1.win32_1.1.0.202410251130/tools/bin/../lib/gcc/arm-none-eabi/12.3.1/../../../../arm-none-eabi/lib/thumb/v8-m.main+fp/hard\libm.a(libm_a-math_err.o)
 .text.xflow    0x0800eed0       0x32 C:/ST/STM32CubeIDE_1.16.1/STM32CubeIDE/plugins/com.st.stm32cube.ide.mcu.externaltools.gnu-tools-for-stm32.12.3.rel1.win32_1.1.0.202410251130/tools/bin/../lib/gcc/arm-none-eabi/12.3.1/../../../../arm-none-eabi/lib/thumb/v8-m.main+fp/hard\libm.a(libm_a-math_err.o)
 *fill*         0x0800ef02        0x6 
 .text.__math_uflow
                0x0800ef08       0x10 C:/ST/STM32CubeIDE_1.16.1/STM32CubeIDE/plugins/com.st.stm32cube.ide.mcu.externaltools.gnu-tools-for-stm32.12.3.rel1.win32_1.1.0.202410251130/tools/bin/../lib/gcc/arm-none-eabi/12.3.1/../../../../arm-none-eabi/lib/thumb/v8-m.main+fp/hard\libm.a(libm_a-math_err.o)
                0x0800ef08                __math_uflow
 .text.__math_oflow
                0x0800ef18       0x10 C:/ST/STM32CubeIDE_1.16.1/STM32CubeIDE/plugins/com.st.stm32cube.ide.mcu.externaltools.gnu-tools-for-stm32.12.3.rel1.win32_1.1.0.202410251130/tools/bin/../lib/gcc/arm-none-eabi/12.3.1/../../../../arm-none-eabi/lib/thumb/v8-m.main+fp/hard\libm.a(libm_a-math_err.o)
                0x0800ef18                __math_oflow
 .text.__ieee754_sqrt
                0x0800ef28      0x1bc C:/ST/STM32CubeIDE_1.16.1/STM32CubeIDE/plugins/com.st.stm32cube.ide.mcu.externaltools.gnu-tools-for-stm32.12.3.rel1.win32_1.1.0.202410251130/tools/bin/../lib/gcc/arm-none-eabi/12.3.1/../../../../arm-none-eabi/lib/thumb/v8-m.main+fp/hard\libm.a(libm_a-e_sqrt.o)
                0x0800ef28                __ieee754_sqrt
 *(.glue_7)
 .glue_7        0x0800f0e4        0x0 linker stubs
 *(.glue_7t)
 .glue_7t       0x0800f0e4        0x0 linker stubs
 *(.eh_frame)
 .eh_frame      0x0800f0e4        0x0 C:/ST/STM32CubeIDE_1.16.1/STM32CubeIDE/plugins/com.st.stm32cube.ide.mcu.externaltools.gnu-tools-for-stm32.12.3.rel1.win32_1.1.0.202410251130/tools/bin/../lib/gcc/arm-none-eabi/12.3.1/thumb/v8-m.main+fp/hard/crtbegin.o
 *(.init)
 .init          0x0800f0e4        0x4 C:/ST/STM32CubeIDE_1.16.1/STM32CubeIDE/plugins/com.st.stm32cube.ide.mcu.externaltools.gnu-tools-for-stm32.12.3.rel1.win32_1.1.0.202410251130/tools/bin/../lib/gcc/arm-none-eabi/12.3.1/thumb/v8-m.main+fp/hard/crti.o
                0x0800f0e4                _init
 .init          0x0800f0e8        0x8 C:/ST/STM32CubeIDE_1.16.1/STM32CubeIDE/plugins/com.st.stm32cube.ide.mcu.externaltools.gnu-tools-for-stm32.12.3.rel1.win32_1.1.0.202410251130/tools/bin/../lib/gcc/arm-none-eabi/12.3.1/thumb/v8-m.main+fp/hard/crtn.o
 *(.fini)
 .fini          0x0800f0f0        0x4 C:/ST/STM32CubeIDE_1.16.1/STM32CubeIDE/plugins/com.st.stm32cube.ide.mcu.externaltools.gnu-tools-for-stm32.12.3.rel1.win32_1.1.0.202410251130/tools/bin/../lib/gcc/arm-none-eabi/12.3.1/thumb/v8-m.main+fp/hard/crti.o
                0x0800f0f0                _fini
 .fini          0x0800f0f4        0x8 C:/ST/STM32CubeIDE_1.16.1/STM32CubeIDE/plugins/com.st.stm32cube.ide.mcu.externaltools.gnu-tools-for-stm32.12.3.rel1.win32_1.1.0.202410251130/tools/bin/../lib/gcc/arm-none-eabi/12.3.1/thumb/v8-m.main+fp/hard/crtn.o
                0x0800f0fc                        _etext = .

.vfp11_veneer   0x0800f0fc        0x0
 .vfp11_veneer  0x0800f0fc        0x0 linker stubs

.v4_bx          0x0800f0fc        0x0
 .v4_bx         0x0800f0fc        0x0 linker stubs

.iplt           0x0800f0fc        0x0
 .iplt          0x0800f0fc        0x0 C:/ST/STM32CubeIDE_1.16.1/STM32CubeIDE/plugins/com.st.stm32cube.ide.mcu.externaltools.gnu-tools-for-stm32.12.3.rel1.win32_1.1.0.202410251130/tools/bin/../lib/gcc/arm-none-eabi/12.3.1/thumb/v8-m.main+fp/hard/crtbegin.o

.rodata         0x0800f100      0x148
 *(.rodata)
 .rodata        0x0800f100       0x46 ./USB_Device/App/usbd_desc.o
 *(.rodata*)
 *fill*         0x0800f146        0x2 
 .rodata.AHBPrescTable
                0x0800f148       0x10 ./Core/Src/system_stm32u5xx.o
                0x0800f148                AHBPrescTable
 .rodata.MSIRangeTable
                0x0800f158       0x40 ./Core/Src/system_stm32u5xx.o
                0x0800f158                MSIRangeTable
 .rodata.LPGPIO_Map
                0x0800f198       0x80 ./Drivers/STM32U5xx_HAL_Driver/Src/stm32u5xx_hal_gpio.o
 .rodata.dp_l   0x0800f218       0x10 C:/ST/STM32CubeIDE_1.16.1/STM32CubeIDE/plugins/com.st.stm32cube.ide.mcu.externaltools.gnu-tools-for-stm32.12.3.rel1.win32_1.1.0.202410251130/tools/bin/../lib/gcc/arm-none-eabi/12.3.1/../../../../arm-none-eabi/lib/thumb/v8-m.main+fp/hard\libm.a(libm_a-e_pow.o)
 .rodata.dp_h   0x0800f228       0x10 C:/ST/STM32CubeIDE_1.16.1/STM32CubeIDE/plugins/com.st.stm32cube.ide.mcu.externaltools.gnu-tools-for-stm32.12.3.rel1.win32_1.1.0.202410251130/tools/bin/../lib/gcc/arm-none-eabi/12.3.1/../../../../arm-none-eabi/lib/thumb/v8-m.main+fp/hard\libm.a(libm_a-e_pow.o)
 .rodata.bp     0x0800f238       0x10 C:/ST/STM32CubeIDE_1.16.1/STM32CubeIDE/plugins/com.st.stm32cube.ide.mcu.externaltools.gnu-tools-for-stm32.12.3.rel1.win32_1.1.0.202410251130/tools/bin/../lib/gcc/arm-none-eabi/12.3.1/../../../../arm-none-eabi/lib/thumb/v8-m.main+fp/hard\libm.a(libm_a-e_pow.o)

.ARM.extab
 *(.ARM.extab* .gnu.linkonce.armextab.*)

.ARM            0x0800f248        0x0
                0x0800f248                        __exidx_start = .
 *(.ARM.exidx*)
                0x0800f248                        __exidx_end = .

.preinit_array  0x0800f248        0x0
                0x0800f248                        PROVIDE (__preinit_array_start = .)
 *(.preinit_array*)
                0x0800f248                        PROVIDE (__preinit_array_end = .)

.init_array     0x0800f248        0x4
                0x0800f248                        PROVIDE (__init_array_start = .)
 *(SORT_BY_NAME(.init_array.*))
 *(.init_array*)
 .init_array    0x0800f248        0x4 C:/ST/STM32CubeIDE_1.16.1/STM32CubeIDE/plugins/com.st.stm32cube.ide.mcu.externaltools.gnu-tools-for-stm32.12.3.rel1.win32_1.1.0.202410251130/tools/bin/../lib/gcc/arm-none-eabi/12.3.1/thumb/v8-m.main+fp/hard/crtbegin.o
                0x0800f24c                        PROVIDE (__init_array_end = .)

.fini_array     0x0800f24c        0x4
                [!provide]                        PROVIDE (__fini_array_start = .)
 *(SORT_BY_NAME(.fini_array.*))
 *(.fini_array*)
 .fini_array    0x0800f24c        0x4 C:/ST/STM32CubeIDE_1.16.1/STM32CubeIDE/plugins/com.st.stm32cube.ide.mcu.externaltools.gnu-tools-for-stm32.12.3.rel1.win32_1.1.0.202410251130/tools/bin/../lib/gcc/arm-none-eabi/12.3.1/thumb/v8-m.main+fp/hard/crtbegin.o
                [!provide]                        PROVIDE (__fini_array_end = .)
                0x0800f250                        _sidata = LOADADDR (.data)

.rel.dyn        0x0800f250        0x0
 .rel.iplt      0x0800f250        0x0 C:/ST/STM32CubeIDE_1.16.1/STM32CubeIDE/plugins/com.st.stm32cube.ide.mcu.externaltools.gnu-tools-for-stm32.12.3.rel1.win32_1.1.0.202410251130/tools/bin/../lib/gcc/arm-none-eabi/12.3.1/thumb/v8-m.main+fp/hard/crtbegin.o

.data           0x20000000      0x250 load address 0x0800f250
                0x20000000                        _sdata = .
 *(.data)
 *(.data*)
 .data.SystemCoreClock
                0x20000000        0x4 ./Core/Src/system_stm32u5xx.o
                0x20000000                SystemCoreClock
 .data.volt_src_dds_spi_tx_buf
                0x20000004        0xa ./Device/Src/measurement_routines.o
                0x20000004                volt_src_dds_spi_tx_buf
 *fill*         0x2000000e        0x2 
 .data.volt_src_gain_i2c_tx_buf
                0x20000010        0x2 ./Device/Src/measurement_routines.o
                0x20000010                volt_src_gain_i2c_tx_buf
 *fill*         0x20000012        0x2 
 .data.volt_src_offset_i2c_tx_buf
                0x20000014        0x2 ./Device/Src/measurement_routines.o
                0x20000014                volt_src_offset_i2c_tx_buf
 *fill*         0x20000016        0x2 
 .data.curr_mrr_i2c_tx_buf
                0x20000018        0x2 ./Device/Src/measurement_routines.o
                0x20000018                curr_mrr_i2c_tx_buf
 *fill*         0x2000001a        0x2 
 .data.swnt_pin_list
                0x2000001c       0x54 ./Device/Src/switch_network.o
 .data.uwTickPrio
                0x20000070        0x4 ./Drivers/STM32U5xx_HAL_Driver/Src/stm32u5xx_hal.o
                0x20000070                uwTickPrio
 .data.uwTickFreq
                0x20000074        0x1 ./Drivers/STM32U5xx_HAL_Driver/Src/stm32u5xx_hal.o
                0x20000074                uwTickFreq
 *fill*         0x20000075        0x3 
 .data.USBD_Interface_fops_FS
                0x20000078       0x14 ./USB_Device/App/usbd_cdc_if.o
                0x20000078                USBD_Interface_fops_FS
 .data.CDC_Desc
                0x2000008c       0x20 ./USB_Device/App/usbd_desc.o
                0x2000008c                CDC_Desc
 .data.USBD_CDC_DeviceDesc
                0x200000ac       0x12 ./USB_Device/App/usbd_desc.o
                0x200000ac                USBD_CDC_DeviceDesc
 *fill*         0x200000be        0x2 
 .data.USBD_LangIDDesc
                0x200000c0        0x4 ./USB_Device/App/usbd_desc.o
                0x200000c0                USBD_LangIDDesc
 .data.USBD_StringSerial
                0x200000c4       0x1a ./USB_Device/App/usbd_desc.o
                0x200000c4                USBD_StringSerial
 *fill*         0x200000de        0x2 
 .data.USBD_CDC_DeviceQualifierDesc
                0x200000e0        0xa ./USB_Lib/ST/STM32_USB_Device_Library/Class/CDC/Src/usbd_cdc.o
 *fill*         0x200000ea        0x2 
 .data.USBD_CDC
                0x200000ec       0x38 ./USB_Lib/ST/STM32_USB_Device_Library/Class/CDC/Src/usbd_cdc.o
                0x200000ec                USBD_CDC
 .data.USBD_CDC_CfgHSDesc
                0x20000124       0x43 ./USB_Lib/ST/STM32_USB_Device_Library/Class/CDC/Src/usbd_cdc.o
 *fill*         0x20000167        0x1 
 .data.USBD_CDC_CfgFSDesc
                0x20000168       0x43 ./USB_Lib/ST/STM32_USB_Device_Library/Class/CDC/Src/usbd_cdc.o
 *fill*         0x200001ab        0x1 
 .data.USBD_CDC_OtherSpeedCfgDesc
                0x200001ac       0x43 ./USB_Lib/ST/STM32_USB_Device_Library/Class/CDC/Src/usbd_cdc.o
 *fill*         0x200001ef        0x1 
 .data._impure_ptr
                0x200001f0        0x4 C:/ST/STM32CubeIDE_1.16.1/STM32CubeIDE/plugins/com.st.stm32cube.ide.mcu.externaltools.gnu-tools-for-stm32.12.3.rel1.win32_1.1.0.202410251130/tools/bin/../lib/gcc/arm-none-eabi/12.3.1/../../../../arm-none-eabi/lib/thumb/v8-m.main+fp/hard\libc_nano.a(libc_a-impure.o)
                0x200001f0                _impure_ptr
 .data._impure_data
                0x200001f4       0x4c C:/ST/STM32CubeIDE_1.16.1/STM32CubeIDE/plugins/com.st.stm32cube.ide.mcu.externaltools.gnu-tools-for-stm32.12.3.rel1.win32_1.1.0.202410251130/tools/bin/../lib/gcc/arm-none-eabi/12.3.1/../../../../arm-none-eabi/lib/thumb/v8-m.main+fp/hard\libc_nano.a(libc_a-impure.o)
                0x200001f4                _impure_data
 .data.tiny     0x20000240        0x8 C:/ST/STM32CubeIDE_1.16.1/STM32CubeIDE/plugins/com.st.stm32cube.ide.mcu.externaltools.gnu-tools-for-stm32.12.3.rel1.win32_1.1.0.202410251130/tools/bin/../lib/gcc/arm-none-eabi/12.3.1/../../../../arm-none-eabi/lib/thumb/v8-m.main+fp/hard\libm.a(libm_a-e_sqrt.o)
 .data.one      0x20000248        0x8 C:/ST/STM32CubeIDE_1.16.1/STM32CubeIDE/plugins/com.st.stm32cube.ide.mcu.externaltools.gnu-tools-for-stm32.12.3.rel1.win32_1.1.0.202410251130/tools/bin/../lib/gcc/arm-none-eabi/12.3.1/../../../../arm-none-eabi/lib/thumb/v8-m.main+fp/hard\libm.a(libm_a-e_sqrt.o)
 *(.RamFunc)
 *(.RamFunc*)
                0x20000250                        _edata = .

.igot.plt       0x20000250        0x0 load address 0x0800f4a0
 .igot.plt      0x20000250        0x0 C:/ST/STM32CubeIDE_1.16.1/STM32CubeIDE/plugins/com.st.stm32cube.ide.mcu.externaltools.gnu-tools-for-stm32.12.3.rel1.win32_1.1.0.202410251130/tools/bin/../lib/gcc/arm-none-eabi/12.3.1/thumb/v8-m.main+fp/hard/crtbegin.o

.bss            0x20000250    0x16aa4 load address 0x0800f4a0
                0x20000250                        _sbss = .
                0x20000250                        __bss_start__ = _sbss
 *(.bss)
 .bss           0x20000250       0x1c C:/ST/STM32CubeIDE_1.16.1/STM32CubeIDE/plugins/com.st.stm32cube.ide.mcu.externaltools.gnu-tools-for-stm32.12.3.rel1.win32_1.1.0.202410251130/tools/bin/../lib/gcc/arm-none-eabi/12.3.1/thumb/v8-m.main+fp/hard/crtbegin.o
 *(.bss*)
 .bss.hi2c2     0x2000026c       0x54 ./Core/Src/main.o
                0x2000026c                hi2c2
 .bss.hi2c3     0x200002c0       0x54 ./Core/Src/main.o
                0x200002c0                hi2c3
 .bss.hspi1     0x20000314       0x90 ./Core/Src/main.o
                0x20000314                hspi1
 .bss.hspi2     0x200003a4       0x90 ./Core/Src/main.o
                0x200003a4                hspi2
 .bss.htim8     0x20000434       0x4c ./Core/Src/main.o
                0x20000434                htim8
 .bss.handle_GPDMA1_Channel14
                0x20000480       0x78 ./Core/Src/main.o
                0x20000480                handle_GPDMA1_Channel14
 .bss.handle_GPDMA1_Channel13
                0x200004f8       0x78 ./Core/Src/main.o
                0x200004f8                handle_GPDMA1_Channel13
 .bss.handle_GPDMA1_Channel12
                0x20000570       0x78 ./Core/Src/main.o
                0x20000570                handle_GPDMA1_Channel12
 .bss.hpcd_USB_OTG_FS
                0x200005e8      0x4e4 ./Core/Src/main.o
                0x200005e8                hpcd_USB_OTG_FS
 .bss.dma_trig_test
                0x20000acc     0x8000 ./Device/Src/device_monitoring.o
                0x20000acc                dma_trig_test
 .bss.adc_1_busy
                0x20008acc        0x1 ./Device/Src/device_monitoring.o
                0x20008acc                adc_1_busy
 .bss.adc_2_busy
                0x20008acd        0x1 ./Device/Src/device_monitoring.o
                0x20008acd                adc_2_busy
 .bss.adc_3_busy
                0x20008ace        0x1 ./Device/Src/device_monitoring.o
                0x20008ace                adc_3_busy
 .bss.adc_1_full
                0x20008acf        0x1 ./Device/Src/device_monitoring.o
                0x20008acf                adc_1_full
 .bss.adc_2_full
                0x20008ad0        0x1 ./Device/Src/device_monitoring.o
                0x20008ad0                adc_2_full
 .bss.adc_3_full
                0x20008ad1        0x1 ./Device/Src/device_monitoring.o
                0x20008ad1                adc_3_full
 *fill*         0x20008ad2        0x2 
 .bss.adc_samples_1
                0x20008ad4     0x4000 ./Device/Src/run_device.o
                0x20008ad4                adc_samples_1
 .bss.adc_samples_2
                0x2000cad4     0x4000 ./Device/Src/run_device.o
                0x2000cad4                adc_samples_2
 .bss.adc_samples_3
                0x20010ad4     0x4000 ./Device/Src/run_device.o
                0x20010ad4                adc_samples_3
 .bss.device_registers
                0x20014ad4      0x400 ./Device/Src/run_device.o
                0x20014ad4                device_registers
 .bss.device_switch_network
                0x20014ed4      0x10c ./Device/Src/run_device.o
                0x20014ed4                device_switch_network
 .bss.uwTick    0x20014fe0        0x4 ./Drivers/STM32U5xx_HAL_Driver/Src/stm32u5xx_hal.o
                0x20014fe0                uwTick
 .bss.hUsbDeviceFS
                0x20014fe4      0x2d0 ./USB_Device/App/usb_device.o
                0x20014fe4                hUsbDeviceFS
 .bss.UserRxBufferFS
                0x200152b4      0x800 ./USB_Device/App/usbd_cdc_if.o
                0x200152b4                UserRxBufferFS
 .bss.UserTxBufferFS
                0x20015ab4      0x800 ./USB_Device/App/usbd_cdc_if.o
                0x20015ab4                UserTxBufferFS
 .bss.USBD_StrDesc
                0x200162b4      0x200 ./USB_Device/App/usbd_desc.o
                0x200162b4                USBD_StrDesc
 .bss.hpcd_USB_FS
                0x200164b4      0x4e4 ./USB_Device/Target/usbd_conf.o
                0x200164b4                hpcd_USB_FS
 .bss.mem.0     0x20016998      0x220 ./USB_Device/Target/usbd_conf.o
 .bss.cfgidx.0  0x20016bb8        0x1 ./USB_Lib/ST/STM32_USB_Device_Library/Core/Src/usbd_ctlreq.o
 *fill*         0x20016bb9        0x3 
 .bss.__sf      0x20016bbc      0x138 C:/ST/STM32CubeIDE_1.16.1/STM32CubeIDE/plugins/com.st.stm32cube.ide.mcu.externaltools.gnu-tools-for-stm32.12.3.rel1.win32_1.1.0.202410251130/tools/bin/../lib/gcc/arm-none-eabi/12.3.1/../../../../arm-none-eabi/lib/thumb/v8-m.main+fp/hard\libc_nano.a(libc_a-findfp.o)
                0x20016bbc                __sf
 *(COMMON)
                0x20016cf4                        _ebss = .
                0x20016cf4                        __bss_end__ = _ebss

._user_heap_stack
                0x20016cf4      0x604 load address 0x0800f4a0
                0x20016cf8                        . = ALIGN (0x8)
 *fill*         0x20016cf4        0x4 
                [!provide]                        PROVIDE (end = .)
                0x20016cf8                        PROVIDE (_end = .)
                0x20016ef8                        . = (. + _Min_Heap_Size)
 *fill*         0x20016cf8      0x200 
                0x200172f8                        . = (. + _Min_Stack_Size)
 *fill*         0x20016ef8      0x400 
                0x200172f8                        . = ALIGN (0x8)

/DISCARD/
 libc.a(*)
 libm.a(*)
 libgcc.a(*)

.ARM.attributes
                0x00000000       0x36
 *(.ARM.attributes)
 .ARM.attributes
                0x00000000       0x26 C:/ST/STM32CubeIDE_1.16.1/STM32CubeIDE/plugins/com.st.stm32cube.ide.mcu.externaltools.gnu-tools-for-stm32.12.3.rel1.win32_1.1.0.202410251130/tools/bin/../lib/gcc/arm-none-eabi/12.3.1/thumb/v8-m.main+fp/hard/crti.o
 .ARM.attributes
                0x00000026       0x38 C:/ST/STM32CubeIDE_1.16.1/STM32CubeIDE/plugins/com.st.stm32cube.ide.mcu.externaltools.gnu-tools-for-stm32.12.3.rel1.win32_1.1.0.202410251130/tools/bin/../lib/gcc/arm-none-eabi/12.3.1/thumb/v8-m.main+fp/hard/crtbegin.o
 .ARM.attributes
                0x0000005e       0x3a ./Core/Src/main.o
 .ARM.attributes
                0x00000098       0x3a ./Core/Src/stm32u5xx_hal_msp.o
 .ARM.attributes
                0x000000d2       0x3a ./Core/Src/stm32u5xx_it.o
 .ARM.attributes
                0x0000010c       0x3a ./Core/Src/system_stm32u5xx.o
 .ARM.attributes
                0x00000146       0x24 ./Core/Startup/startup_stm32u575zitx.o
 .ARM.attributes
                0x0000016a       0x3a ./Device/Src/device_monitoring.o
 .ARM.attributes
                0x000001a4       0x3a ./Device/Src/device_registers.o
 .ARM.attributes
                0x000001de       0x3a ./Device/Src/device_sourcing.o
 .ARM.attributes
                0x00000218       0x3a ./Device/Src/measurement_routines.o
 .ARM.attributes
                0x00000252       0x3a ./Device/Src/run_device.o
 .ARM.attributes
                0x0000028c       0x3a ./Device/Src/switch_network.o
 .ARM.attributes
                0x000002c6       0x3a ./Drivers/STM32U5xx_HAL_Driver/Src/stm32u5xx_hal.o
 .ARM.attributes
                0x00000300       0x3a ./Drivers/STM32U5xx_HAL_Driver/Src/stm32u5xx_hal_cortex.o
 .ARM.attributes
                0x0000033a       0x3a ./Drivers/STM32U5xx_HAL_Driver/Src/stm32u5xx_hal_dma.o
 .ARM.attributes
                0x00000374       0x3a ./Drivers/STM32U5xx_HAL_Driver/Src/stm32u5xx_hal_gpio.o
 .ARM.attributes
                0x000003ae       0x3a ./Drivers/STM32U5xx_HAL_Driver/Src/stm32u5xx_hal_i2c.o
 .ARM.attributes
                0x000003e8       0x3a ./Drivers/STM32U5xx_HAL_Driver/Src/stm32u5xx_hal_i2c_ex.o
 .ARM.attributes
                0x00000422       0x3a ./Drivers/STM32U5xx_HAL_Driver/Src/stm32u5xx_hal_icache.o
 .ARM.attributes
                0x0000045c       0x3a ./Drivers/STM32U5xx_HAL_Driver/Src/stm32u5xx_hal_pcd.o
 .ARM.attributes
                0x00000496       0x3a ./Drivers/STM32U5xx_HAL_Driver/Src/stm32u5xx_hal_pcd_ex.o
 .ARM.attributes
                0x000004d0       0x3a ./Drivers/STM32U5xx_HAL_Driver/Src/stm32u5xx_hal_pwr_ex.o
 .ARM.attributes
                0x0000050a       0x3a ./Drivers/STM32U5xx_HAL_Driver/Src/stm32u5xx_hal_rcc.o
 .ARM.attributes
                0x00000544       0x3a ./Drivers/STM32U5xx_HAL_Driver/Src/stm32u5xx_hal_rcc_ex.o
 .ARM.attributes
                0x0000057e       0x3a ./Drivers/STM32U5xx_HAL_Driver/Src/stm32u5xx_hal_spi.o
 .ARM.attributes
                0x000005b8       0x3a ./Drivers/STM32U5xx_HAL_Driver/Src/stm32u5xx_hal_spi_ex.o
 .ARM.attributes
                0x000005f2       0x3a ./Drivers/STM32U5xx_HAL_Driver/Src/stm32u5xx_hal_tim.o
 .ARM.attributes
                0x0000062c       0x3a ./Drivers/STM32U5xx_HAL_Driver/Src/stm32u5xx_hal_tim_ex.o
 .ARM.attributes
                0x00000666       0x3a ./Drivers/STM32U5xx_HAL_Driver/Src/stm32u5xx_ll_usb.o
 .ARM.attributes
                0x000006a0       0x3a ./USB_Device/App/usb_device.o
 .ARM.attributes
                0x000006da       0x3a ./USB_Device/App/usbd_cdc_if.o
 .ARM.attributes
                0x00000714       0x3a ./USB_Device/App/usbd_desc.o
 .ARM.attributes
                0x0000074e       0x3a ./USB_Device/Target/usbd_conf.o
 .ARM.attributes
                0x00000788       0x3a ./USB_Lib/ST/STM32_USB_Device_Library/Class/CDC/Src/usbd_cdc.o
 .ARM.attributes
                0x000007c2       0x3a ./USB_Lib/ST/STM32_USB_Device_Library/Core/Src/usbd_core.o
 .ARM.attributes
                0x000007fc       0x3a ./USB_Lib/ST/STM32_USB_Device_Library/Core/Src/usbd_ctlreq.o
 .ARM.attributes
                0x00000836       0x3a ./USB_Lib/ST/STM32_USB_Device_Library/Core/Src/usbd_ioreq.o
 .ARM.attributes
                0x00000870       0x38 C:/ST/STM32CubeIDE_1.16.1/STM32CubeIDE/plugins/com.st.stm32cube.ide.mcu.externaltools.gnu-tools-for-stm32.12.3.rel1.win32_1.1.0.202410251130/tools/bin/../lib/gcc/arm-none-eabi/12.3.1/../../../../arm-none-eabi/lib/thumb/v8-m.main+fp/hard\libc_nano.a(libc_a-findfp.o)
 .ARM.attributes
                0x000008a8       0x38 C:/ST/STM32CubeIDE_1.16.1/STM32CubeIDE/plugins/com.st.stm32cube.ide.mcu.externaltools.gnu-tools-for-stm32.12.3.rel1.win32_1.1.0.202410251130/tools/bin/../lib/gcc/arm-none-eabi/12.3.1/../../../../arm-none-eabi/lib/thumb/v8-m.main+fp/hard\libc_nano.a(libc_a-memset.o)
 .ARM.attributes
                0x000008e0       0x38 C:/ST/STM32CubeIDE_1.16.1/STM32CubeIDE/plugins/com.st.stm32cube.ide.mcu.externaltools.gnu-tools-for-stm32.12.3.rel1.win32_1.1.0.202410251130/tools/bin/../lib/gcc/arm-none-eabi/12.3.1/../../../../arm-none-eabi/lib/thumb/v8-m.main+fp/hard\libc_nano.a(libc_a-impure.o)
 .ARM.attributes
                0x00000918       0x38 C:/ST/STM32CubeIDE_1.16.1/STM32CubeIDE/plugins/com.st.stm32cube.ide.mcu.externaltools.gnu-tools-for-stm32.12.3.rel1.win32_1.1.0.202410251130/tools/bin/../lib/gcc/arm-none-eabi/12.3.1/../../../../arm-none-eabi/lib/thumb/v8-m.main+fp/hard\libc_nano.a(libc_a-errno.o)
 .ARM.attributes
                0x00000950       0x38 C:/ST/STM32CubeIDE_1.16.1/STM32CubeIDE/plugins/com.st.stm32cube.ide.mcu.externaltools.gnu-tools-for-stm32.12.3.rel1.win32_1.1.0.202410251130/tools/bin/../lib/gcc/arm-none-eabi/12.3.1/../../../../arm-none-eabi/lib/thumb/v8-m.main+fp/hard\libc_nano.a(libc_a-init.o)
 .ARM.attributes
                0x00000988       0x38 C:/ST/STM32CubeIDE_1.16.1/STM32CubeIDE/plugins/com.st.stm32cube.ide.mcu.externaltools.gnu-tools-for-stm32.12.3.rel1.win32_1.1.0.202410251130/tools/bin/../lib/gcc/arm-none-eabi/12.3.1/../../../../arm-none-eabi/lib/thumb/v8-m.main+fp/hard\libm.a(libm_a-w_pow.o)
 .ARM.attributes