18:24:30 **** Incremental Build of configuration Debug for project DeviceProcessor ****
make -j12 all 
arm-none-eabi-gcc "../Device/Src/run_device.c" -mcpu=cortex-m33 -std=gnu11 -g3 -DDEBUG -DUSE_FULL_LL_DRIVER -DUSE_HAL_DRIVER -DSTM32U575xx -c -I../Core/Inc -I../Drivers/STM32U5xx_HAL_Driver/Inc -I../Drivers/STM32U5xx_HAL_Driver/Inc/Legacy -I../Drivers/CMSIS/Device/ST/STM32U5xx/Include -I../Drivers/CMSIS/Include -O0 -ffunction-sections -fdata-sections -Wall -fstack-usage -fcyclomatic-complexity -MMD -MP -MF"Device/Src/run_device.d" -MT"Device/Src/run_device.o" --specs=nano.specs -mfpu=fpv5-sp-d16 -mfloat-abi=hard -mthumb -o "Device/Src/run_device.o"
../Device/Src/run_device.c: In function 'run_device':
../Device/Src/run_device.c:49:18: warning: variable 'dmaValCheck2' set but not used [-Wunused-but-set-variable]
   49 |         uint16_t dmaValCheck2[500];
      |                  ^~~~~~~~~~~~
../Device/Src/run_device.c:48:18: warning: variable 'dmaValCheck' set but not used [-Wunused-but-set-variable]
   48 |         uint16_t dmaValCheck[500];
      |                  ^~~~~~~~~~~
arm-none-eabi-gcc -o "DeviceProcessor.elf" @"objects.list"   -mcpu=cortex-m33 -T"C:\UBC_4TH_YEAR\ELEC-491\JY-85\project\JY85\Firmware\DeviceProcessor\STM32U575ZITXQ_FLASH.ld" --specs=nosys.specs -Wl,-Map="DeviceProcessor.map" -Wl,--gc-sections -static --specs=nano.specs -mfpu=fpv5-sp-d16 -mfloat-abi=hard -mthumb -Wl,--start-group -lc -lm -Wl,--end-group
Finished building target: DeviceProcessor.elf
 
arm-none-eabi-size  DeviceProcessor.elf 
arm-none-eabi-objdump -h -S DeviceProcessor.elf  > "DeviceProcessor.list"
   text	   data	    bss	    dec	    hex	filename
  50604	     25	   4844	  55473	   d8b1	DeviceProcessor.elf
Finished building: default.size.stdout
 
Finished building: DeviceProcessor.list
 

18:24:35 Build Finished. 0 errors, 2 warnings. (took 5s.626ms)

