../Drivers/STM32U5xx_HAL_Driver/Inc/stm32u5xx_ll_bus.h:845:22:LL_AHB2_GRP1_EnableClock	24	static
../Drivers/STM32U5xx_HAL_Driver/Inc/stm32u5xx_ll_bus.h:1895:22:LL_APB1_GRP2_EnableClock	24	static
../Core/Src/main.c:90:5:main	1016	static
../Core/Src/main.c:165:6:SystemClock_Config	128	static
../Core/Src/main.c:227:13:SystemPower_Config	8	static
../Core/Src/main.c:247:13:MX_ADC1_Init	8	static
../Core/Src/main.c:291:13:MX_FLASH_Init	8	static
../Core/Src/main.c:320:13:MX_GPDMA1_Init	16	static
../Core/Src/main.c:348:13:MX_ICACHE_Init	8	static
../Core/Src/main.c:380:13:MX_SPI1_Init	24	static
../Core/Src/main.c:437:13:MX_TIM8_Init	120	static
../Core/Src/main.c:519:13:MX_TIM15_Init	40	static
../Core/Src/main.c:565:13:MX_TIM16_Init	88	static
../Core/Src/main.c:628:13:MX_TIM17_Init	88	static
../Core/Src/main.c:691:13:MX_UCPD1_Init	32	static
../Core/Src/main.c:733:13:MX_USART1_UART_Init	8	static
../Core/Src/main.c:781:13:MX_USB_OTG_FS_PCD_Init	8	static
../Core/Src/main.c:817:13:MX_GPIO_Init	56	static
../Core/Src/main.c:935:6:Error_Handler	4	static,ignoring_inline_asm
